<?xml version="1.0"?>
<link_info>
   <banner>TI ARM Linker Unix v15.12.1.LTS</banner>
   <copyright>Copyright (c) 1996-2015 Texas Instruments Incorporated</copyright>
   <link_time>0x5991e8d1</link_time>
   <link_errors>0x0</link_errors>
   <output_file>Modbus-Slave.out</output_file>
   <entry_point>
      <name>_c_int00</name>
      <address>0x204c59</address>
   </entry_point>
   <input_file_list>
      <input_file id="fl-2">
         <path>./F28M35H52C_System/driverlib/</path>
         <kind>object</kind>
         <file>can.obj</file>
         <name>can.obj</name>
      </input_file>
      <input_file id="fl-3">
         <path>./F28M35H52C_System/driverlib/</path>
         <kind>object</kind>
         <file>cpu.obj</file>
         <name>cpu.obj</name>
      </input_file>
      <input_file id="fl-4">
         <path>./F28M35H52C_System/driverlib/</path>
         <kind>object</kind>
         <file>dcsm.obj</file>
         <name>dcsm.obj</name>
      </input_file>
      <input_file id="fl-5">
         <path>./F28M35H52C_System/driverlib/</path>
         <kind>object</kind>
         <file>dcsm_z1_secvalues.obj</file>
         <name>dcsm_z1_secvalues.obj</name>
      </input_file>
      <input_file id="fl-6">
         <path>./F28M35H52C_System/driverlib/</path>
         <kind>object</kind>
         <file>dcsm_z2_secvalues.obj</file>
         <name>dcsm_z2_secvalues.obj</name>
      </input_file>
      <input_file id="fl-7">
         <path>./F28M35H52C_System/driverlib/</path>
         <kind>object</kind>
         <file>epi.obj</file>
         <name>epi.obj</name>
      </input_file>
      <input_file id="fl-8">
         <path>./F28M35H52C_System/driverlib/</path>
         <kind>object</kind>
         <file>ethernet.obj</file>
         <name>ethernet.obj</name>
      </input_file>
      <input_file id="fl-9">
         <path>./F28M35H52C_System/driverlib/</path>
         <kind>object</kind>
         <file>flash.obj</file>
         <name>flash.obj</name>
      </input_file>
      <input_file id="fl-a">
         <path>./F28M35H52C_System/driverlib/</path>
         <kind>object</kind>
         <file>gpio.obj</file>
         <name>gpio.obj</name>
      </input_file>
      <input_file id="fl-b">
         <path>./F28M35H52C_System/driverlib/</path>
         <kind>object</kind>
         <file>hwbist.obj</file>
         <name>hwbist.obj</name>
      </input_file>
      <input_file id="fl-c">
         <path>./F28M35H52C_System/driverlib/</path>
         <kind>object</kind>
         <file>hwbistcontext.obj</file>
         <name>hwbistcontext.obj</name>
      </input_file>
      <input_file id="fl-d">
         <path>./F28M35H52C_System/driverlib/</path>
         <kind>object</kind>
         <file>i2c.obj</file>
         <name>i2c.obj</name>
      </input_file>
      <input_file id="fl-e">
         <path>./F28M35H52C_System/driverlib/</path>
         <kind>object</kind>
         <file>interrupt.obj</file>
         <name>interrupt.obj</name>
      </input_file>
      <input_file id="fl-f">
         <path>./F28M35H52C_System/driverlib/</path>
         <kind>object</kind>
         <file>ipc.obj</file>
         <name>ipc.obj</name>
      </input_file>
      <input_file id="fl-10">
         <path>./F28M35H52C_System/driverlib/</path>
         <kind>object</kind>
         <file>ipc_lite.obj</file>
         <name>ipc_lite.obj</name>
      </input_file>
      <input_file id="fl-11">
         <path>./F28M35H52C_System/driverlib/</path>
         <kind>object</kind>
         <file>ipc_util.obj</file>
         <name>ipc_util.obj</name>
      </input_file>
      <input_file id="fl-12">
         <path>./F28M35H52C_System/driverlib/</path>
         <kind>object</kind>
         <file>mpu.obj</file>
         <name>mpu.obj</name>
      </input_file>
      <input_file id="fl-13">
         <path>./F28M35H52C_System/driverlib/</path>
         <kind>object</kind>
         <file>pbist.obj</file>
         <name>pbist.obj</name>
      </input_file>
      <input_file id="fl-14">
         <path>./F28M35H52C_System/driverlib/</path>
         <kind>object</kind>
         <file>ram.obj</file>
         <name>ram.obj</name>
      </input_file>
      <input_file id="fl-15">
         <path>./F28M35H52C_System/driverlib/</path>
         <kind>object</kind>
         <file>ssi.obj</file>
         <name>ssi.obj</name>
      </input_file>
      <input_file id="fl-16">
         <path>./F28M35H52C_System/driverlib/</path>
         <kind>object</kind>
         <file>sysctl.obj</file>
         <name>sysctl.obj</name>
      </input_file>
      <input_file id="fl-17">
         <path>./F28M35H52C_System/driverlib/</path>
         <kind>object</kind>
         <file>systick.obj</file>
         <name>systick.obj</name>
      </input_file>
      <input_file id="fl-18">
         <path>./F28M35H52C_System/driverlib/</path>
         <kind>object</kind>
         <file>timer.obj</file>
         <name>timer.obj</name>
      </input_file>
      <input_file id="fl-19">
         <path>./F28M35H52C_System/driverlib/</path>
         <kind>object</kind>
         <file>uart.obj</file>
         <name>uart.obj</name>
      </input_file>
      <input_file id="fl-1a">
         <path>./F28M35H52C_System/driverlib/</path>
         <kind>object</kind>
         <file>ucrc.obj</file>
         <name>ucrc.obj</name>
      </input_file>
      <input_file id="fl-1b">
         <path>./F28M35H52C_System/driverlib/</path>
         <kind>object</kind>
         <file>udma.obj</file>
         <name>udma.obj</name>
      </input_file>
      <input_file id="fl-1c">
         <path>./F28M35H52C_System/driverlib/</path>
         <kind>object</kind>
         <file>usb.obj</file>
         <name>usb.obj</name>
      </input_file>
      <input_file id="fl-1d">
         <path>./F28M35H52C_System/driverlib/</path>
         <kind>object</kind>
         <file>watchdog.obj</file>
         <name>watchdog.obj</name>
      </input_file>
      <input_file id="fl-1e">
         <path>./F28M35H52C_System/utils/</path>
         <kind>object</kind>
         <file>Fapi_UserDefinedFunctions.obj</file>
         <name>Fapi_UserDefinedFunctions.obj</name>
      </input_file>
      <input_file id="fl-1f">
         <path>./F28M35H52C_System/utils/</path>
         <kind>object</kind>
         <file>cmdline.obj</file>
         <name>cmdline.obj</name>
      </input_file>
      <input_file id="fl-20">
         <path>./F28M35H52C_System/utils/</path>
         <kind>object</kind>
         <file>cpu_usage.obj</file>
         <name>cpu_usage.obj</name>
      </input_file>
      <input_file id="fl-21">
         <path>./F28M35H52C_System/utils/</path>
         <kind>object</kind>
         <file>crc.obj</file>
         <name>crc.obj</name>
      </input_file>
      <input_file id="fl-22">
         <path>./F28M35H52C_System/utils/</path>
         <kind>object</kind>
         <file>isqrt.obj</file>
         <name>isqrt.obj</name>
      </input_file>
      <input_file id="fl-23">
         <path>./F28M35H52C_System/utils/</path>
         <kind>object</kind>
         <file>ringbuf.obj</file>
         <name>ringbuf.obj</name>
      </input_file>
      <input_file id="fl-24">
         <path>./F28M35H52C_System/utils/</path>
         <kind>object</kind>
         <file>sine.obj</file>
         <name>sine.obj</name>
      </input_file>
      <input_file id="fl-25">
         <path>./F28M35H52C_System/utils/</path>
         <kind>object</kind>
         <file>softssi.obj</file>
         <name>softssi.obj</name>
      </input_file>
      <input_file id="fl-26">
         <path>./F28M35H52C_System/utils/</path>
         <kind>object</kind>
         <file>softuart.obj</file>
         <name>softuart.obj</name>
      </input_file>
      <input_file id="fl-27">
         <path>./F28M35H52C_System/utils/</path>
         <kind>object</kind>
         <file>startup_ccs.obj</file>
         <name>startup_ccs.obj</name>
      </input_file>
      <input_file id="fl-28">
         <path>./F28M35H52C_System/utils/</path>
         <kind>object</kind>
         <file>uartsmc.obj</file>
         <name>uartsmc.obj</name>
      </input_file>
      <input_file id="fl-29">
         <path>./F28M35H52C_System/utils/</path>
         <kind>object</kind>
         <file>uartstdio.obj</file>
         <name>uartstdio.obj</name>
      </input_file>
      <input_file id="fl-2a">
         <path>./F28M35H52C_System/utils/</path>
         <kind>object</kind>
         <file>ustdlib.obj</file>
         <name>ustdlib.obj</name>
      </input_file>
      <input_file id="fl-2b">
         <path>./src/</path>
         <kind>object</kind>
         <file>A_Wellth_Main.obj</file>
         <name>A_Wellth_Main.obj</name>
      </input_file>
      <input_file id="fl-2c">
         <path>./src/</path>
         <kind>object</kind>
         <file>ModeBus_Interface.obj</file>
         <name>ModeBus_Interface.obj</name>
      </input_file>
      <input_file id="fl-2d">
         <path>./src/</path>
         <kind>object</kind>
         <file>UART_Interface.obj</file>
         <name>UART_Interface.obj</name>
      </input_file>
      <input_file id="fl-2e">
         <path>./src/</path>
         <kind>object</kind>
         <file>UART_Interrupt.obj</file>
         <name>UART_Interrupt.obj</name>
      </input_file>
      <input_file id="fl-35">
         <path>/home/preetham/ti/ccsv6/tools/compiler/ti-cgt-arm_15.12.1.LTS/lib/</path>
         <kind>archive</kind>
         <file>rtsv7M3_T_le_eabi.lib</file>
         <name>boot.obj</name>
      </input_file>
      <input_file id="fl-36">
         <path>/home/preetham/ti/ccsv6/tools/compiler/ti-cgt-arm_15.12.1.LTS/lib/</path>
         <kind>archive</kind>
         <file>rtsv7M3_T_le_eabi.lib</file>
         <name>copy_decompress_none.obj</name>
      </input_file>
      <input_file id="fl-37">
         <path>/home/preetham/ti/ccsv6/tools/compiler/ti-cgt-arm_15.12.1.LTS/lib/</path>
         <kind>archive</kind>
         <file>rtsv7M3_T_le_eabi.lib</file>
         <name>copy_decompress_rle.obj</name>
      </input_file>
      <input_file id="fl-38">
         <path>/home/preetham/ti/ccsv6/tools/compiler/ti-cgt-arm_15.12.1.LTS/lib/</path>
         <kind>archive</kind>
         <file>rtsv7M3_T_le_eabi.lib</file>
         <name>copy_zero_init.obj</name>
      </input_file>
      <input_file id="fl-39">
         <path>/home/preetham/ti/ccsv6/tools/compiler/ti-cgt-arm_15.12.1.LTS/lib/</path>
         <kind>archive</kind>
         <file>rtsv7M3_T_le_eabi.lib</file>
         <name>exit.obj</name>
      </input_file>
      <input_file id="fl-3a">
         <path>/home/preetham/ti/ccsv6/tools/compiler/ti-cgt-arm_15.12.1.LTS/lib/</path>
         <kind>archive</kind>
         <file>rtsv7M3_T_le_eabi.lib</file>
         <name>fs_div_t2.obj</name>
      </input_file>
      <input_file id="fl-3b">
         <path>/home/preetham/ti/ccsv6/tools/compiler/ti-cgt-arm_15.12.1.LTS/lib/</path>
         <kind>archive</kind>
         <file>rtsv7M3_T_le_eabi.lib</file>
         <name>i_tofs_t2.obj</name>
      </input_file>
      <input_file id="fl-3c">
         <path>/home/preetham/ti/ccsv6/tools/compiler/ti-cgt-arm_15.12.1.LTS/lib/</path>
         <kind>archive</kind>
         <file>rtsv7M3_T_le_eabi.lib</file>
         <name>memcpy_t2.obj</name>
      </input_file>
      <input_file id="fl-3d">
         <path>/home/preetham/ti/ccsv6/tools/compiler/ti-cgt-arm_15.12.1.LTS/lib/</path>
         <kind>archive</kind>
         <file>rtsv7M3_T_le_eabi.lib</file>
         <name>memset_t2.obj</name>
      </input_file>
      <input_file id="fl-3e">
         <path>/home/preetham/ti/ccsv6/tools/compiler/ti-cgt-arm_15.12.1.LTS/lib/</path>
         <kind>archive</kind>
         <file>rtsv7M3_T_le_eabi.lib</file>
         <name>mpu_init.obj</name>
      </input_file>
      <input_file id="fl-3f">
         <path>/home/preetham/ti/ccsv6/tools/compiler/ti-cgt-arm_15.12.1.LTS/lib/</path>
         <kind>archive</kind>
         <file>rtsv7M3_T_le_eabi.lib</file>
         <name>pre_init.obj</name>
      </input_file>
      <input_file id="fl-40">
         <path>/home/preetham/ti/ccsv6/tools/compiler/ti-cgt-arm_15.12.1.LTS/lib/</path>
         <kind>archive</kind>
         <file>rtsv7M3_T_le_eabi.lib</file>
         <name>sscanf.obj</name>
      </input_file>
      <input_file id="fl-41">
         <path>/home/preetham/ti/ccsv6/tools/compiler/ti-cgt-arm_15.12.1.LTS/lib/</path>
         <kind>archive</kind>
         <file>rtsv7M3_T_le_eabi.lib</file>
         <name>stkdepth_vars.obj</name>
      </input_file>
      <input_file id="fl-42">
         <path>/home/preetham/ti/ccsv6/tools/compiler/ti-cgt-arm_15.12.1.LTS/lib/</path>
         <kind>archive</kind>
         <file>rtsv7M3_T_le_eabi.lib</file>
         <name>strcmp.obj</name>
      </input_file>
      <input_file id="fl-43">
         <path>/home/preetham/ti/ccsv6/tools/compiler/ti-cgt-arm_15.12.1.LTS/lib/</path>
         <kind>archive</kind>
         <file>rtsv7M3_T_le_eabi.lib</file>
         <name>strlen.obj</name>
      </input_file>
      <input_file id="fl-44">
         <path>/home/preetham/ti/ccsv6/tools/compiler/ti-cgt-arm_15.12.1.LTS/lib/</path>
         <kind>archive</kind>
         <file>rtsv7M3_T_le_eabi.lib</file>
         <name>strncmp.obj</name>
      </input_file>
      <input_file id="fl-45">
         <path>/home/preetham/ti/ccsv6/tools/compiler/ti-cgt-arm_15.12.1.LTS/lib/</path>
         <kind>archive</kind>
         <file>rtsv7M3_T_le_eabi.lib</file>
         <name>strncpy.obj</name>
      </input_file>
      <input_file id="fl-46">
         <path>/home/preetham/ti/ccsv6/tools/compiler/ti-cgt-arm_15.12.1.LTS/lib/</path>
         <kind>archive</kind>
         <file>rtsv7M3_T_le_eabi.lib</file>
         <name>u_divt2.obj</name>
      </input_file>
      <input_file id="fl-47">
         <path>/home/preetham/ti/ccsv6/tools/compiler/ti-cgt-arm_15.12.1.LTS/lib/</path>
         <kind>archive</kind>
         <file>rtsv7M3_T_le_eabi.lib</file>
         <name>u_tofs_t2.obj</name>
      </input_file>
      <input_file id="fl-48">
         <path>/home/preetham/ti/ccsv6/tools/compiler/ti-cgt-arm_15.12.1.LTS/lib/</path>
         <kind>archive</kind>
         <file>rtsv7M3_T_le_eabi.lib</file>
         <name>_lock.obj</name>
      </input_file>
      <input_file id="fl-49">
         <path>/home/preetham/ti/ccsv6/tools/compiler/ti-cgt-arm_15.12.1.LTS/lib/</path>
         <kind>archive</kind>
         <file>rtsv7M3_T_le_eabi.lib</file>
         <name>_scanfi.obj</name>
      </input_file>
      <input_file id="fl-4a">
         <path>/home/preetham/ti/ccsv6/tools/compiler/ti-cgt-arm_15.12.1.LTS/lib/</path>
         <kind>archive</kind>
         <file>rtsv7M3_T_le_eabi.lib</file>
         <name>args_main.obj</name>
      </input_file>
      <input_file id="fl-4b">
         <path>/home/preetham/ti/ccsv6/tools/compiler/ti-cgt-arm_15.12.1.LTS/lib/</path>
         <kind>archive</kind>
         <file>rtsv7M3_T_le_eabi.lib</file>
         <name>atoi.obj</name>
      </input_file>
      <input_file id="fl-4c">
         <path>/home/preetham/ti/ccsv6/tools/compiler/ti-cgt-arm_15.12.1.LTS/lib/</path>
         <kind>archive</kind>
         <file>rtsv7M3_T_le_eabi.lib</file>
         <name>autoinit.obj</name>
      </input_file>
      <input_file id="fl-4d">
         <path>/home/preetham/ti/ccsv6/tools/compiler/ti-cgt-arm_15.12.1.LTS/lib/</path>
         <kind>archive</kind>
         <file>rtsv7M3_T_le_eabi.lib</file>
         <name>cpy_tbl.obj</name>
      </input_file>
      <input_file id="fl-4e">
         <path>/home/preetham/ti/ccsv6/tools/compiler/ti-cgt-arm_15.12.1.LTS/lib/</path>
         <kind>archive</kind>
         <file>rtsv7M3_T_le_eabi.lib</file>
         <name>ctype.obj</name>
      </input_file>
      <input_file id="fl-4f">
         <path>/home/preetham/ti/ccsv6/tools/compiler/ti-cgt-arm_15.12.1.LTS/lib/</path>
         <kind>archive</kind>
         <file>rtsv7M3_T_le_eabi.lib</file>
         <name>fd_tos_t2.obj</name>
      </input_file>
      <input_file id="fl-50">
         <path>/home/preetham/ti/ccsv6/tools/compiler/ti-cgt-arm_15.12.1.LTS/lib/</path>
         <kind>archive</kind>
         <file>rtsv7M3_T_le_eabi.lib</file>
         <name>i_div0.obj</name>
      </input_file>
      <input_file id="fl-51">
         <path>/home/preetham/ti/ccsv6/tools/compiler/ti-cgt-arm_15.12.1.LTS/lib/</path>
         <kind>archive</kind>
         <file>rtsv7M3_T_le_eabi.lib</file>
         <name>startup.obj</name>
      </input_file>
      <input_file id="fl-52">
         <path>/home/preetham/ti/ccsv6/tools/compiler/ti-cgt-arm_15.12.1.LTS/lib/</path>
         <kind>archive</kind>
         <file>rtsv7M3_T_le_eabi.lib</file>
         <name>strchr.obj</name>
      </input_file>
      <input_file id="fl-53">
         <path>/home/preetham/ti/ccsv6/tools/compiler/ti-cgt-arm_15.12.1.LTS/lib/</path>
         <kind>archive</kind>
         <file>rtsv7M3_T_le_eabi.lib</file>
         <name>strcpy.obj</name>
      </input_file>
      <input_file id="fl-54">
         <path>/home/preetham/ti/ccsv6/tools/compiler/ti-cgt-arm_15.12.1.LTS/lib/</path>
         <kind>archive</kind>
         <file>rtsv7M3_T_le_eabi.lib</file>
         <name>strrchr.obj</name>
      </input_file>
      <input_file id="fl-55">
         <path>/home/preetham/ti/ccsv6/tools/compiler/ti-cgt-arm_15.12.1.LTS/lib/</path>
         <kind>archive</kind>
         <file>rtsv7M3_T_le_eabi.lib</file>
         <name>strtod.obj</name>
      </input_file>
      <input_file id="fl-56">
         <path>/home/preetham/ti/ccsv6/tools/compiler/ti-cgt-arm_15.12.1.LTS/lib/</path>
         <kind>archive</kind>
         <file>rtsv7M3_T_le_eabi.lib</file>
         <name>strtol.obj</name>
      </input_file>
      <input_file id="fl-57">
         <path>/home/preetham/ti/ccsv6/tools/compiler/ti-cgt-arm_15.12.1.LTS/lib/</path>
         <kind>archive</kind>
         <file>rtsv7M3_T_le_eabi.lib</file>
         <name>strtoll.obj</name>
      </input_file>
      <input_file id="fl-58">
         <path>/home/preetham/ti/ccsv6/tools/compiler/ti-cgt-arm_15.12.1.LTS/lib/</path>
         <kind>archive</kind>
         <file>rtsv7M3_T_le_eabi.lib</file>
         <name>strtoul.obj</name>
      </input_file>
      <input_file id="fl-59">
         <path>/home/preetham/ti/ccsv6/tools/compiler/ti-cgt-arm_15.12.1.LTS/lib/</path>
         <kind>archive</kind>
         <file>rtsv7M3_T_le_eabi.lib</file>
         <name>strtoull.obj</name>
      </input_file>
      <input_file id="fl-5a">
         <path>/home/preetham/ti/ccsv6/tools/compiler/ti-cgt-arm_15.12.1.LTS/lib/</path>
         <kind>archive</kind>
         <file>rtsv7M3_T_le_eabi.lib</file>
         <name>ull_div_t2.obj</name>
      </input_file>
      <input_file id="fl-5b">
         <path>/home/preetham/ti/ccsv6/tools/compiler/ti-cgt-arm_15.12.1.LTS/lib/</path>
         <kind>archive</kind>
         <file>rtsv7M3_T_le_eabi.lib</file>
         <name>errno.obj</name>
      </input_file>
      <input_file id="fl-5c">
         <path>/home/preetham/ti/ccsv6/tools/compiler/ti-cgt-arm_15.12.1.LTS/lib/</path>
         <kind>archive</kind>
         <file>rtsv7M3_T_le_eabi.lib</file>
         <name>fd_add_t2.obj</name>
      </input_file>
      <input_file id="fl-5d">
         <path>/home/preetham/ti/ccsv6/tools/compiler/ti-cgt-arm_15.12.1.LTS/lib/</path>
         <kind>archive</kind>
         <file>rtsv7M3_T_le_eabi.lib</file>
         <name>fd_cmp_t2.obj</name>
      </input_file>
      <input_file id="fl-5e">
         <path>/home/preetham/ti/ccsv6/tools/compiler/ti-cgt-arm_15.12.1.LTS/lib/</path>
         <kind>archive</kind>
         <file>rtsv7M3_T_le_eabi.lib</file>
         <name>fd_div_t2.obj</name>
      </input_file>
      <input_file id="fl-5f">
         <path>/home/preetham/ti/ccsv6/tools/compiler/ti-cgt-arm_15.12.1.LTS/lib/</path>
         <kind>archive</kind>
         <file>rtsv7M3_T_le_eabi.lib</file>
         <name>fd_mul_t2.obj</name>
      </input_file>
      <input_file id="fl-60">
         <path>/home/preetham/ti/ccsv6/tools/compiler/ti-cgt-arm_15.12.1.LTS/lib/</path>
         <kind>archive</kind>
         <file>rtsv7M3_T_le_eabi.lib</file>
         <name>ll_mul_t2.obj</name>
      </input_file>
   </input_file_list>
   <object_component_list>
      <object_component id="oc-1e">
         <name>.intvecs</name>
         <load_address>0x201000</load_address>
         <run_address>0x201000</run_address>
         <size>0x1b0</size>
         <input_file_ref idref="fl-27"/>
      </object_component>
      <object_component id="oc-43">
         <name>.resetisr:ResetISR</name>
         <load_address>0x200030</load_address>
         <run_address>0x200030</run_address>
         <size>0x6</size>
         <input_file_ref idref="fl-27"/>
      </object_component>
      <object_component id="oc-161">
         <name>.text:SysCtlClockPllConfig</name>
         <load_address>0x204000</load_address>
         <run_address>0x204000</run_address>
         <size>0x18c</size>
         <input_file_ref idref="fl-16"/>
      </object_component>
      <object_component id="oc-167">
         <name>.text:SysCtlClockDividersSet</name>
         <load_address>0x20418c</load_address>
         <run_address>0x20418c</run_address>
         <size>0x148</size>
         <input_file_ref idref="fl-16"/>
      </object_component>
      <object_component id="oc-18c">
         <name>.text:SysCtlClockGet</name>
         <load_address>0x2042d4</load_address>
         <run_address>0x2042d4</run_address>
         <size>0xd4</size>
         <input_file_ref idref="fl-16"/>
      </object_component>
      <object_component id="oc-19e">
         <name>.text:IntEnable</name>
         <load_address>0x2043a8</load_address>
         <run_address>0x2043a8</run_address>
         <size>0xac</size>
         <input_file_ref idref="fl-e"/>
      </object_component>
      <object_component id="oc-1eb">
         <name>.text:GPIOPadConfigSet</name>
         <load_address>0x204454</load_address>
         <run_address>0x204454</run_address>
         <size>0xa6</size>
         <input_file_ref idref="fl-a"/>
      </object_component>
      <object_component id="oc-4f">
         <name>.text:FaultISR</name>
         <load_address>0x2044fa</load_address>
         <run_address>0x2044fa</run_address>
         <size>0x2</size>
         <input_file_ref idref="fl-27"/>
      </object_component>
      <object_component id="oc-180">
         <name>.text:GPIOPinConfigure</name>
         <load_address>0x2044fc</load_address>
         <run_address>0x2044fc</run_address>
         <size>0xa4</size>
         <input_file_ref idref="fl-a"/>
      </object_component>
      <object_component id="oc-5e">
         <name>.text</name>
         <load_address>0x2045a0</load_address>
         <run_address>0x2045a0</run_address>
         <size>0x9c</size>
         <input_file_ref idref="fl-3c"/>
      </object_component>
      <object_component id="oc-1ba">
         <name>.text:SysCtlClockConfigGet</name>
         <load_address>0x20463c</load_address>
         <run_address>0x20463c</run_address>
         <size>0x94</size>
         <input_file_ref idref="fl-16"/>
      </object_component>
      <object_component id="oc-16d">
         <name>.text:SysCtlXPllClockDividerSet</name>
         <load_address>0x2046d0</load_address>
         <run_address>0x2046d0</run_address>
         <size>0x90</size>
         <input_file_ref idref="fl-16"/>
      </object_component>
      <object_component id="oc-77">
         <name>.text</name>
         <load_address>0x204760</load_address>
         <run_address>0x204760</run_address>
         <size>0x7a</size>
         <input_file_ref idref="fl-3d"/>
      </object_component>
      <object_component id="oc-192">
         <name>.text:UARTConfigSetExpClk</name>
         <load_address>0x2047da</load_address>
         <run_address>0x2047da</run_address>
         <size>0x76</size>
         <input_file_ref idref="fl-19"/>
      </object_component>
      <object_component id="oc-14c">
         <name>.text:InitUART0</name>
         <load_address>0x204850</load_address>
         <run_address>0x204850</run_address>
         <size>0x74</size>
         <input_file_ref idref="fl-2d"/>
      </object_component>
      <object_component id="oc-146">
         <name>.text:InitUART1</name>
         <load_address>0x2048c4</load_address>
         <run_address>0x2048c4</run_address>
         <size>0x74</size>
         <input_file_ref idref="fl-2d"/>
      </object_component>
      <object_component id="oc-8f">
         <name>.text</name>
         <load_address>0x204938</load_address>
         <run_address>0x204938</run_address>
         <size>0x70</size>
         <input_file_ref idref="fl-4c"/>
      </object_component>
      <object_component id="oc-6a">
         <name>.text</name>
         <load_address>0x2049a8</load_address>
         <run_address>0x2049a8</run_address>
         <size>0x6a</size>
         <input_file_ref idref="fl-37"/>
      </object_component>
      <object_component id="oc-1e5">
         <name>.text:GPIODirModeSet</name>
         <load_address>0x204a12</load_address>
         <run_address>0x204a12</run_address>
         <size>0x5c</size>
         <input_file_ref idref="fl-a"/>
      </object_component>
      <object_component id="oc-55">
         <name>.text:IntDefaultHandler</name>
         <load_address>0x204a6e</load_address>
         <run_address>0x204a6e</run_address>
         <size>0x2</size>
         <input_file_ref idref="fl-27"/>
      </object_component>
      <object_component id="oc-1aa">
         <name>.text:UART1IntHandler</name>
         <load_address>0x204a70</load_address>
         <run_address>0x204a70</run_address>
         <size>0x5c</size>
         <input_file_ref idref="fl-2e"/>
      </object_component>
      <object_component id="oc-198">
         <name>.text:IntRegister</name>
         <load_address>0x204acc</load_address>
         <run_address>0x204acc</run_address>
         <size>0x58</size>
         <input_file_ref idref="fl-e"/>
      </object_component>
      <object_component id="oc-9b">
         <name>.text</name>
         <load_address>0x204b24</load_address>
         <run_address>0x204b24</run_address>
         <size>0x54</size>
         <input_file_ref idref="fl-39"/>
      </object_component>
      <object_component id="oc-13f">
         <name>.text:SysCtlClockConfigSet</name>
         <load_address>0x204b78</load_address>
         <run_address>0x204b78</run_address>
         <size>0x4c</size>
         <input_file_ref idref="fl-16"/>
      </object_component>
      <object_component id="oc-c5">
         <name>.text</name>
         <load_address>0x204bc4</load_address>
         <run_address>0x204bc4</run_address>
         <size>0x4c</size>
         <input_file_ref idref="fl-4d"/>
      </object_component>
      <object_component id="oc-174">
         <name>.text:SysCtlPeripheralEnable</name>
         <load_address>0x204c10</load_address>
         <run_address>0x204c10</run_address>
         <size>0x48</size>
         <input_file_ref idref="fl-16"/>
      </object_component>
      <object_component id="oc-33">
         <name>.text</name>
         <load_address>0x204c58</load_address>
         <run_address>0x204c58</run_address>
         <size>0x40</size>
         <input_file_ref idref="fl-35"/>
      </object_component>
      <object_component id="oc-fb">
         <name>.text:WriteToUART1</name>
         <load_address>0x204c98</load_address>
         <run_address>0x204c98</run_address>
         <size>0x3c</size>
         <input_file_ref idref="fl-2d"/>
      </object_component>
      <object_component id="oc-124">
         <name>.text:InitializeAllUart</name>
         <load_address>0x204cd4</load_address>
         <run_address>0x204cd4</run_address>
         <size>0x38</size>
         <input_file_ref idref="fl-2b"/>
      </object_component>
      <object_component id="oc-1c0">
         <name>.text:SysCtlPeripheralIsEnabled</name>
         <load_address>0x204d0c</load_address>
         <run_address>0x204d0c</run_address>
         <size>0x38</size>
         <input_file_ref idref="fl-16"/>
      </object_component>
      <object_component id="oc-1b1">
         <name>.text:UART0IntHandler</name>
         <load_address>0x204d44</load_address>
         <run_address>0x204d44</run_address>
         <size>0x34</size>
         <input_file_ref idref="fl-2e"/>
      </object_component>
      <object_component id="oc-1f3">
         <name>.text:UARTDisable</name>
         <load_address>0x204d78</load_address>
         <run_address>0x204d78</run_address>
         <size>0x30</size>
         <input_file_ref idref="fl-19"/>
      </object_component>
      <object_component id="oc-131">
         <name>.text:UARTCharPut</name>
         <load_address>0x204da8</load_address>
         <run_address>0x204da8</run_address>
         <size>0x26</size>
         <input_file_ref idref="fl-19"/>
      </object_component>
      <object_component id="oc-d3">
         <name>.text:main</name>
         <load_address>0x204dce</load_address>
         <run_address>0x204dce</run_address>
         <size>0x26</size>
         <input_file_ref idref="fl-2b"/>
      </object_component>
      <object_component id="oc-186">
         <name>.text:GPIOPinTypeUART</name>
         <load_address>0x204df4</load_address>
         <run_address>0x204df4</run_address>
         <size>0x22</size>
         <input_file_ref idref="fl-a"/>
      </object_component>
      <object_component id="oc-207">
         <name>.text:UARTIntStatus</name>
         <load_address>0x204e16</load_address>
         <run_address>0x204e16</run_address>
         <size>0x1e</size>
         <input_file_ref idref="fl-19"/>
      </object_component>
      <object_component id="oc-11e">
         <name>.text:InitSystem</name>
         <load_address>0x204e34</load_address>
         <run_address>0x204e34</run_address>
         <size>0x1c</size>
         <input_file_ref idref="fl-2d"/>
      </object_component>
      <object_component id="oc-1f9">
         <name>.text:UARTEnable</name>
         <load_address>0x204e50</load_address>
         <run_address>0x204e50</run_address>
         <size>0x18</size>
         <input_file_ref idref="fl-19"/>
      </object_component>
      <object_component id="oc-1a4">
         <name>.text:UARTIntEnable</name>
         <load_address>0x204e68</load_address>
         <run_address>0x204e68</run_address>
         <size>0x18</size>
         <input_file_ref idref="fl-19"/>
      </object_component>
      <object_component id="oc-12b">
         <name>.text:UARTSpaceAvail</name>
         <load_address>0x204e80</load_address>
         <run_address>0x204e80</run_address>
         <size>0x18</size>
         <input_file_ref idref="fl-19"/>
      </object_component>
      <object_component id="oc-95">
         <name>.text</name>
         <load_address>0x204e98</load_address>
         <run_address>0x204e98</run_address>
         <size>0x18</size>
         <input_file_ref idref="fl-4a"/>
      </object_component>
      <object_component id="oc-20d">
         <name>.text:UARTCharGet</name>
         <load_address>0x204eb0</load_address>
         <run_address>0x204eb0</run_address>
         <size>0x16</size>
         <input_file_ref idref="fl-19"/>
      </object_component>
      <object_component id="oc-49">
         <name>.text:NmiSR</name>
         <load_address>0x204ec6</load_address>
         <run_address>0x204ec6</run_address>
         <size>0x2</size>
         <input_file_ref idref="fl-27"/>
      </object_component>
      <object_component id="oc-10b">
         <name>.text</name>
         <load_address>0x204ec8</load_address>
         <run_address>0x204ec8</run_address>
         <size>0x14</size>
         <input_file_ref idref="fl-48"/>
      </object_component>
      <object_component id="oc-213">
         <name>.text:UARTIntClear</name>
         <load_address>0x204edc</load_address>
         <run_address>0x204edc</run_address>
         <size>0x12</size>
         <input_file_ref idref="fl-19"/>
      </object_component>
      <object_component id="oc-1cc">
         <name>.text:WatchdogReloadSet</name>
         <load_address>0x204eee</load_address>
         <run_address>0x204eee</run_address>
         <size>0x12</size>
         <input_file_ref idref="fl-1d"/>
      </object_component>
      <object_component id="oc-1c6">
         <name>.text:WatchdogRunning</name>
         <load_address>0x204f00</load_address>
         <run_address>0x204f00</run_address>
         <size>0x12</size>
         <input_file_ref idref="fl-1d"/>
      </object_component>
      <object_component id="oc-21">
         <name>.text:decompress:none</name>
         <load_address>0x204f12</load_address>
         <run_address>0x204f12</run_address>
         <size>0xe</size>
         <input_file_ref idref="fl-36"/>
      </object_component>
      <object_component id="oc-223">
         <name>.text:CPUcpsie</name>
         <load_address>0x204f20</load_address>
         <run_address>0x204f20</run_address>
         <size>0xc</size>
         <input_file_ref idref="fl-3"/>
      </object_component>
      <object_component id="oc-f5">
         <name>.text:CallSystem</name>
         <load_address>0x204f2c</load_address>
         <run_address>0x204f2c</run_address>
         <size>0xc</size>
         <input_file_ref idref="fl-2b"/>
      </object_component>
      <object_component id="oc-1da">
         <name>.text:IntMasterEnable</name>
         <load_address>0x204f38</load_address>
         <run_address>0x204f38</run_address>
         <size>0xa</size>
         <input_file_ref idref="fl-e"/>
      </object_component>
      <object_component id="oc-17a">
         <name>.text:InitMasterInterrupt</name>
         <load_address>0x204f42</load_address>
         <run_address>0x204f42</run_address>
         <size>0x8</size>
         <input_file_ref idref="fl-2d"/>
      </object_component>
      <object_component id="oc-83">
         <name>.text</name>
         <load_address>0x204f4a</load_address>
         <run_address>0x204f4a</run_address>
         <size>0x2</size>
         <input_file_ref idref="fl-3e"/>
      </object_component>
      <object_component id="oc-1d3">
         <name>.text:SysCtlDelay</name>
         <load_address>0x204f4c</load_address>
         <run_address>0x204f4c</run_address>
         <size>0x6</size>
         <input_file_ref idref="fl-16"/>
      </object_component>
      <object_component id="oc-27">
         <name>.text:decompress:rle24</name>
         <load_address>0x204f52</load_address>
         <run_address>0x204f52</run_address>
         <size>0x6</size>
         <input_file_ref idref="fl-37"/>
      </object_component>
      <object_component id="oc-89">
         <name>.text</name>
         <load_address>0x204f58</load_address>
         <run_address>0x204f58</run_address>
         <size>0x4</size>
         <input_file_ref idref="fl-3f"/>
      </object_component>
      <object_component id="oc-cb">
         <name>.text</name>
         <load_address>0x204f5c</load_address>
         <run_address>0x204f5c</run_address>
         <size>0x2</size>
         <input_file_ref idref="fl-51"/>
      </object_component>
      <object_component id="oc-1e1">
         <name>.const:g_pulGPIOBaseAddrs</name>
         <load_address>0x204f60</load_address>
         <run_address>0x204f60</run_address>
         <size>0x88</size>
         <input_file_ref idref="fl-a"/>
      </object_component>
      <object_component id="oc-1d6">
         <name>.const:g_pulRCGCRegs</name>
         <load_address>0x204fe8</load_address>
         <run_address>0x204fe8</run_address>
         <size>0x14</size>
         <input_file_ref idref="fl-16"/>
      </object_component>
      <object_component id="oc-26a">
         <name>.cinit..data.load</name>
         <load_address>0x205000</load_address>
         <run_address>0x205000</run_address>
         <size>0x1b</size>
      </object_component>
      <object_component id="oc-269">
         <name>.cinit..vtable.load</name>
         <load_address>0x205020</load_address>
         <run_address>0x205020</run_address>
         <size>0xb</size>
      </object_component>
      <object_component id="oc-26b">
         <name>.cinit..bss.load</name>
         <load_address>0x205030</load_address>
         <run_address>0x205030</run_address>
         <size>0x9</size>
      </object_component>
      <object_component id="oc-267">
         <name>__TI_handler_table</name>
         <load_address>0x20503c</load_address>
         <run_address>0x20503c</run_address>
         <size>0x8</size>
      </object_component>
      <object_component id="oc-268">
         <name>__TI_cinit_table</name>
         <load_address>0x205044</load_address>
         <run_address>0x205044</run_address>
         <size>0x18</size>
      </object_component>
      <object_component id="oc-200">
         <name>.vtable</name>
         <uninitialized>true</uninitialized>
         <run_address>0x20000000</run_address>
         <size>0x258</size>
         <input_file_ref idref="fl-e"/>
      </object_component>
      <object_component id="oc-137">
         <name>.data</name>
         <load_address>0x200003ac</load_address>
         <run_address>0x200003ac</run_address>
         <size>0x8</size>
         <input_file_ref idref="fl-2e"/>
      </object_component>
      <object_component id="oc-db">
         <name>.data:$O1$$</name>
         <load_address>0x20000398</load_address>
         <run_address>0x20000398</run_address>
         <size>0xc</size>
         <input_file_ref idref="fl-39"/>
      </object_component>
      <object_component id="oc-a1">
         <name>.data</name>
         <load_address>0x200003b4</load_address>
         <run_address>0x200003b4</run_address>
         <size>0x4</size>
         <input_file_ref idref="fl-41"/>
      </object_component>
      <object_component id="oc-de">
         <name>.data:$O1$$</name>
         <load_address>0x200003a4</load_address>
         <run_address>0x200003a4</run_address>
         <size>0x8</size>
         <input_file_ref idref="fl-48"/>
      </object_component>
      <object_component id="oc-21a">
         <name>.common:UART0Buffer</name>
         <uninitialized>true</uninitialized>
         <run_address>0x20000358</run_address>
         <size>0x20</size>
      </object_component>
      <object_component id="oc-152">
         <name>.common:UART1Buffer</name>
         <uninitialized>true</uninitialized>
         <run_address>0x20000378</run_address>
         <size>0x20</size>
      </object_component>
      <object_component id="oc-42">
         <name>.stack</name>
         <uninitialized>true</uninitialized>
         <run_address>0x20000258</run_address>
         <size>0x0</size>
         <input_file_ref idref="fl-35"/>
      </object_component>
      <object_component id="oc-26c">
         <name>.stack</name>
         <uninitialized>true</uninitialized>
         <run_address>0x20000258</run_address>
         <size>0x0</size>
      </object_component>
      <object_component id="oc-3e">
         <name>.z1secvalues</name>
         <load_address>0x200000</load_address>
         <run_address>0x200000</run_address>
         <size>0x24</size>
         <input_file_ref idref="fl-5"/>
      </object_component>
      <object_component id="oc-3f">
         <name>.z1_csm_rsvd</name>
         <load_address>0x200024</load_address>
         <run_address>0x200024</run_address>
         <size>0xc</size>
         <input_file_ref idref="fl-5"/>
      </object_component>
      <object_component id="oc-40">
         <name>.z2secvalues</name>
         <load_address>0x27ffdc</load_address>
         <run_address>0x27ffdc</run_address>
         <size>0x24</size>
         <input_file_ref idref="fl-6"/>
      </object_component>
      <object_component id="oc-41">
         <name>.z2_csm_rsvd</name>
         <load_address>0x27ff00</load_address>
         <run_address>0x27ff00</run_address>
         <size>0xc</size>
         <input_file_ref idref="fl-6"/>
      </object_component>
      <object_component id="oc-ab">
         <name>.debug_info</name>
         <load_address>0x0</load_address>
         <run_address>0x0</run_address>
         <size>0x84</size>
         <input_file_ref idref="fl-2"/>
      </object_component>
      <object_component id="oc-157">
         <name>.debug_info</name>
         <load_address>0x84</load_address>
         <run_address>0x84</run_address>
         <size>0x2c</size>
         <input_file_ref idref="fl-2"/>
      </object_component>
      <object_component id="oc-224">
         <name>.debug_info</name>
         <load_address>0xb0</load_address>
         <run_address>0xb0</run_address>
         <size>0x151</size>
         <input_file_ref idref="fl-3"/>
      </object_component>
      <object_component id="oc-22c">
         <name>.debug_info</name>
         <load_address>0x201</load_address>
         <run_address>0x201</run_address>
         <size>0x191</size>
         <input_file_ref idref="fl-a"/>
      </object_component>
      <object_component id="oc-1e2">
         <name>.debug_info</name>
         <load_address>0x392</load_address>
         <run_address>0x392</run_address>
         <size>0x101</size>
         <input_file_ref idref="fl-a"/>
      </object_component>
      <object_component id="oc-1e6">
         <name>.debug_info</name>
         <load_address>0x493</load_address>
         <run_address>0x493</run_address>
         <size>0x1e1</size>
         <input_file_ref idref="fl-a"/>
      </object_component>
      <object_component id="oc-1ec">
         <name>.debug_info</name>
         <load_address>0x674</load_address>
         <run_address>0x674</run_address>
         <size>0x1f0</size>
         <input_file_ref idref="fl-a"/>
      </object_component>
      <object_component id="oc-187">
         <name>.debug_info</name>
         <load_address>0x864</load_address>
         <run_address>0x864</run_address>
         <size>0x1e3</size>
         <input_file_ref idref="fl-a"/>
      </object_component>
      <object_component id="oc-181">
         <name>.debug_info</name>
         <load_address>0xa47</load_address>
         <run_address>0xa47</run_address>
         <size>0x1f8</size>
         <input_file_ref idref="fl-a"/>
      </object_component>
      <object_component id="oc-204">
         <name>.debug_info</name>
         <load_address>0xc3f</load_address>
         <run_address>0xc3f</run_address>
         <size>0x1c4</size>
         <input_file_ref idref="fl-e"/>
      </object_component>
      <object_component id="oc-201">
         <name>.debug_info</name>
         <load_address>0xe03</load_address>
         <run_address>0xe03</run_address>
         <size>0x101</size>
         <input_file_ref idref="fl-e"/>
      </object_component>
      <object_component id="oc-1db">
         <name>.debug_info</name>
         <load_address>0xf04</load_address>
         <run_address>0xf04</run_address>
         <size>0x180</size>
         <input_file_ref idref="fl-e"/>
      </object_component>
      <object_component id="oc-199">
         <name>.debug_info</name>
         <load_address>0x1084</load_address>
         <run_address>0x1084</run_address>
         <size>0x1f3</size>
         <input_file_ref idref="fl-e"/>
      </object_component>
      <object_component id="oc-19f">
         <name>.debug_info</name>
         <load_address>0x1277</load_address>
         <run_address>0x1277</run_address>
         <size>0x1a3</size>
         <input_file_ref idref="fl-e"/>
      </object_component>
      <object_component id="oc-222">
         <name>.debug_info</name>
         <load_address>0x141a</load_address>
         <run_address>0x141a</run_address>
         <size>0x191</size>
         <input_file_ref idref="fl-16"/>
      </object_component>
      <object_component id="oc-1d7">
         <name>.debug_info</name>
         <load_address>0x15ab</load_address>
         <run_address>0x15ab</run_address>
         <size>0xf9</size>
         <input_file_ref idref="fl-16"/>
      </object_component>
      <object_component id="oc-175">
         <name>.debug_info</name>
         <load_address>0x16a4</load_address>
         <run_address>0x16a4</run_address>
         <size>0x1d6</size>
         <input_file_ref idref="fl-16"/>
      </object_component>
      <object_component id="oc-1c1">
         <name>.debug_info</name>
         <load_address>0x187a</load_address>
         <run_address>0x187a</run_address>
         <size>0x1c2</size>
         <input_file_ref idref="fl-16"/>
      </object_component>
      <object_component id="oc-16e">
         <name>.debug_info</name>
         <load_address>0x1a3c</load_address>
         <run_address>0x1a3c</run_address>
         <size>0x214</size>
         <input_file_ref idref="fl-16"/>
      </object_component>
      <object_component id="oc-168">
         <name>.debug_info</name>
         <load_address>0x1c50</load_address>
         <run_address>0x1c50</run_address>
         <size>0x295</size>
         <input_file_ref idref="fl-16"/>
      </object_component>
      <object_component id="oc-162">
         <name>.debug_info</name>
         <load_address>0x1ee5</load_address>
         <run_address>0x1ee5</run_address>
         <size>0x3a6</size>
         <input_file_ref idref="fl-16"/>
      </object_component>
      <object_component id="oc-140">
         <name>.debug_info</name>
         <load_address>0x228b</load_address>
         <run_address>0x228b</run_address>
         <size>0x21a</size>
         <input_file_ref idref="fl-16"/>
      </object_component>
      <object_component id="oc-1bb">
         <name>.debug_info</name>
         <load_address>0x24a5</load_address>
         <run_address>0x24a5</run_address>
         <size>0x1ad</size>
         <input_file_ref idref="fl-16"/>
      </object_component>
      <object_component id="oc-18d">
         <name>.debug_info</name>
         <load_address>0x2652</load_address>
         <run_address>0x2652</run_address>
         <size>0x1a0</size>
         <input_file_ref idref="fl-16"/>
      </object_component>
      <object_component id="oc-193">
         <name>.debug_info</name>
         <load_address>0x27f2</load_address>
         <run_address>0x27f2</run_address>
         <size>0x25e</size>
         <input_file_ref idref="fl-19"/>
      </object_component>
      <object_component id="oc-1fa">
         <name>.debug_info</name>
         <load_address>0x2a50</load_address>
         <run_address>0x2a50</run_address>
         <size>0x182</size>
         <input_file_ref idref="fl-19"/>
      </object_component>
      <object_component id="oc-1f4">
         <name>.debug_info</name>
         <load_address>0x2bd2</load_address>
         <run_address>0x2bd2</run_address>
         <size>0x184</size>
         <input_file_ref idref="fl-19"/>
      </object_component>
      <object_component id="oc-12c">
         <name>.debug_info</name>
         <load_address>0x2d56</load_address>
         <run_address>0x2d56</run_address>
         <size>0x18e</size>
         <input_file_ref idref="fl-19"/>
      </object_component>
      <object_component id="oc-20e">
         <name>.debug_info</name>
         <load_address>0x2ee4</load_address>
         <run_address>0x2ee4</run_address>
         <size>0x188</size>
         <input_file_ref idref="fl-19"/>
      </object_component>
      <object_component id="oc-132">
         <name>.debug_info</name>
         <load_address>0x306c</load_address>
         <run_address>0x306c</run_address>
         <size>0x1af</size>
         <input_file_ref idref="fl-19"/>
      </object_component>
      <object_component id="oc-1a5">
         <name>.debug_info</name>
         <load_address>0x321b</load_address>
         <run_address>0x321b</run_address>
         <size>0x1c3</size>
         <input_file_ref idref="fl-19"/>
      </object_component>
      <object_component id="oc-208">
         <name>.debug_info</name>
         <load_address>0x33de</load_address>
         <run_address>0x33de</run_address>
         <size>0x1bb</size>
         <input_file_ref idref="fl-19"/>
      </object_component>
      <object_component id="oc-214">
         <name>.debug_info</name>
         <load_address>0x3599</load_address>
         <run_address>0x3599</run_address>
         <size>0x1c1</size>
         <input_file_ref idref="fl-19"/>
      </object_component>
      <object_component id="oc-1c7">
         <name>.debug_info</name>
         <load_address>0x375a</load_address>
         <run_address>0x375a</run_address>
         <size>0x199</size>
         <input_file_ref idref="fl-1d"/>
      </object_component>
      <object_component id="oc-1cd">
         <name>.debug_info</name>
         <load_address>0x38f3</load_address>
         <run_address>0x38f3</run_address>
         <size>0x1d0</size>
         <input_file_ref idref="fl-1d"/>
      </object_component>
      <object_component id="oc-bb">
         <name>.debug_info</name>
         <load_address>0x3ac3</load_address>
         <run_address>0x3ac3</run_address>
         <size>0x2c</size>
         <input_file_ref idref="fl-1f"/>
      </object_component>
      <object_component id="oc-5d">
         <name>.debug_info</name>
         <load_address>0x3aef</load_address>
         <run_address>0x3aef</run_address>
         <size>0x10e</size>
         <input_file_ref idref="fl-27"/>
      </object_component>
      <object_component id="oc-1f">
         <name>.debug_info</name>
         <load_address>0x3bfd</load_address>
         <run_address>0x3bfd</run_address>
         <size>0xf9</size>
         <input_file_ref idref="fl-27"/>
      </object_component>
      <object_component id="oc-44">
         <name>.debug_info</name>
         <load_address>0x3cf6</load_address>
         <run_address>0x3cf6</run_address>
         <size>0x159</size>
         <input_file_ref idref="fl-27"/>
      </object_component>
      <object_component id="oc-4a">
         <name>.debug_info</name>
         <load_address>0x3e4f</load_address>
         <run_address>0x3e4f</run_address>
         <size>0x147</size>
         <input_file_ref idref="fl-27"/>
      </object_component>
      <object_component id="oc-50">
         <name>.debug_info</name>
         <load_address>0x3f96</load_address>
         <run_address>0x3f96</run_address>
         <size>0x14d</size>
         <input_file_ref idref="fl-27"/>
      </object_component>
      <object_component id="oc-56">
         <name>.debug_info</name>
         <load_address>0x40e3</load_address>
         <run_address>0x40e3</run_address>
         <size>0x15f</size>
         <input_file_ref idref="fl-27"/>
      </object_component>
      <object_component id="oc-d4">
         <name>.debug_info</name>
         <load_address>0x4242</load_address>
         <run_address>0x4242</run_address>
         <size>0x155</size>
         <input_file_ref idref="fl-2b"/>
      </object_component>
      <object_component id="oc-f6">
         <name>.debug_info</name>
         <load_address>0x4397</load_address>
         <run_address>0x4397</run_address>
         <size>0x150</size>
         <input_file_ref idref="fl-2b"/>
      </object_component>
      <object_component id="oc-125">
         <name>.debug_info</name>
         <load_address>0x44e7</load_address>
         <run_address>0x44e7</run_address>
         <size>0x16f</size>
         <input_file_ref idref="fl-2b"/>
      </object_component>
      <object_component id="oc-13b">
         <name>.debug_info</name>
         <load_address>0x4656</load_address>
         <run_address>0x4656</run_address>
         <size>0x40e</size>
         <input_file_ref idref="fl-2d"/>
      </object_component>
      <object_component id="oc-11f">
         <name>.debug_info</name>
         <load_address>0x4a64</load_address>
         <run_address>0x4a64</run_address>
         <size>0x145</size>
         <input_file_ref idref="fl-2d"/>
      </object_component>
      <object_component id="oc-17b">
         <name>.debug_info</name>
         <load_address>0x4ba9</load_address>
         <run_address>0x4ba9</run_address>
         <size>0x152</size>
         <input_file_ref idref="fl-2d"/>
      </object_component>
      <object_component id="oc-14d">
         <name>.debug_info</name>
         <load_address>0x4cfb</load_address>
         <run_address>0x4cfb</run_address>
         <size>0x225</size>
         <input_file_ref idref="fl-2d"/>
      </object_component>
      <object_component id="oc-147">
         <name>.debug_info</name>
         <load_address>0x4f20</load_address>
         <run_address>0x4f20</run_address>
         <size>0x225</size>
         <input_file_ref idref="fl-2d"/>
      </object_component>
      <object_component id="oc-fc">
         <name>.debug_info</name>
         <load_address>0x5145</load_address>
         <run_address>0x5145</run_address>
         <size>0x18c</size>
         <input_file_ref idref="fl-2d"/>
      </object_component>
      <object_component id="oc-153">
         <name>.debug_info</name>
         <load_address>0x52d1</load_address>
         <run_address>0x52d1</run_address>
         <size>0x25c</size>
         <input_file_ref idref="fl-2e"/>
      </object_component>
      <object_component id="oc-138">
         <name>.debug_info</name>
         <load_address>0x552d</load_address>
         <run_address>0x552d</run_address>
         <size>0x14f</size>
         <input_file_ref idref="fl-2e"/>
      </object_component>
      <object_component id="oc-1b2">
         <name>.debug_info</name>
         <load_address>0x567c</load_address>
         <run_address>0x567c</run_address>
         <size>0x187</size>
         <input_file_ref idref="fl-2e"/>
      </object_component>
      <object_component id="oc-1ab">
         <name>.debug_info</name>
         <load_address>0x5803</load_address>
         <run_address>0x5803</run_address>
         <size>0x187</size>
         <input_file_ref idref="fl-2e"/>
      </object_component>
      <object_component id="oc-34">
         <name>.debug_info</name>
         <load_address>0x598a</load_address>
         <run_address>0x598a</run_address>
         <size>0x17c</size>
         <input_file_ref idref="fl-35"/>
      </object_component>
      <object_component id="oc-69">
         <name>.debug_info</name>
         <load_address>0x5b06</load_address>
         <run_address>0x5b06</run_address>
         <size>0x15c</size>
         <input_file_ref idref="fl-36"/>
      </object_component>
      <object_component id="oc-23">
         <name>.debug_info</name>
         <load_address>0x5c62</load_address>
         <run_address>0x5c62</run_address>
         <size>0x1fb</size>
         <input_file_ref idref="fl-36"/>
      </object_component>
      <object_component id="oc-64">
         <name>.debug_info</name>
         <load_address>0x5e5d</load_address>
         <run_address>0x5e5d</run_address>
         <size>0x46</size>
         <input_file_ref idref="fl-36"/>
      </object_component>
      <object_component id="oc-b1">
         <name>.debug_info</name>
         <load_address>0x5ea3</load_address>
         <run_address>0x5ea3</run_address>
         <size>0x2c</size>
         <input_file_ref idref="fl-36"/>
      </object_component>
      <object_component id="oc-71">
         <name>.debug_info</name>
         <load_address>0x5ecf</load_address>
         <run_address>0x5ecf</run_address>
         <size>0x150</size>
         <input_file_ref idref="fl-37"/>
      </object_component>
      <object_component id="oc-6d">
         <name>.debug_info</name>
         <load_address>0x601f</load_address>
         <run_address>0x601f</run_address>
         <size>0x263</size>
         <input_file_ref idref="fl-37"/>
      </object_component>
      <object_component id="oc-2a">
         <name>.debug_info</name>
         <load_address>0x6282</load_address>
         <run_address>0x6282</run_address>
         <size>0x1cd</size>
         <input_file_ref idref="fl-37"/>
      </object_component>
      <object_component id="oc-72">
         <name>.debug_info</name>
         <load_address>0x644f</load_address>
         <run_address>0x644f</run_address>
         <size>0x39</size>
         <input_file_ref idref="fl-37"/>
      </object_component>
      <object_component id="oc-e2">
         <name>.debug_info</name>
         <load_address>0x6488</load_address>
         <run_address>0x6488</run_address>
         <size>0x250</size>
         <input_file_ref idref="fl-39"/>
      </object_component>
      <object_component id="oc-dc">
         <name>.debug_info</name>
         <load_address>0x66d8</load_address>
         <run_address>0x66d8</run_address>
         <size>0x1a1</size>
         <input_file_ref idref="fl-39"/>
      </object_component>
      <object_component id="oc-9c">
         <name>.debug_info</name>
         <load_address>0x6879</load_address>
         <run_address>0x6879</run_address>
         <size>0x230</size>
         <input_file_ref idref="fl-39"/>
      </object_component>
      <object_component id="oc-5f">
         <name>.debug_info</name>
         <load_address>0x6aa9</load_address>
         <run_address>0x6aa9</run_address>
         <size>0x12d</size>
         <input_file_ref idref="fl-3c"/>
      </object_component>
      <object_component id="oc-78">
         <name>.debug_info</name>
         <load_address>0x6bd6</load_address>
         <run_address>0x6bd6</run_address>
         <size>0x15b</size>
         <input_file_ref idref="fl-3d"/>
      </object_component>
      <object_component id="oc-84">
         <name>.debug_info</name>
         <load_address>0x6d31</load_address>
         <run_address>0x6d31</run_address>
         <size>0x154</size>
         <input_file_ref idref="fl-3e"/>
      </object_component>
      <object_component id="oc-8a">
         <name>.debug_info</name>
         <load_address>0x6e85</load_address>
         <run_address>0x6e85</run_address>
         <size>0x164</size>
         <input_file_ref idref="fl-3f"/>
      </object_component>
      <object_component id="oc-a2">
         <name>.debug_info</name>
         <load_address>0x6fe9</load_address>
         <run_address>0x6fe9</run_address>
         <size>0x125</size>
         <input_file_ref idref="fl-41"/>
      </object_component>
      <object_component id="oc-113">
         <name>.debug_info</name>
         <load_address>0x710e</load_address>
         <run_address>0x710e</run_address>
         <size>0x140</size>
         <input_file_ref idref="fl-48"/>
      </object_component>
      <object_component id="oc-df">
         <name>.debug_info</name>
         <load_address>0x724e</load_address>
         <run_address>0x724e</run_address>
         <size>0x12f</size>
         <input_file_ref idref="fl-48"/>
      </object_component>
      <object_component id="oc-10c">
         <name>.debug_info</name>
         <load_address>0x737d</load_address>
         <run_address>0x737d</run_address>
         <size>0x23b</size>
         <input_file_ref idref="fl-48"/>
      </object_component>
      <object_component id="oc-da">
         <name>.debug_info</name>
         <load_address>0x75b8</load_address>
         <run_address>0x75b8</run_address>
         <size>0x182</size>
         <input_file_ref idref="fl-4a"/>
      </object_component>
      <object_component id="oc-96">
         <name>.debug_info</name>
         <load_address>0x773a</load_address>
         <run_address>0x773a</run_address>
         <size>0x183</size>
         <input_file_ref idref="fl-4a"/>
      </object_component>
      <object_component id="oc-104">
         <name>.debug_info</name>
         <load_address>0x78bd</load_address>
         <run_address>0x78bd</run_address>
         <size>0x5e</size>
         <input_file_ref idref="fl-4a"/>
      </object_component>
      <object_component id="oc-d2">
         <name>.debug_info</name>
         <load_address>0x791b</load_address>
         <run_address>0x791b</run_address>
         <size>0x305</size>
         <input_file_ref idref="fl-4c"/>
      </object_component>
      <object_component id="oc-90">
         <name>.debug_info</name>
         <load_address>0x7c20</load_address>
         <run_address>0x7c20</run_address>
         <size>0x1e6</size>
         <input_file_ref idref="fl-4c"/>
      </object_component>
      <object_component id="oc-eb">
         <name>.debug_info</name>
         <load_address>0x7e06</load_address>
         <run_address>0x7e06</run_address>
         <size>0x39</size>
         <input_file_ref idref="fl-4c"/>
      </object_component>
      <object_component id="oc-f0">
         <name>.debug_info</name>
         <load_address>0x7e3f</load_address>
         <run_address>0x7e3f</run_address>
         <size>0xcd</size>
         <input_file_ref idref="fl-4c"/>
      </object_component>
      <object_component id="oc-e7">
         <name>.debug_info</name>
         <load_address>0x7f0c</load_address>
         <run_address>0x7f0c</run_address>
         <size>0x1fc</size>
         <input_file_ref idref="fl-4d"/>
      </object_component>
      <object_component id="oc-c6">
         <name>.debug_info</name>
         <load_address>0x8108</load_address>
         <run_address>0x8108</run_address>
         <size>0x19f</size>
         <input_file_ref idref="fl-4d"/>
      </object_component>
      <object_component id="oc-119">
         <name>.debug_info</name>
         <load_address>0x82a7</load_address>
         <run_address>0x82a7</run_address>
         <size>0x2c</size>
         <input_file_ref idref="fl-4d"/>
      </object_component>
      <object_component id="oc-cc">
         <name>.debug_info</name>
         <load_address>0x82d3</load_address>
         <run_address>0x82d3</run_address>
         <size>0x161</size>
         <input_file_ref idref="fl-51"/>
      </object_component>
      <object_component id="oc-26d">
         <name>.debug_info</name>
         <load_address>0x8434</load_address>
         <run_address>0x8434</run_address>
         <size>0xa4</size>
      </object_component>
      <object_component id="oc-ae">
         <name>.debug_line</name>
         <load_address>0x0</load_address>
         <run_address>0x0</run_address>
         <size>0x20</size>
         <input_file_ref idref="fl-2"/>
      </object_component>
      <object_component id="oc-15a">
         <name>.debug_line</name>
         <load_address>0x20</load_address>
         <run_address>0x20</run_address>
         <size>0x71</size>
         <input_file_ref idref="fl-2"/>
      </object_component>
      <object_component id="oc-227">
         <name>.debug_line</name>
         <load_address>0x91</load_address>
         <run_address>0x91</run_address>
         <size>0x60</size>
         <input_file_ref idref="fl-3"/>
      </object_component>
      <object_component id="oc-23c">
         <name>.debug_line</name>
         <load_address>0xf1</load_address>
         <run_address>0xf1</run_address>
         <size>0x78</size>
         <input_file_ref idref="fl-a"/>
      </object_component>
      <object_component id="oc-22b">
         <name>.debug_line</name>
         <load_address>0x169</load_address>
         <run_address>0x169</run_address>
         <size>0x49</size>
         <input_file_ref idref="fl-a"/>
      </object_component>
      <object_component id="oc-1e9">
         <name>.debug_line</name>
         <load_address>0x1b2</load_address>
         <run_address>0x1b2</run_address>
         <size>0x62</size>
         <input_file_ref idref="fl-a"/>
      </object_component>
      <object_component id="oc-1ef">
         <name>.debug_line</name>
         <load_address>0x214</load_address>
         <run_address>0x214</run_address>
         <size>0x64</size>
         <input_file_ref idref="fl-a"/>
      </object_component>
      <object_component id="oc-18a">
         <name>.debug_line</name>
         <load_address>0x278</load_address>
         <run_address>0x278</run_address>
         <size>0x62</size>
         <input_file_ref idref="fl-a"/>
      </object_component>
      <object_component id="oc-184">
         <name>.debug_line</name>
         <load_address>0x2da</load_address>
         <run_address>0x2da</run_address>
         <size>0x7c</size>
         <input_file_ref idref="fl-a"/>
      </object_component>
      <object_component id="oc-234">
         <name>.debug_line</name>
         <load_address>0x356</load_address>
         <run_address>0x356</run_address>
         <size>0xa0</size>
         <input_file_ref idref="fl-e"/>
      </object_component>
      <object_component id="oc-232">
         <name>.debug_line</name>
         <load_address>0x3f6</load_address>
         <run_address>0x3f6</run_address>
         <size>0x4e</size>
         <input_file_ref idref="fl-e"/>
      </object_component>
      <object_component id="oc-1de">
         <name>.debug_line</name>
         <load_address>0x444</load_address>
         <run_address>0x444</run_address>
         <size>0x66</size>
         <input_file_ref idref="fl-e"/>
      </object_component>
      <object_component id="oc-19c">
         <name>.debug_line</name>
         <load_address>0x4aa</load_address>
         <run_address>0x4aa</run_address>
         <size>0x7b</size>
         <input_file_ref idref="fl-e"/>
      </object_component>
      <object_component id="oc-1a2">
         <name>.debug_line</name>
         <load_address>0x525</load_address>
         <run_address>0x525</run_address>
         <size>0x9f</size>
         <input_file_ref idref="fl-e"/>
      </object_component>
      <object_component id="oc-239">
         <name>.debug_line</name>
         <load_address>0x5c4</load_address>
         <run_address>0x5c4</run_address>
         <size>0x11e</size>
         <input_file_ref idref="fl-16"/>
      </object_component>
      <object_component id="oc-221">
         <name>.debug_line</name>
         <load_address>0x6e2</load_address>
         <run_address>0x6e2</run_address>
         <size>0x4b</size>
         <input_file_ref idref="fl-16"/>
      </object_component>
      <object_component id="oc-178">
         <name>.debug_line</name>
         <load_address>0x72d</load_address>
         <run_address>0x72d</run_address>
         <size>0x66</size>
         <input_file_ref idref="fl-16"/>
      </object_component>
      <object_component id="oc-1c4">
         <name>.debug_line</name>
         <load_address>0x793</load_address>
         <run_address>0x793</run_address>
         <size>0x67</size>
         <input_file_ref idref="fl-16"/>
      </object_component>
      <object_component id="oc-171">
         <name>.debug_line</name>
         <load_address>0x7fa</load_address>
         <run_address>0x7fa</run_address>
         <size>0x8f</size>
         <input_file_ref idref="fl-16"/>
      </object_component>
      <object_component id="oc-16b">
         <name>.debug_line</name>
         <load_address>0x889</load_address>
         <run_address>0x889</run_address>
         <size>0xd3</size>
         <input_file_ref idref="fl-16"/>
      </object_component>
      <object_component id="oc-165">
         <name>.debug_line</name>
         <load_address>0x95c</load_address>
         <run_address>0x95c</run_address>
         <size>0xc4</size>
         <input_file_ref idref="fl-16"/>
      </object_component>
      <object_component id="oc-143">
         <name>.debug_line</name>
         <load_address>0xa20</load_address>
         <run_address>0xa20</run_address>
         <size>0x68</size>
         <input_file_ref idref="fl-16"/>
      </object_component>
      <object_component id="oc-1be">
         <name>.debug_line</name>
         <load_address>0xa88</load_address>
         <run_address>0xa88</run_address>
         <size>0x6f</size>
         <input_file_ref idref="fl-16"/>
      </object_component>
      <object_component id="oc-190">
         <name>.debug_line</name>
         <load_address>0xaf7</load_address>
         <run_address>0xaf7</run_address>
         <size>0x92</size>
         <input_file_ref idref="fl-16"/>
      </object_component>
      <object_component id="oc-196">
         <name>.debug_line</name>
         <load_address>0xb89</load_address>
         <run_address>0xb89</run_address>
         <size>0x74</size>
         <input_file_ref idref="fl-19"/>
      </object_component>
      <object_component id="oc-1fd">
         <name>.debug_line</name>
         <load_address>0xbfd</load_address>
         <run_address>0xbfd</run_address>
         <size>0x61</size>
         <input_file_ref idref="fl-19"/>
      </object_component>
      <object_component id="oc-1f7">
         <name>.debug_line</name>
         <load_address>0xc5e</load_address>
         <run_address>0xc5e</run_address>
         <size>0x63</size>
         <input_file_ref idref="fl-19"/>
      </object_component>
      <object_component id="oc-12f">
         <name>.debug_line</name>
         <load_address>0xcc1</load_address>
         <run_address>0xcc1</run_address>
         <size>0x61</size>
         <input_file_ref idref="fl-19"/>
      </object_component>
      <object_component id="oc-211">
         <name>.debug_line</name>
         <load_address>0xd22</load_address>
         <run_address>0xd22</run_address>
         <size>0x62</size>
         <input_file_ref idref="fl-19"/>
      </object_component>
      <object_component id="oc-135">
         <name>.debug_line</name>
         <load_address>0xd84</load_address>
         <run_address>0xd84</run_address>
         <size>0x63</size>
         <input_file_ref idref="fl-19"/>
      </object_component>
      <object_component id="oc-1a8">
         <name>.debug_line</name>
         <load_address>0xde7</load_address>
         <run_address>0xde7</run_address>
         <size>0x61</size>
         <input_file_ref idref="fl-19"/>
      </object_component>
      <object_component id="oc-20b">
         <name>.debug_line</name>
         <load_address>0xe48</load_address>
         <run_address>0xe48</run_address>
         <size>0x65</size>
         <input_file_ref idref="fl-19"/>
      </object_component>
      <object_component id="oc-217">
         <name>.debug_line</name>
         <load_address>0xead</load_address>
         <run_address>0xead</run_address>
         <size>0x61</size>
         <input_file_ref idref="fl-19"/>
      </object_component>
      <object_component id="oc-1ca">
         <name>.debug_line</name>
         <load_address>0xf0e</load_address>
         <run_address>0xf0e</run_address>
         <size>0x62</size>
         <input_file_ref idref="fl-1d"/>
      </object_component>
      <object_component id="oc-1d0">
         <name>.debug_line</name>
         <load_address>0xf70</load_address>
         <run_address>0xf70</run_address>
         <size>0x65</size>
         <input_file_ref idref="fl-1d"/>
      </object_component>
      <object_component id="oc-be">
         <name>.debug_line</name>
         <load_address>0xfd5</load_address>
         <run_address>0xfd5</run_address>
         <size>0x72</size>
         <input_file_ref idref="fl-1f"/>
      </object_component>
      <object_component id="oc-aa">
         <name>.debug_line</name>
         <load_address>0x1047</load_address>
         <run_address>0x1047</run_address>
         <size>0x4c</size>
         <input_file_ref idref="fl-27"/>
      </object_component>
      <object_component id="oc-5c">
         <name>.debug_line</name>
         <load_address>0x1093</load_address>
         <run_address>0x1093</run_address>
         <size>0x4c</size>
         <input_file_ref idref="fl-27"/>
      </object_component>
      <object_component id="oc-47">
         <name>.debug_line</name>
         <load_address>0x10df</load_address>
         <run_address>0x10df</run_address>
         <size>0x64</size>
         <input_file_ref idref="fl-27"/>
      </object_component>
      <object_component id="oc-4d">
         <name>.debug_line</name>
         <load_address>0x1143</load_address>
         <run_address>0x1143</run_address>
         <size>0x61</size>
         <input_file_ref idref="fl-27"/>
      </object_component>
      <object_component id="oc-53">
         <name>.debug_line</name>
         <load_address>0x11a4</load_address>
         <run_address>0x11a4</run_address>
         <size>0x61</size>
         <input_file_ref idref="fl-27"/>
      </object_component>
      <object_component id="oc-59">
         <name>.debug_line</name>
         <load_address>0x1205</load_address>
         <run_address>0x1205</run_address>
         <size>0x61</size>
         <input_file_ref idref="fl-27"/>
      </object_component>
      <object_component id="oc-d7">
         <name>.debug_line</name>
         <load_address>0x1266</load_address>
         <run_address>0x1266</run_address>
         <size>0x5d</size>
         <input_file_ref idref="fl-2b"/>
      </object_component>
      <object_component id="oc-f9">
         <name>.debug_line</name>
         <load_address>0x12c3</load_address>
         <run_address>0x12c3</run_address>
         <size>0x53</size>
         <input_file_ref idref="fl-2b"/>
      </object_component>
      <object_component id="oc-128">
         <name>.debug_line</name>
         <load_address>0x1316</load_address>
         <run_address>0x1316</run_address>
         <size>0x57</size>
         <input_file_ref idref="fl-2b"/>
      </object_component>
      <object_component id="oc-160">
         <name>.debug_line</name>
         <load_address>0x136d</load_address>
         <run_address>0x136d</run_address>
         <size>0x1d4</size>
         <input_file_ref idref="fl-2d"/>
      </object_component>
      <object_component id="oc-122">
         <name>.debug_line</name>
         <load_address>0x1541</load_address>
         <run_address>0x1541</run_address>
         <size>0x51</size>
         <input_file_ref idref="fl-2d"/>
      </object_component>
      <object_component id="oc-17e">
         <name>.debug_line</name>
         <load_address>0x1592</load_address>
         <run_address>0x1592</run_address>
         <size>0x50</size>
         <input_file_ref idref="fl-2d"/>
      </object_component>
      <object_component id="oc-150">
         <name>.debug_line</name>
         <load_address>0x15e2</load_address>
         <run_address>0x15e2</run_address>
         <size>0x5d</size>
         <input_file_ref idref="fl-2d"/>
      </object_component>
      <object_component id="oc-14a">
         <name>.debug_line</name>
         <load_address>0x163f</load_address>
         <run_address>0x163f</run_address>
         <size>0x5f</size>
         <input_file_ref idref="fl-2d"/>
      </object_component>
      <object_component id="oc-ff">
         <name>.debug_line</name>
         <load_address>0x169e</load_address>
         <run_address>0x169e</run_address>
         <size>0x60</size>
         <input_file_ref idref="fl-2d"/>
      </object_component>
      <object_component id="oc-1b9">
         <name>.debug_line</name>
         <load_address>0x16fe</load_address>
         <run_address>0x16fe</run_address>
         <size>0x8e</size>
         <input_file_ref idref="fl-2e"/>
      </object_component>
      <object_component id="oc-15e">
         <name>.debug_line</name>
         <load_address>0x178c</load_address>
         <run_address>0x178c</run_address>
         <size>0x3b</size>
         <input_file_ref idref="fl-2e"/>
      </object_component>
      <object_component id="oc-1b5">
         <name>.debug_line</name>
         <load_address>0x17c7</load_address>
         <run_address>0x17c7</run_address>
         <size>0x52</size>
         <input_file_ref idref="fl-2e"/>
      </object_component>
      <object_component id="oc-1ae">
         <name>.debug_line</name>
         <load_address>0x1819</load_address>
         <run_address>0x1819</run_address>
         <size>0x66</size>
         <input_file_ref idref="fl-2e"/>
      </object_component>
      <object_component id="oc-37">
         <name>.debug_line</name>
         <load_address>0x187f</load_address>
         <run_address>0x187f</run_address>
         <size>0x4d</size>
         <input_file_ref idref="fl-35"/>
      </object_component>
      <object_component id="oc-b7">
         <name>.debug_line</name>
         <load_address>0x18cc</load_address>
         <run_address>0x18cc</run_address>
         <size>0xa5</size>
         <input_file_ref idref="fl-36"/>
      </object_component>
      <object_component id="oc-25">
         <name>.debug_line</name>
         <load_address>0x1971</load_address>
         <run_address>0x1971</run_address>
         <size>0x55</size>
         <input_file_ref idref="fl-36"/>
      </object_component>
      <object_component id="oc-67">
         <name>.debug_line</name>
         <load_address>0x19c6</load_address>
         <run_address>0x19c6</run_address>
         <size>0x3a</size>
         <input_file_ref idref="fl-36"/>
      </object_component>
      <object_component id="oc-b4">
         <name>.debug_line</name>
         <load_address>0x1a00</load_address>
         <run_address>0x1a00</run_address>
         <size>0xa5</size>
         <input_file_ref idref="fl-36"/>
      </object_component>
      <object_component id="oc-ba">
         <name>.debug_line</name>
         <load_address>0x1aa5</load_address>
         <run_address>0x1aa5</run_address>
         <size>0xa5</size>
         <input_file_ref idref="fl-37"/>
      </object_component>
      <object_component id="oc-6b">
         <name>.debug_line</name>
         <load_address>0x1b4a</load_address>
         <run_address>0x1b4a</run_address>
         <size>0x98</size>
         <input_file_ref idref="fl-37"/>
      </object_component>
      <object_component id="oc-28">
         <name>.debug_line</name>
         <load_address>0x1be2</load_address>
         <run_address>0x1be2</run_address>
         <size>0x4b</size>
         <input_file_ref idref="fl-37"/>
      </object_component>
      <object_component id="oc-75">
         <name>.debug_line</name>
         <load_address>0x1c2d</load_address>
         <run_address>0x1c2d</run_address>
         <size>0x39</size>
         <input_file_ref idref="fl-37"/>
      </object_component>
      <object_component id="oc-116">
         <name>.debug_line</name>
         <load_address>0x1c66</load_address>
         <run_address>0x1c66</run_address>
         <size>0x128</size>
         <input_file_ref idref="fl-39"/>
      </object_component>
      <object_component id="oc-10a">
         <name>.debug_line</name>
         <load_address>0x1d8e</load_address>
         <run_address>0x1d8e</run_address>
         <size>0x2a</size>
         <input_file_ref idref="fl-39"/>
      </object_component>
      <object_component id="oc-9f">
         <name>.debug_line</name>
         <load_address>0x1db8</load_address>
         <run_address>0x1db8</run_address>
         <size>0x86</size>
         <input_file_ref idref="fl-39"/>
      </object_component>
      <object_component id="oc-62">
         <name>.debug_line</name>
         <load_address>0x1e3e</load_address>
         <run_address>0x1e3e</run_address>
         <size>0x88</size>
         <input_file_ref idref="fl-3c"/>
      </object_component>
      <object_component id="oc-7b">
         <name>.debug_line</name>
         <load_address>0x1ec6</load_address>
         <run_address>0x1ec6</run_address>
         <size>0x79</size>
         <input_file_ref idref="fl-3d"/>
      </object_component>
      <object_component id="oc-87">
         <name>.debug_line</name>
         <load_address>0x1f3f</load_address>
         <run_address>0x1f3f</run_address>
         <size>0x3d</size>
         <input_file_ref idref="fl-3e"/>
      </object_component>
      <object_component id="oc-8d">
         <name>.debug_line</name>
         <load_address>0x1f7c</load_address>
         <run_address>0x1f7c</run_address>
         <size>0x40</size>
         <input_file_ref idref="fl-3f"/>
      </object_component>
      <object_component id="oc-e5">
         <name>.debug_line</name>
         <load_address>0x1fbc</load_address>
         <run_address>0x1fbc</run_address>
[...]
         <name>S2</name>
         <page_id>0x0</page_id>
         <origin>0x2000c000</origin>
         <length>0x2000</length>
         <used_space>0x0</used_space>
         <unused_space>0x2000</unused_space>
         <attributes>RWX</attributes>
         <usage_details>
         </usage_details>
      </memory_area>
      <memory_area display="yes" color="green">
         <name>S3</name>
         <page_id>0x0</page_id>
         <origin>0x2000e000</origin>
         <length>0x2000</length>
         <used_space>0x0</used_space>
         <unused_space>0x2000</unused_space>
         <attributes>RWX</attributes>
         <usage_details>
         </usage_details>
      </memory_area>
      <memory_area display="yes" color="green">
         <name>S4</name>
         <page_id>0x0</page_id>
         <origin>0x20010000</origin>
         <length>0x2000</length>
         <used_space>0x0</used_space>
         <unused_space>0x2000</unused_space>
         <attributes>RWX</attributes>
         <usage_details>
         </usage_details>
      </memory_area>
      <memory_area display="yes" color="green">
         <name>S5</name>
         <page_id>0x0</page_id>
         <origin>0x20012000</origin>
         <length>0x2000</length>
         <used_space>0x0</used_space>
         <unused_space>0x2000</unused_space>
         <attributes>RWX</attributes>
         <usage_details>
         </usage_details>
      </memory_area>
      <memory_area display="yes" color="green">
         <name>S6</name>
         <page_id>0x0</page_id>
         <origin>0x20014000</origin>
         <length>0x2000</length>
         <used_space>0x0</used_space>
         <unused_space>0x2000</unused_space>
         <attributes>RWX</attributes>
         <usage_details>
         </usage_details>
      </memory_area>
      <memory_area display="yes" color="green">
         <name>S7</name>
         <page_id>0x0</page_id>
         <origin>0x20016000</origin>
         <length>0x2000</length>
         <used_space>0x0</used_space>
         <unused_space>0x2000</unused_space>
         <attributes>RWX</attributes>
         <usage_details>
         </usage_details>
      </memory_area>
      <memory_area display="yes" color="green">
         <name>CTOMRAM</name>
         <page_id>0x0</page_id>
         <origin>0x2007f000</origin>
         <length>0x800</length>
         <used_space>0x0</used_space>
         <unused_space>0x800</unused_space>
         <attributes>RX</attributes>
         <usage_details>
         </usage_details>
      </memory_area>
      <memory_area display="yes" color="green">
         <name>MTOCRAM</name>
         <page_id>0x0</page_id>
         <origin>0x2007f800</origin>
         <length>0x800</length>
         <used_space>0x0</used_space>
         <unused_space>0x800</unused_space>
         <attributes>RWX</attributes>
         <usage_details>
         </usage_details>
      </memory_area>
   </placement_map>
   <cptbl_list>
      <cptbl>
         <name>__TI_cinit_table</name>
         <cprec>
            <name>.data</name>
            <load_address>0x205000</load_address>
            <load_size>0x1b</load_size>
            <run_address>0x20000398</run_address>
            <run_size>0x20</run_size>
            <compression>rle</compression>
         </cprec>
         <cprec>
            <name>.vtable</name>
            <load_address>0x205020</load_address>
            <load_size>0xb</load_size>
            <run_address>0x20000000</run_address>
            <run_size>0x258</run_size>
            <compression>rle</compression>
         </cprec>
         <cprec>
            <name>.bss</name>
            <load_address>0x205030</load_address>
            <load_size>0x9</load_size>
            <run_address>0x20000358</run_address>
            <run_size>0x40</run_size>
            <compression>rle</compression>
         </cprec>
      </cptbl>
   </cptbl_list>
   <handler_table>
      <handler_table_name>__TI_handler_table</handler_table_name>
      <handler>
         <index>0x0</index>
         <name>__TI_decompress_rle24</name>
      </handler>
      <handler>
         <index>0x1</index>
         <name>__TI_decompress_none</name>
      </handler>
   </handler_table>
   <symbol_table>
      <symbol id="sm-1">
         <name>RamfuncsLoadStart</name>
         <value>0x20000000</value>
      </symbol>
      <symbol id="sm-2">
         <name>RamfuncsLoadSize</name>
         <value>0x0</value>
      </symbol>
      <symbol id="sm-3">
         <name>RamfuncsLoadEnd</name>
         <value>0x20000000</value>
      </symbol>
      <symbol id="sm-4">
         <name>RamfuncsRunStart</name>
         <value>0x20000000</value>
      </symbol>
      <symbol id="sm-5">
         <name>RamfuncsRunSize</name>
         <value>0x0</value>
      </symbol>
      <symbol id="sm-6">
         <name>RamfuncsRunEnd</name>
         <value>0x20000000</value>
      </symbol>
      <symbol id="sm-7">
         <name>__TI_CINIT_Base</name>
         <value>0x205044</value>
      </symbol>
      <symbol id="sm-8">
         <name>__TI_CINIT_Limit</name>
         <value>0x20505c</value>
      </symbol>
      <symbol id="sm-9">
         <name>__TI_Handler_Table_Base</name>
         <value>0x20503c</value>
      </symbol>
      <symbol id="sm-a">
         <name>__TI_Handler_Table_Limit</name>
         <value>0x205044</value>
      </symbol>
      <symbol id="sm-b">
         <name>binit</name>
         <value>0xffffffff</value>
      </symbol>
      <symbol id="sm-c">
         <name>__binit__</name>
         <value>0xffffffff</value>
      </symbol>
      <symbol id="sm-d">
         <name>__STACK_SIZE</name>
         <value>0x100</value>
      </symbol>
      <symbol id="sm-e">
         <name>__STACK_END</name>
         <value>0x20000358</value>
      </symbol>
      <symbol id="sm-f">
         <name>__c_args__</name>
         <value>0xffffffff</value>
      </symbol>
      <symbol id="sm-10">
         <name>__TI_pprof_out_hndl</name>
         <value>0xffffffff</value>
      </symbol>
      <symbol id="sm-11">
         <name>__TI_prof_data_start</name>
         <value>0xffffffff</value>
      </symbol>
      <symbol id="sm-12">
         <name>__TI_prof_data_size</name>
         <value>0xffffffff</value>
      </symbol>
      <symbol id="sm-47">
         <name>CPUcpsie</name>
         <value>0x204f21</value>
         <object_component_ref idref="oc-223"/>
      </symbol>
      <symbol id="sm-4e">
         <name>z1secvalues</name>
         <value>0x200000</value>
         <object_component_ref idref="oc-3e"/>
      </symbol>
      <symbol id="sm-4f">
         <name>z1_csm_rsvd</name>
         <value>0x200024</value>
         <object_component_ref idref="oc-3f"/>
      </symbol>
      <symbol id="sm-55">
         <name>z2_csm_rsvd</name>
         <value>0x27ff00</value>
         <object_component_ref idref="oc-41"/>
      </symbol>
      <symbol id="sm-56">
         <name>z2secvalues</name>
         <value>0x27ffdc</value>
         <object_component_ref idref="oc-40"/>
      </symbol>
      <symbol id="sm-98">
         <name>GPIOPinConfigure</name>
         <value>0x2044fd</value>
         <object_component_ref idref="oc-180"/>
      </symbol>
      <symbol id="sm-99">
         <name>GPIOPinTypeUART</name>
         <value>0x204df5</value>
         <object_component_ref idref="oc-186"/>
      </symbol>
      <symbol id="sm-9a">
         <name>GPIODirModeSet</name>
         <value>0x204a13</value>
         <object_component_ref idref="oc-1e5"/>
      </symbol>
      <symbol id="sm-9b">
         <name>GPIOPadConfigSet</name>
         <value>0x204455</value>
         <object_component_ref idref="oc-1eb"/>
      </symbol>
      <symbol id="sm-d4">
         <name>IntEnable</name>
         <value>0x2043a9</value>
         <object_component_ref idref="oc-19e"/>
      </symbol>
      <symbol id="sm-d5">
         <name>IntRegister</name>
         <value>0x204acd</value>
         <object_component_ref idref="oc-198"/>
      </symbol>
      <symbol id="sm-d6">
         <name>g_pfnRAMVectors</name>
         <value>0x20000000</value>
         <object_component_ref idref="oc-200"/>
      </symbol>
      <symbol id="sm-d7">
         <name>IntMasterEnable</name>
         <value>0x204f39</value>
         <object_component_ref idref="oc-1da"/>
      </symbol>
      <symbol id="sm-172">
         <name>SysCtlXPllClockDividerSet</name>
         <value>0x2046d1</value>
         <object_component_ref idref="oc-16d"/>
      </symbol>
      <symbol id="sm-173">
         <name>SysCtlClockConfigSet</name>
         <value>0x204b79</value>
         <object_component_ref idref="oc-13f"/>
      </symbol>
      <symbol id="sm-174">
         <name>SysCtlDelay</name>
         <value>0x204f4d</value>
         <object_component_ref idref="oc-1d3"/>
      </symbol>
      <symbol id="sm-175">
         <name>SysCtlPeripheralEnable</name>
         <value>0x204c11</value>
         <object_component_ref idref="oc-174"/>
      </symbol>
      <symbol id="sm-176">
         <name>SysCtlClockPllConfig</name>
         <value>0x204001</value>
         <object_component_ref idref="oc-161"/>
      </symbol>
      <symbol id="sm-177">
         <name>SysCtlClockGet</name>
         <value>0x2042d5</value>
         <object_component_ref idref="oc-18c"/>
      </symbol>
      <symbol id="sm-178">
         <name>SysCtlClockConfigGet</name>
         <value>0x20463d</value>
         <object_component_ref idref="oc-1ba"/>
      </symbol>
      <symbol id="sm-179">
         <name>SysCtlPeripheralIsEnabled</name>
         <value>0x204d0d</value>
         <object_component_ref idref="oc-1c0"/>
      </symbol>
      <symbol id="sm-17a">
         <name>SysCtlClockDividersSet</name>
         <value>0x20418d</value>
         <object_component_ref idref="oc-167"/>
      </symbol>
      <symbol id="sm-1d2">
         <name>UARTConfigSetExpClk</name>
         <value>0x2047db</value>
         <object_component_ref idref="oc-192"/>
      </symbol>
      <symbol id="sm-1d3">
         <name>UARTDisable</name>
         <value>0x204d79</value>
         <object_component_ref idref="oc-1f3"/>
      </symbol>
      <symbol id="sm-1d4">
         <name>UARTIntEnable</name>
         <value>0x204e69</value>
         <object_component_ref idref="oc-1a4"/>
      </symbol>
      <symbol id="sm-1d5">
         <name>UARTCharPut</name>
         <value>0x204da9</value>
         <object_component_ref idref="oc-131"/>
      </symbol>
      <symbol id="sm-1d6">
         <name>UARTEnable</name>
         <value>0x204e51</value>
         <object_component_ref idref="oc-1f9"/>
      </symbol>
      <symbol id="sm-1d7">
         <name>UARTIntClear</name>
         <value>0x204edd</value>
         <object_component_ref idref="oc-213"/>
      </symbol>
      <symbol id="sm-1d8">
         <name>UARTIntStatus</name>
         <value>0x204e17</value>
         <object_component_ref idref="oc-207"/>
      </symbol>
      <symbol id="sm-1d9">
         <name>UARTSpaceAvail</name>
         <value>0x204e81</value>
         <object_component_ref idref="oc-12b"/>
      </symbol>
      <symbol id="sm-1da">
         <name>UARTCharGet</name>
         <value>0x204eb1</value>
         <object_component_ref idref="oc-20d"/>
      </symbol>
      <symbol id="sm-1ef">
         <name>WatchdogRunning</name>
         <value>0x204f01</value>
         <object_component_ref idref="oc-1c6"/>
      </symbol>
      <symbol id="sm-1f0">
         <name>WatchdogReloadSet</name>
         <value>0x204eef</value>
         <object_component_ref idref="oc-1cc"/>
      </symbol>
      <symbol id="sm-22f">
         <name>ResetISR</name>
         <value>0x200031</value>
         <object_component_ref idref="oc-43"/>
      </symbol>
      <symbol id="sm-230">
         <name>g_pfnVectors</name>
         <value>0x201000</value>
         <object_component_ref idref="oc-1e"/>
      </symbol>
      <symbol id="sm-252">
         <name>InitializeAllUart</name>
         <value>0x204cd5</value>
         <object_component_ref idref="oc-124"/>
      </symbol>
      <symbol id="sm-253">
         <name>main</name>
         <value>0x204dcf</value>
         <object_component_ref idref="oc-d3"/>
      </symbol>
      <symbol id="sm-254">
         <name>CallSystem</name>
         <value>0x204f2d</value>
         <object_component_ref idref="oc-f5"/>
      </symbol>
      <symbol id="sm-29e">
         <name>InitUART0</name>
         <value>0x204851</value>
         <object_component_ref idref="oc-14c"/>
      </symbol>
      <symbol id="sm-29f">
         <name>InitUART1</name>
         <value>0x2048c5</value>
         <object_component_ref idref="oc-146"/>
      </symbol>
      <symbol id="sm-2a0">
         <name>InitSystem</name>
         <value>0x204e35</value>
         <object_component_ref idref="oc-11e"/>
      </symbol>
      <symbol id="sm-2a1">
         <name>InitMasterInterrupt</name>
         <value>0x204f43</value>
         <object_component_ref idref="oc-17a"/>
      </symbol>
      <symbol id="sm-2a2">
         <name>WriteToUART1</name>
         <value>0x204c99</value>
         <object_component_ref idref="oc-fb"/>
      </symbol>
      <symbol id="sm-2cd">
         <name>UART0Buffer</name>
         <value>0x20000358</value>
      </symbol>
      <symbol id="sm-2ce">
         <name>UART1Buffer</name>
         <value>0x20000378</value>
      </symbol>
      <symbol id="sm-2cf">
         <name>UART1IntHandler</name>
         <value>0x204a71</value>
         <object_component_ref idref="oc-1aa"/>
      </symbol>
      <symbol id="sm-2d0">
         <name>UART0IntHandler</name>
         <value>0x204d45</value>
         <object_component_ref idref="oc-1b1"/>
      </symbol>
      <symbol id="sm-2d1">
         <name>TX_cnt</name>
         <value>0x200003b0</value>
         <object_component_ref idref="oc-137"/>
      </symbol>
      <symbol id="sm-2d2">
         <name>NeglectZeros</name>
         <value>0x200003ae</value>
         <object_component_ref idref="oc-137"/>
      </symbol>
      <symbol id="sm-2d3">
         <name>UART0Count</name>
         <value>0x200003ac</value>
         <object_component_ref idref="oc-137"/>
      </symbol>
      <symbol id="sm-2d4">
         <name>UART1Count</name>
         <value>0x200003ad</value>
         <object_component_ref idref="oc-137"/>
      </symbol>
      <symbol id="sm-2e4">
         <name>_c_int00</name>
         <value>0x204c59</value>
         <object_component_ref idref="oc-33"/>
      </symbol>
      <symbol id="sm-2e5">
         <name>__stack</name>
         <value>0x20000258</value>
         <object_component_ref idref="oc-42"/>
      </symbol>
      <symbol id="sm-2fc">
         <name>__TI_decompress_none</name>
         <value>0x204f13</value>
         <object_component_ref idref="oc-21"/>
      </symbol>
      <symbol id="sm-31f">
         <name>__TI_decompress_rle24</name>
         <value>0x204f53</value>
         <object_component_ref idref="oc-27"/>
      </symbol>
      <symbol id="sm-341">
         <name>C$$EXIT</name>
         <value>0x204b25</value>
         <object_component_ref idref="oc-9b"/>
      </symbol>
      <symbol id="sm-342">
         <name>abort</name>
         <value>0x204b29</value>
         <object_component_ref idref="oc-9b"/>
      </symbol>
      <symbol id="sm-343">
         <name>exit</name>
         <value>0x204b31</value>
         <object_component_ref idref="oc-9b"/>
      </symbol>
      <symbol id="sm-344">
         <name>__TI_dtors_ptr</name>
         <value>0x2000039c</value>
         <object_component_ref idref="oc-db"/>
      </symbol>
      <symbol id="sm-345">
         <name>__TI_cleanup_ptr</name>
         <value>0x20000398</value>
         <object_component_ref idref="oc-db"/>
      </symbol>
      <symbol id="sm-346">
         <name>__TI_enable_exit_profile_output</name>
         <value>0x200003a0</value>
         <object_component_ref idref="oc-db"/>
      </symbol>
      <symbol id="sm-363">
         <name>memcpy</name>
         <value>0x2045a1</value>
         <object_component_ref idref="oc-5e"/>
      </symbol>
      <symbol id="sm-364">
         <name>__aeabi_memcpy</name>
         <value>0x2045a1</value>
         <object_component_ref idref="oc-5e"/>
      </symbol>
      <symbol id="sm-365">
         <name>__aeabi_memcpy8</name>
         <value>0x2045a1</value>
         <object_component_ref idref="oc-5e"/>
      </symbol>
      <symbol id="sm-366">
         <name>__aeabi_memcpy4</name>
         <value>0x2045a1</value>
         <object_component_ref idref="oc-5e"/>
      </symbol>
      <symbol id="sm-375">
         <name>__aeabi_memset</name>
         <value>0x204763</value>
         <object_component_ref idref="oc-77"/>
      </symbol>
      <symbol id="sm-376">
         <name>memset</name>
         <value>0x204769</value>
         <object_component_ref idref="oc-77"/>
      </symbol>
      <symbol id="sm-377">
         <name>__aeabi_memset8</name>
         <value>0x204763</value>
         <object_component_ref idref="oc-77"/>
      </symbol>
      <symbol id="sm-378">
         <name>__aeabi_memset4</name>
         <value>0x204763</value>
         <object_component_ref idref="oc-77"/>
      </symbol>
      <symbol id="sm-379">
         <name>__aeabi_memclr8</name>
         <value>0x204761</value>
         <object_component_ref idref="oc-77"/>
      </symbol>
      <symbol id="sm-37a">
         <name>__aeabi_memclr4</name>
         <value>0x204761</value>
         <object_component_ref idref="oc-77"/>
      </symbol>
      <symbol id="sm-37b">
         <name>__aeabi_memclr</name>
         <value>0x204761</value>
         <object_component_ref idref="oc-77"/>
      </symbol>
      <symbol id="sm-385">
         <name>__mpu_init</name>
         <value>0x204f4b</value>
         <object_component_ref idref="oc-83"/>
      </symbol>
      <symbol id="sm-38f">
         <name>_system_pre_init</name>
         <value>0x204f59</value>
         <object_component_ref idref="oc-89"/>
      </symbol>
      <symbol id="sm-398">
         <name>main_func_sp</name>
         <value>0x200003b4</value>
         <object_component_ref idref="oc-a1"/>
      </symbol>
      <symbol id="sm-3b7">
         <name>_nop</name>
         <value>0x204ed7</value>
         <object_component_ref idref="oc-10b"/>
      </symbol>
      <symbol id="sm-3b8">
         <name>_lock</name>
         <value>0x200003a4</value>
         <object_component_ref idref="oc-de"/>
      </symbol>
      <symbol id="sm-3b9">
         <name>_unlock</name>
         <value>0x200003a8</value>
         <object_component_ref idref="oc-de"/>
      </symbol>
      <symbol id="sm-3ba">
         <name>_register_lock</name>
         <value>0x204ecf</value>
         <object_component_ref idref="oc-10b"/>
      </symbol>
      <symbol id="sm-3bb">
         <name>_register_unlock</name>
         <value>0x204ec9</value>
         <object_component_ref idref="oc-10b"/>
      </symbol>
      <symbol id="sm-3d0">
         <name>_args_main</name>
         <value>0x204e99</value>
         <object_component_ref idref="oc-95"/>
      </symbol>
      <symbol id="sm-3f6">
         <name>__TI_auto_init</name>
         <value>0x204939</value>
         <object_component_ref idref="oc-8f"/>
      </symbol>
      <symbol id="sm-410">
         <name>copy_in</name>
         <value>0x204bc5</value>
         <object_component_ref idref="oc-c5"/>
      </symbol>
      <symbol id="sm-41d">
         <name>_system_post_cinit</name>
         <value>0x204f5d</value>
         <object_component_ref idref="oc-cb"/>
      </symbol>
      <symbol id="sm-42d">
         <name>__TI_static_base__</name>
         <value>0x205000</value>
      </symbol>
      <symbol id="sm-430">
         <name>SHT$$INIT_ARRAY$$Limit</name>
         <value>0x0</value>
      </symbol>
      <symbol id="sm-431">
         <name>SHT$$INIT_ARRAY$$Base</name>
         <value>0x0</value>
      </symbol>
   </symbol_table>
   <title>Link successful</title>
</link_info>
