<?xml version="1.0"?>
<link_info>
   <banner>TI ARM Linker Unix v15.12.1.LTS</banner>
   <copyright>Copyright (c) 1996-2015 Texas Instruments Incorporated</copyright>
   <link_time>0x599ae34f</link_time>
   <link_errors>0x0</link_errors>
   <output_file>Modbus-Slave.out</output_file>
   <entry_point>
      <name>_c_int00</name>
      <address>0x2053f9</address>
   </entry_point>
   <input_file_list>
      <input_file id="fl-2">
         <path>./F28M35H52C_System/driverlib/</path>
         <kind>object</kind>
         <file>can.obj</file>
         <name>can.obj</name>
      </input_file>
      <input_file id="fl-3">
         <path>./F28M35H52C_System/driverlib/</path>
         <kind>object</kind>
         <file>cpu.obj</file>
         <name>cpu.obj</name>
      </input_file>
      <input_file id="fl-4">
         <path>./F28M35H52C_System/driverlib/</path>
         <kind>object</kind>
         <file>dcsm.obj</file>
         <name>dcsm.obj</name>
      </input_file>
      <input_file id="fl-5">
         <path>./F28M35H52C_System/driverlib/</path>
         <kind>object</kind>
         <file>dcsm_z1_secvalues.obj</file>
         <name>dcsm_z1_secvalues.obj</name>
      </input_file>
      <input_file id="fl-6">
         <path>./F28M35H52C_System/driverlib/</path>
         <kind>object</kind>
         <file>dcsm_z2_secvalues.obj</file>
         <name>dcsm_z2_secvalues.obj</name>
      </input_file>
      <input_file id="fl-7">
         <path>./F28M35H52C_System/driverlib/</path>
         <kind>object</kind>
         <file>epi.obj</file>
         <name>epi.obj</name>
      </input_file>
      <input_file id="fl-8">
         <path>./F28M35H52C_System/driverlib/</path>
         <kind>object</kind>
         <file>ethernet.obj</file>
         <name>ethernet.obj</name>
      </input_file>
      <input_file id="fl-9">
         <path>./F28M35H52C_System/driverlib/</path>
         <kind>object</kind>
         <file>flash.obj</file>
         <name>flash.obj</name>
      </input_file>
      <input_file id="fl-a">
         <path>./F28M35H52C_System/driverlib/</path>
         <kind>object</kind>
         <file>gpio.obj</file>
         <name>gpio.obj</name>
      </input_file>
      <input_file id="fl-b">
         <path>./F28M35H52C_System/driverlib/</path>
         <kind>object</kind>
         <file>hwbist.obj</file>
         <name>hwbist.obj</name>
      </input_file>
      <input_file id="fl-c">
         <path>./F28M35H52C_System/driverlib/</path>
         <kind>object</kind>
         <file>hwbistcontext.obj</file>
         <name>hwbistcontext.obj</name>
      </input_file>
      <input_file id="fl-d">
         <path>./F28M35H52C_System/driverlib/</path>
         <kind>object</kind>
         <file>i2c.obj</file>
         <name>i2c.obj</name>
      </input_file>
      <input_file id="fl-e">
         <path>./F28M35H52C_System/driverlib/</path>
         <kind>object</kind>
         <file>interrupt.obj</file>
         <name>interrupt.obj</name>
      </input_file>
      <input_file id="fl-f">
         <path>./F28M35H52C_System/driverlib/</path>
         <kind>object</kind>
         <file>ipc.obj</file>
         <name>ipc.obj</name>
      </input_file>
      <input_file id="fl-10">
         <path>./F28M35H52C_System/driverlib/</path>
         <kind>object</kind>
         <file>ipc_lite.obj</file>
         <name>ipc_lite.obj</name>
      </input_file>
      <input_file id="fl-11">
         <path>./F28M35H52C_System/driverlib/</path>
         <kind>object</kind>
         <file>ipc_util.obj</file>
         <name>ipc_util.obj</name>
      </input_file>
      <input_file id="fl-12">
         <path>./F28M35H52C_System/driverlib/</path>
         <kind>object</kind>
         <file>mpu.obj</file>
         <name>mpu.obj</name>
      </input_file>
      <input_file id="fl-13">
         <path>./F28M35H52C_System/driverlib/</path>
         <kind>object</kind>
         <file>pbist.obj</file>
         <name>pbist.obj</name>
      </input_file>
      <input_file id="fl-14">
         <path>./F28M35H52C_System/driverlib/</path>
         <kind>object</kind>
         <file>ram.obj</file>
         <name>ram.obj</name>
      </input_file>
      <input_file id="fl-15">
         <path>./F28M35H52C_System/driverlib/</path>
         <kind>object</kind>
         <file>ssi.obj</file>
         <name>ssi.obj</name>
      </input_file>
      <input_file id="fl-16">
         <path>./F28M35H52C_System/driverlib/</path>
         <kind>object</kind>
         <file>sysctl.obj</file>
         <name>sysctl.obj</name>
      </input_file>
      <input_file id="fl-17">
         <path>./F28M35H52C_System/driverlib/</path>
         <kind>object</kind>
         <file>systick.obj</file>
         <name>systick.obj</name>
      </input_file>
      <input_file id="fl-18">
         <path>./F28M35H52C_System/driverlib/</path>
         <kind>object</kind>
         <file>timer.obj</file>
         <name>timer.obj</name>
      </input_file>
      <input_file id="fl-19">
         <path>./F28M35H52C_System/driverlib/</path>
         <kind>object</kind>
         <file>uart.obj</file>
         <name>uart.obj</name>
      </input_file>
      <input_file id="fl-1a">
         <path>./F28M35H52C_System/driverlib/</path>
         <kind>object</kind>
         <file>ucrc.obj</file>
         <name>ucrc.obj</name>
      </input_file>
      <input_file id="fl-1b">
         <path>./F28M35H52C_System/driverlib/</path>
         <kind>object</kind>
         <file>udma.obj</file>
         <name>udma.obj</name>
      </input_file>
      <input_file id="fl-1c">
         <path>./F28M35H52C_System/driverlib/</path>
         <kind>object</kind>
         <file>usb.obj</file>
         <name>usb.obj</name>
      </input_file>
      <input_file id="fl-1d">
         <path>./F28M35H52C_System/driverlib/</path>
         <kind>object</kind>
         <file>watchdog.obj</file>
         <name>watchdog.obj</name>
      </input_file>
      <input_file id="fl-1e">
         <path>./F28M35H52C_System/utils/</path>
         <kind>object</kind>
         <file>Fapi_UserDefinedFunctions.obj</file>
         <name>Fapi_UserDefinedFunctions.obj</name>
      </input_file>
      <input_file id="fl-1f">
         <path>./F28M35H52C_System/utils/</path>
         <kind>object</kind>
         <file>cmdline.obj</file>
         <name>cmdline.obj</name>
      </input_file>
      <input_file id="fl-20">
         <path>./F28M35H52C_System/utils/</path>
         <kind>object</kind>
         <file>cpu_usage.obj</file>
         <name>cpu_usage.obj</name>
      </input_file>
      <input_file id="fl-21">
         <path>./F28M35H52C_System/utils/</path>
         <kind>object</kind>
         <file>crc.obj</file>
         <name>crc.obj</name>
      </input_file>
      <input_file id="fl-22">
         <path>./F28M35H52C_System/utils/</path>
         <kind>object</kind>
         <file>isqrt.obj</file>
         <name>isqrt.obj</name>
      </input_file>
      <input_file id="fl-23">
         <path>./F28M35H52C_System/utils/</path>
         <kind>object</kind>
         <file>ringbuf.obj</file>
         <name>ringbuf.obj</name>
      </input_file>
      <input_file id="fl-24">
         <path>./F28M35H52C_System/utils/</path>
         <kind>object</kind>
         <file>sine.obj</file>
         <name>sine.obj</name>
      </input_file>
      <input_file id="fl-25">
         <path>./F28M35H52C_System/utils/</path>
         <kind>object</kind>
         <file>softssi.obj</file>
         <name>softssi.obj</name>
      </input_file>
      <input_file id="fl-26">
         <path>./F28M35H52C_System/utils/</path>
         <kind>object</kind>
         <file>softuart.obj</file>
         <name>softuart.obj</name>
      </input_file>
      <input_file id="fl-27">
         <path>./F28M35H52C_System/utils/</path>
         <kind>object</kind>
         <file>startup_ccs.obj</file>
         <name>startup_ccs.obj</name>
      </input_file>
      <input_file id="fl-28">
         <path>./F28M35H52C_System/utils/</path>
         <kind>object</kind>
         <file>uartsmc.obj</file>
         <name>uartsmc.obj</name>
      </input_file>
      <input_file id="fl-29">
         <path>./F28M35H52C_System/utils/</path>
         <kind>object</kind>
         <file>uartstdio.obj</file>
         <name>uartstdio.obj</name>
      </input_file>
      <input_file id="fl-2a">
         <path>./F28M35H52C_System/utils/</path>
         <kind>object</kind>
         <file>ustdlib.obj</file>
         <name>ustdlib.obj</name>
      </input_file>
      <input_file id="fl-2b">
         <path>./src/</path>
         <kind>object</kind>
         <file>Main.obj</file>
         <name>Main.obj</name>
      </input_file>
      <input_file id="fl-2c">
         <path>./src/</path>
         <kind>object</kind>
         <file>ModeBus_Interface.obj</file>
         <name>ModeBus_Interface.obj</name>
      </input_file>
      <input_file id="fl-2d">
         <path>./src/</path>
         <kind>object</kind>
         <file>UART_Interface.obj</file>
         <name>UART_Interface.obj</name>
      </input_file>
      <input_file id="fl-2e">
         <path>./src/</path>
         <kind>object</kind>
         <file>UART_Interrupt.obj</file>
         <name>UART_Interrupt.obj</name>
      </input_file>
      <input_file id="fl-35">
         <path>/home/preetham/ti/ccsv6/tools/compiler/ti-cgt-arm_15.12.1.LTS/lib/</path>
         <kind>archive</kind>
         <file>rtsv7M3_T_le_eabi.lib</file>
         <name>boot.obj</name>
      </input_file>
      <input_file id="fl-36">
         <path>/home/preetham/ti/ccsv6/tools/compiler/ti-cgt-arm_15.12.1.LTS/lib/</path>
         <kind>archive</kind>
         <file>rtsv7M3_T_le_eabi.lib</file>
         <name>copy_decompress_none.obj</name>
      </input_file>
      <input_file id="fl-37">
         <path>/home/preetham/ti/ccsv6/tools/compiler/ti-cgt-arm_15.12.1.LTS/lib/</path>
         <kind>archive</kind>
         <file>rtsv7M3_T_le_eabi.lib</file>
         <name>copy_decompress_rle.obj</name>
      </input_file>
      <input_file id="fl-38">
         <path>/home/preetham/ti/ccsv6/tools/compiler/ti-cgt-arm_15.12.1.LTS/lib/</path>
         <kind>archive</kind>
         <file>rtsv7M3_T_le_eabi.lib</file>
         <name>copy_zero_init.obj</name>
      </input_file>
      <input_file id="fl-39">
         <path>/home/preetham/ti/ccsv6/tools/compiler/ti-cgt-arm_15.12.1.LTS/lib/</path>
         <kind>archive</kind>
         <file>rtsv7M3_T_le_eabi.lib</file>
         <name>exit.obj</name>
      </input_file>
      <input_file id="fl-3a">
         <path>/home/preetham/ti/ccsv6/tools/compiler/ti-cgt-arm_15.12.1.LTS/lib/</path>
         <kind>archive</kind>
         <file>rtsv7M3_T_le_eabi.lib</file>
         <name>fs_div_t2.obj</name>
      </input_file>
      <input_file id="fl-3b">
         <path>/home/preetham/ti/ccsv6/tools/compiler/ti-cgt-arm_15.12.1.LTS/lib/</path>
         <kind>archive</kind>
         <file>rtsv7M3_T_le_eabi.lib</file>
         <name>i_tofs_t2.obj</name>
      </input_file>
      <input_file id="fl-3c">
         <path>/home/preetham/ti/ccsv6/tools/compiler/ti-cgt-arm_15.12.1.LTS/lib/</path>
         <kind>archive</kind>
         <file>rtsv7M3_T_le_eabi.lib</file>
         <name>memcpy_t2.obj</name>
      </input_file>
      <input_file id="fl-3d">
         <path>/home/preetham/ti/ccsv6/tools/compiler/ti-cgt-arm_15.12.1.LTS/lib/</path>
         <kind>archive</kind>
         <file>rtsv7M3_T_le_eabi.lib</file>
         <name>memset_t2.obj</name>
      </input_file>
      <input_file id="fl-3e">
         <path>/home/preetham/ti/ccsv6/tools/compiler/ti-cgt-arm_15.12.1.LTS/lib/</path>
         <kind>archive</kind>
         <file>rtsv7M3_T_le_eabi.lib</file>
         <name>mpu_init.obj</name>
      </input_file>
      <input_file id="fl-3f">
         <path>/home/preetham/ti/ccsv6/tools/compiler/ti-cgt-arm_15.12.1.LTS/lib/</path>
         <kind>archive</kind>
         <file>rtsv7M3_T_le_eabi.lib</file>
         <name>pre_init.obj</name>
      </input_file>
      <input_file id="fl-40">
         <path>/home/preetham/ti/ccsv6/tools/compiler/ti-cgt-arm_15.12.1.LTS/lib/</path>
         <kind>archive</kind>
         <file>rtsv7M3_T_le_eabi.lib</file>
         <name>sscanf.obj</name>
      </input_file>
      <input_file id="fl-41">
         <path>/home/preetham/ti/ccsv6/tools/compiler/ti-cgt-arm_15.12.1.LTS/lib/</path>
         <kind>archive</kind>
         <file>rtsv7M3_T_le_eabi.lib</file>
         <name>stkdepth_vars.obj</name>
      </input_file>
      <input_file id="fl-42">
         <path>/home/preetham/ti/ccsv6/tools/compiler/ti-cgt-arm_15.12.1.LTS/lib/</path>
         <kind>archive</kind>
         <file>rtsv7M3_T_le_eabi.lib</file>
         <name>strcmp.obj</name>
      </input_file>
      <input_file id="fl-43">
         <path>/home/preetham/ti/ccsv6/tools/compiler/ti-cgt-arm_15.12.1.LTS/lib/</path>
         <kind>archive</kind>
         <file>rtsv7M3_T_le_eabi.lib</file>
         <name>strlen.obj</name>
      </input_file>
      <input_file id="fl-44">
         <path>/home/preetham/ti/ccsv6/tools/compiler/ti-cgt-arm_15.12.1.LTS/lib/</path>
         <kind>archive</kind>
         <file>rtsv7M3_T_le_eabi.lib</file>
         <name>strncmp.obj</name>
      </input_file>
      <input_file id="fl-45">
         <path>/home/preetham/ti/ccsv6/tools/compiler/ti-cgt-arm_15.12.1.LTS/lib/</path>
         <kind>archive</kind>
         <file>rtsv7M3_T_le_eabi.lib</file>
         <name>strncpy.obj</name>
      </input_file>
      <input_file id="fl-46">
         <path>/home/preetham/ti/ccsv6/tools/compiler/ti-cgt-arm_15.12.1.LTS/lib/</path>
         <kind>archive</kind>
         <file>rtsv7M3_T_le_eabi.lib</file>
         <name>u_divt2.obj</name>
      </input_file>
      <input_file id="fl-47">
         <path>/home/preetham/ti/ccsv6/tools/compiler/ti-cgt-arm_15.12.1.LTS/lib/</path>
         <kind>archive</kind>
         <file>rtsv7M3_T_le_eabi.lib</file>
         <name>u_tofs_t2.obj</name>
      </input_file>
      <input_file id="fl-48">
         <path>/home/preetham/ti/ccsv6/tools/compiler/ti-cgt-arm_15.12.1.LTS/lib/</path>
         <kind>archive</kind>
         <file>rtsv7M3_T_le_eabi.lib</file>
         <name>_lock.obj</name>
      </input_file>
      <input_file id="fl-49">
         <path>/home/preetham/ti/ccsv6/tools/compiler/ti-cgt-arm_15.12.1.LTS/lib/</path>
         <kind>archive</kind>
         <file>rtsv7M3_T_le_eabi.lib</file>
         <name>_scanfi.obj</name>
      </input_file>
      <input_file id="fl-4a">
         <path>/home/preetham/ti/ccsv6/tools/compiler/ti-cgt-arm_15.12.1.LTS/lib/</path>
         <kind>archive</kind>
         <file>rtsv7M3_T_le_eabi.lib</file>
         <name>args_main.obj</name>
      </input_file>
      <input_file id="fl-4b">
         <path>/home/preetham/ti/ccsv6/tools/compiler/ti-cgt-arm_15.12.1.LTS/lib/</path>
         <kind>archive</kind>
         <file>rtsv7M3_T_le_eabi.lib</file>
         <name>atoi.obj</name>
      </input_file>
      <input_file id="fl-4c">
         <path>/home/preetham/ti/ccsv6/tools/compiler/ti-cgt-arm_15.12.1.LTS/lib/</path>
         <kind>archive</kind>
         <file>rtsv7M3_T_le_eabi.lib</file>
         <name>autoinit.obj</name>
      </input_file>
      <input_file id="fl-4d">
         <path>/home/preetham/ti/ccsv6/tools/compiler/ti-cgt-arm_15.12.1.LTS/lib/</path>
         <kind>archive</kind>
         <file>rtsv7M3_T_le_eabi.lib</file>
         <name>cpy_tbl.obj</name>
      </input_file>
      <input_file id="fl-4e">
         <path>/home/preetham/ti/ccsv6/tools/compiler/ti-cgt-arm_15.12.1.LTS/lib/</path>
         <kind>archive</kind>
         <file>rtsv7M3_T_le_eabi.lib</file>
         <name>ctype.obj</name>
      </input_file>
      <input_file id="fl-4f">
         <path>/home/preetham/ti/ccsv6/tools/compiler/ti-cgt-arm_15.12.1.LTS/lib/</path>
         <kind>archive</kind>
         <file>rtsv7M3_T_le_eabi.lib</file>
         <name>fd_tos_t2.obj</name>
      </input_file>
      <input_file id="fl-50">
         <path>/home/preetham/ti/ccsv6/tools/compiler/ti-cgt-arm_15.12.1.LTS/lib/</path>
         <kind>archive</kind>
         <file>rtsv7M3_T_le_eabi.lib</file>
         <name>i_div0.obj</name>
      </input_file>
      <input_file id="fl-51">
         <path>/home/preetham/ti/ccsv6/tools/compiler/ti-cgt-arm_15.12.1.LTS/lib/</path>
         <kind>archive</kind>
         <file>rtsv7M3_T_le_eabi.lib</file>
         <name>startup.obj</name>
      </input_file>
      <input_file id="fl-52">
         <path>/home/preetham/ti/ccsv6/tools/compiler/ti-cgt-arm_15.12.1.LTS/lib/</path>
         <kind>archive</kind>
         <file>rtsv7M3_T_le_eabi.lib</file>
         <name>strchr.obj</name>
      </input_file>
      <input_file id="fl-53">
         <path>/home/preetham/ti/ccsv6/tools/compiler/ti-cgt-arm_15.12.1.LTS/lib/</path>
         <kind>archive</kind>
         <file>rtsv7M3_T_le_eabi.lib</file>
         <name>strcpy.obj</name>
      </input_file>
      <input_file id="fl-54">
         <path>/home/preetham/ti/ccsv6/tools/compiler/ti-cgt-arm_15.12.1.LTS/lib/</path>
         <kind>archive</kind>
         <file>rtsv7M3_T_le_eabi.lib</file>
         <name>strrchr.obj</name>
      </input_file>
      <input_file id="fl-55">
         <path>/home/preetham/ti/ccsv6/tools/compiler/ti-cgt-arm_15.12.1.LTS/lib/</path>
         <kind>archive</kind>
         <file>rtsv7M3_T_le_eabi.lib</file>
         <name>strtod.obj</name>
      </input_file>
      <input_file id="fl-56">
         <path>/home/preetham/ti/ccsv6/tools/compiler/ti-cgt-arm_15.12.1.LTS/lib/</path>
         <kind>archive</kind>
         <file>rtsv7M3_T_le_eabi.lib</file>
         <name>strtol.obj</name>
      </input_file>
      <input_file id="fl-57">
         <path>/home/preetham/ti/ccsv6/tools/compiler/ti-cgt-arm_15.12.1.LTS/lib/</path>
         <kind>archive</kind>
         <file>rtsv7M3_T_le_eabi.lib</file>
         <name>strtoll.obj</name>
      </input_file>
      <input_file id="fl-58">
         <path>/home/preetham/ti/ccsv6/tools/compiler/ti-cgt-arm_15.12.1.LTS/lib/</path>
         <kind>archive</kind>
         <file>rtsv7M3_T_le_eabi.lib</file>
         <name>strtoul.obj</name>
      </input_file>
      <input_file id="fl-59">
         <path>/home/preetham/ti/ccsv6/tools/compiler/ti-cgt-arm_15.12.1.LTS/lib/</path>
         <kind>archive</kind>
         <file>rtsv7M3_T_le_eabi.lib</file>
         <name>strtoull.obj</name>
      </input_file>
      <input_file id="fl-5a">
         <path>/home/preetham/ti/ccsv6/tools/compiler/ti-cgt-arm_15.12.1.LTS/lib/</path>
         <kind>archive</kind>
         <file>rtsv7M3_T_le_eabi.lib</file>
         <name>ull_div_t2.obj</name>
      </input_file>
      <input_file id="fl-5b">
         <path>/home/preetham/ti/ccsv6/tools/compiler/ti-cgt-arm_15.12.1.LTS/lib/</path>
         <kind>archive</kind>
         <file>rtsv7M3_T_le_eabi.lib</file>
         <name>errno.obj</name>
      </input_file>
      <input_file id="fl-5c">
         <path>/home/preetham/ti/ccsv6/tools/compiler/ti-cgt-arm_15.12.1.LTS/lib/</path>
         <kind>archive</kind>
         <file>rtsv7M3_T_le_eabi.lib</file>
         <name>fd_add_t2.obj</name>
      </input_file>
      <input_file id="fl-5d">
         <path>/home/preetham/ti/ccsv6/tools/compiler/ti-cgt-arm_15.12.1.LTS/lib/</path>
         <kind>archive</kind>
         <file>rtsv7M3_T_le_eabi.lib</file>
         <name>fd_cmp_t2.obj</name>
      </input_file>
      <input_file id="fl-5e">
         <path>/home/preetham/ti/ccsv6/tools/compiler/ti-cgt-arm_15.12.1.LTS/lib/</path>
         <kind>archive</kind>
         <file>rtsv7M3_T_le_eabi.lib</file>
         <name>fd_div_t2.obj</name>
      </input_file>
      <input_file id="fl-5f">
         <path>/home/preetham/ti/ccsv6/tools/compiler/ti-cgt-arm_15.12.1.LTS/lib/</path>
         <kind>archive</kind>
         <file>rtsv7M3_T_le_eabi.lib</file>
         <name>fd_mul_t2.obj</name>
      </input_file>
      <input_file id="fl-60">
         <path>/home/preetham/ti/ccsv6/tools/compiler/ti-cgt-arm_15.12.1.LTS/lib/</path>
         <kind>archive</kind>
         <file>rtsv7M3_T_le_eabi.lib</file>
         <name>ll_mul_t2.obj</name>
      </input_file>
   </input_file_list>
   <object_component_list>
      <object_component id="oc-1e">
         <name>.intvecs</name>
         <load_address>0x201000</load_address>
         <run_address>0x201000</run_address>
         <size>0x1b0</size>
         <input_file_ref idref="fl-27"/>
      </object_component>
      <object_component id="oc-43">
         <name>.resetisr:ResetISR</name>
         <load_address>0x200030</load_address>
         <run_address>0x200030</run_address>
         <size>0x6</size>
         <input_file_ref idref="fl-27"/>
      </object_component>
      <object_component id="oc-17f">
         <name>.text:FromReadHoldingReg</name>
         <load_address>0x204000</load_address>
         <run_address>0x204000</run_address>
         <size>0x1e4</size>
         <input_file_ref idref="fl-2c"/>
      </object_component>
      <object_component id="oc-1a1">
         <name>.text:SysCtlClockPllConfig</name>
         <load_address>0x2041e4</load_address>
         <run_address>0x2041e4</run_address>
         <size>0x18c</size>
         <input_file_ref idref="fl-16"/>
      </object_component>
      <object_component id="oc-1ff">
         <name>.text:SendMDBResponse</name>
         <load_address>0x204370</load_address>
         <run_address>0x204370</run_address>
         <size>0x148</size>
         <input_file_ref idref="fl-2c"/>
      </object_component>
      <object_component id="oc-1a7">
         <name>.text:SysCtlClockDividersSet</name>
         <load_address>0x2044b8</load_address>
         <run_address>0x2044b8</run_address>
         <size>0x148</size>
         <input_file_ref idref="fl-16"/>
      </object_component>
      <object_component id="oc-101">
         <name>.text:PollMdbResponse</name>
         <load_address>0x204600</load_address>
         <run_address>0x204600</run_address>
         <size>0x10c</size>
         <input_file_ref idref="fl-2c"/>
      </object_component>
      <object_component id="oc-1cc">
         <name>.text:SysCtlClockGet</name>
         <load_address>0x20470c</load_address>
         <run_address>0x20470c</run_address>
         <size>0xd4</size>
         <input_file_ref idref="fl-16"/>
      </object_component>
      <object_component id="oc-16d">
         <name>.text:CheckCRC</name>
         <load_address>0x2047e0</load_address>
         <run_address>0x2047e0</run_address>
         <size>0xb4</size>
         <input_file_ref idref="fl-2c"/>
      </object_component>
      <object_component id="oc-1de">
         <name>.text:IntEnable</name>
         <load_address>0x204894</load_address>
         <run_address>0x204894</run_address>
         <size>0xac</size>
         <input_file_ref idref="fl-e"/>
      </object_component>
      <object_component id="oc-24e">
         <name>.text:GPIOPadConfigSet</name>
         <load_address>0x204940</load_address>
         <run_address>0x204940</run_address>
         <size>0xa6</size>
         <input_file_ref idref="fl-a"/>
      </object_component>
      <object_component id="oc-4f">
         <name>.text:FaultISR</name>
         <load_address>0x2049e6</load_address>
         <run_address>0x2049e6</run_address>
         <size>0x2</size>
         <input_file_ref idref="fl-27"/>
      </object_component>
      <object_component id="oc-1c0">
         <name>.text:GPIOPinConfigure</name>
         <load_address>0x2049e8</load_address>
         <run_address>0x2049e8</run_address>
         <size>0xa4</size>
         <input_file_ref idref="fl-a"/>
      </object_component>
      <object_component id="oc-173">
         <name>.text:FromWriteSingleCoil</name>
         <load_address>0x204a8c</load_address>
         <run_address>0x204a8c</run_address>
         <size>0x9c</size>
         <input_file_ref idref="fl-2c"/>
      </object_component>
      <object_component id="oc-5e">
         <name>.text</name>
         <load_address>0x204b28</load_address>
         <run_address>0x204b28</run_address>
         <size>0x9c</size>
         <input_file_ref idref="fl-3c"/>
      </object_component>
      <object_component id="oc-21d">
         <name>.text:SysCtlClockConfigGet</name>
         <load_address>0x204bc4</load_address>
         <run_address>0x204bc4</run_address>
         <size>0x94</size>
         <input_file_ref idref="fl-16"/>
      </object_component>
      <object_component id="oc-1ad">
         <name>.text:SysCtlXPllClockDividerSet</name>
         <load_address>0x204c58</load_address>
         <run_address>0x204c58</run_address>
         <size>0x90</size>
         <input_file_ref idref="fl-16"/>
      </object_component>
      <object_component id="oc-206">
         <name>.text:AppendCrc</name>
         <load_address>0x204ce8</load_address>
         <run_address>0x204ce8</run_address>
         <size>0x8c</size>
         <input_file_ref idref="fl-2c"/>
      </object_component>
      <object_component id="oc-179">
         <name>.text:FromReadCoil</name>
         <load_address>0x204d74</load_address>
         <run_address>0x204d74</run_address>
         <size>0x84</size>
         <input_file_ref idref="fl-2c"/>
      </object_component>
      <object_component id="oc-1d2">
         <name>.text:UARTConfigSetExpClk</name>
         <load_address>0x204df8</load_address>
         <run_address>0x204df8</run_address>
         <size>0x82</size>
         <input_file_ref idref="fl-19"/>
      </object_component>
      <object_component id="oc-77">
         <name>.text</name>
         <load_address>0x204e7a</load_address>
         <run_address>0x204e7a</run_address>
         <size>0x7a</size>
         <input_file_ref idref="fl-3d"/>
      </object_component>
      <object_component id="oc-164">
         <name>.text:InitUART0</name>
         <load_address>0x204ef4</load_address>
         <run_address>0x204ef4</run_address>
         <size>0x74</size>
         <input_file_ref idref="fl-2d"/>
      </object_component>
      <object_component id="oc-15e">
         <name>.text:InitUART1</name>
         <load_address>0x204f68</load_address>
         <run_address>0x204f68</run_address>
         <size>0x74</size>
         <input_file_ref idref="fl-2d"/>
      </object_component>
      <object_component id="oc-8f">
         <name>.text</name>
         <load_address>0x204fdc</load_address>
         <run_address>0x204fdc</run_address>
         <size>0x70</size>
         <input_file_ref idref="fl-4c"/>
      </object_component>
      <object_component id="oc-6a">
         <name>.text</name>
         <load_address>0x20504c</load_address>
         <run_address>0x20504c</run_address>
         <size>0x6a</size>
         <input_file_ref idref="fl-37"/>
      </object_component>
      <object_component id="oc-55">
         <name>.text:IntDefaultHandler</name>
         <load_address>0x2050b6</load_address>
         <run_address>0x2050b6</run_address>
         <size>0x2</size>
         <input_file_ref idref="fl-27"/>
      </object_component>
      <object_component id="oc-185">
         <name>.text:FromWriteSingleReg</name>
         <load_address>0x2050b8</load_address>
         <run_address>0x2050b8</run_address>
         <size>0x60</size>
         <input_file_ref idref="fl-2c"/>
      </object_component>
      <object_component id="oc-1ea">
         <name>.text:UART1IntHandler</name>
         <load_address>0x205118</load_address>
         <run_address>0x205118</run_address>
         <size>0x60</size>
         <input_file_ref idref="fl-2e"/>
      </object_component>
      <object_component id="oc-248">
         <name>.text:GPIODirModeSet</name>
         <load_address>0x205178</load_address>
         <run_address>0x205178</run_address>
         <size>0x5c</size>
         <input_file_ref idref="fl-a"/>
      </object_component>
      <object_component id="oc-1d8">
         <name>.text:IntRegister</name>
         <load_address>0x2051d4</load_address>
         <run_address>0x2051d4</run_address>
         <size>0x58</size>
         <input_file_ref idref="fl-e"/>
      </object_component>
      <object_component id="oc-9b">
         <name>.text</name>
         <load_address>0x20522c</load_address>
         <run_address>0x20522c</run_address>
         <size>0x54</size>
         <input_file_ref idref="fl-39"/>
      </object_component>
      <object_component id="oc-141">
         <name>.text:ComputeMdbResponse</name>
         <load_address>0x205280</load_address>
         <run_address>0x205280</run_address>
         <size>0x4c</size>
         <input_file_ref idref="fl-2c"/>
      </object_component>
      <object_component id="oc-20e">
         <name>.text:ConvertFloatToHex</name>
         <load_address>0x2052cc</load_address>
         <run_address>0x2052cc</run_address>
         <size>0x4c</size>
         <input_file_ref idref="fl-2b"/>
      </object_component>
      <object_component id="oc-157">
         <name>.text:SysCtlClockConfigSet</name>
         <load_address>0x205318</load_address>
         <run_address>0x205318</run_address>
         <size>0x4c</size>
         <input_file_ref idref="fl-16"/>
      </object_component>
      <object_component id="oc-c5">
         <name>.text</name>
         <load_address>0x205364</load_address>
         <run_address>0x205364</run_address>
         <size>0x4c</size>
         <input_file_ref idref="fl-4d"/>
      </object_component>
      <object_component id="oc-1b4">
         <name>.text:SysCtlPeripheralEnable</name>
         <load_address>0x2053b0</load_address>
         <run_address>0x2053b0</run_address>
         <size>0x48</size>
         <input_file_ref idref="fl-16"/>
      </object_component>
      <object_component id="oc-33">
         <name>.text</name>
         <load_address>0x2053f8</load_address>
         <run_address>0x2053f8</run_address>
         <size>0x40</size>
         <input_file_ref idref="fl-35"/>
      </object_component>
      <object_component id="oc-283">
         <name>.text:WriteToUART1</name>
         <load_address>0x205438</load_address>
         <run_address>0x205438</run_address>
         <size>0x3c</size>
         <input_file_ref idref="fl-2d"/>
      </object_component>
      <object_component id="oc-13b">
         <name>.text:ClearUART1Buffer</name>
         <load_address>0x205474</load_address>
         <run_address>0x205474</run_address>
         <size>0x38</size>
         <input_file_ref idref="fl-2c"/>
      </object_component>
      <object_component id="oc-133">
         <name>.text:InitializeAllUart</name>
         <load_address>0x2054ac</load_address>
         <run_address>0x2054ac</run_address>
         <size>0x38</size>
         <input_file_ref idref="fl-2b"/>
      </object_component>
      <object_component id="oc-223">
         <name>.text:SysCtlPeripheralIsEnabled</name>
         <load_address>0x2054e4</load_address>
         <run_address>0x2054e4</run_address>
         <size>0x38</size>
         <input_file_ref idref="fl-16"/>
      </object_component>
      <object_component id="oc-1f1">
         <name>.text:UART0IntHandler</name>
         <load_address>0x20551c</load_address>
         <run_address>0x20551c</run_address>
         <size>0x34</size>
         <input_file_ref idref="fl-2e"/>
      </object_component>
      <object_component id="oc-256">
         <name>.text:UARTDisable</name>
         <load_address>0x205550</load_address>
         <run_address>0x205550</run_address>
         <size>0x30</size>
         <input_file_ref idref="fl-19"/>
      </object_component>
      <object_component id="oc-2b2">
         <name>.text:UARTCharPut</name>
         <load_address>0x205580</load_address>
         <run_address>0x205580</run_address>
         <size>0x26</size>
         <input_file_ref idref="fl-19"/>
      </object_component>
      <object_component id="oc-25c">
         <name>.text:UARTEnable</name>
         <load_address>0x2055a6</load_address>
         <run_address>0x2055a6</run_address>
         <size>0x24</size>
         <input_file_ref idref="fl-19"/>
      </object_component>
      <object_component id="oc-49">
         <name>.text:NmiSR</name>
         <load_address>0x2055ca</load_address>
         <run_address>0x2055ca</run_address>
         <size>0x2</size>
         <input_file_ref idref="fl-27"/>
      </object_component>
      <object_component id="oc-d3">
         <name>.text:main</name>
         <load_address>0x2055cc</load_address>
         <run_address>0x2055cc</run_address>
         <size>0x24</size>
         <input_file_ref idref="fl-2b"/>
      </object_component>
      <object_component id="oc-1c6">
         <name>.text:GPIOPinTypeUART</name>
         <load_address>0x2055f0</load_address>
         <run_address>0x2055f0</run_address>
         <size>0x22</size>
         <input_file_ref idref="fl-a"/>
      </object_component>
      <object_component id="oc-26a">
         <name>.text:UARTIntStatus</name>
         <load_address>0x205612</load_address>
         <run_address>0x205612</run_address>
         <size>0x1e</size>
         <input_file_ref idref="fl-19"/>
      </object_component>
      <object_component id="oc-12d">
         <name>.text:InitSystem</name>
         <load_address>0x205630</load_address>
         <run_address>0x205630</run_address>
         <size>0x1c</size>
         <input_file_ref idref="fl-2d"/>
      </object_component>
      <object_component id="oc-1e4">
         <name>.text:UARTIntEnable</name>
         <load_address>0x20564c</load_address>
         <run_address>0x20564c</run_address>
         <size>0x18</size>
         <input_file_ref idref="fl-19"/>
      </object_component>
      <object_component id="oc-2ac">
         <name>.text:UARTSpaceAvail</name>
         <load_address>0x205664</load_address>
         <run_address>0x205664</run_address>
         <size>0x18</size>
         <input_file_ref idref="fl-19"/>
      </object_component>
      <object_component id="oc-95">
         <name>.text</name>
         <load_address>0x20567c</load_address>
         <run_address>0x20567c</run_address>
         <size>0x18</size>
         <input_file_ref idref="fl-4a"/>
      </object_component>
      <object_component id="oc-270">
         <name>.text:UARTCharGet</name>
         <load_address>0x205694</load_address>
         <run_address>0x205694</run_address>
         <size>0x16</size>
         <input_file_ref idref="fl-19"/>
      </object_component>
      <object_component id="oc-83">
         <name>.text</name>
         <load_address>0x2056aa</load_address>
         <run_address>0x2056aa</run_address>
         <size>0x2</size>
         <input_file_ref idref="fl-3e"/>
      </object_component>
      <object_component id="oc-11a">
         <name>.text</name>
         <load_address>0x2056ac</load_address>
         <run_address>0x2056ac</run_address>
         <size>0x14</size>
         <input_file_ref idref="fl-48"/>
      </object_component>
      <object_component id="oc-276">
         <name>.text:UARTIntClear</name>
         <load_address>0x2056c0</load_address>
         <run_address>0x2056c0</run_address>
         <size>0x12</size>
         <input_file_ref idref="fl-19"/>
      </object_component>
      <object_component id="oc-22f">
         <name>.text:WatchdogReloadSet</name>
         <load_address>0x2056d2</load_address>
         <run_address>0x2056d2</run_address>
         <size>0x12</size>
         <input_file_ref idref="fl-1d"/>
      </object_component>
      <object_component id="oc-229">
         <name>.text:WatchdogRunning</name>
         <load_address>0x2056e4</load_address>
         <run_address>0x2056e4</run_address>
         <size>0x12</size>
         <input_file_ref idref="fl-1d"/>
      </object_component>
      <object_component id="oc-21">
         <name>.text:decompress:none</name>
         <load_address>0x2056f6</load_address>
         <run_address>0x2056f6</run_address>
         <size>0xe</size>
         <input_file_ref idref="fl-36"/>
      </object_component>
      <object_component id="oc-297">
         <name>.text:CPUcpsie</name>
         <load_address>0x205704</load_address>
         <run_address>0x205704</run_address>
         <size>0xc</size>
         <input_file_ref idref="fl-3"/>
      </object_component>
      <object_component id="oc-f5">
         <name>.text:CallSystem</name>
         <load_address>0x205710</load_address>
         <run_address>0x205710</run_address>
         <size>0xc</size>
         <input_file_ref idref="fl-2b"/>
      </object_component>
      <object_component id="oc-fb">
         <name>.text:change_fifo_len_by_1</name>
         <load_address>0x20571c</load_address>
         <run_address>0x20571c</run_address>
         <size>0xc</size>
         <input_file_ref idref="fl-19"/>
      </object_component>
      <object_component id="oc-107">
         <name>.text:change_fifo_len_by_def</name>
         <load_address>0x205728</load_address>
         <run_address>0x205728</run_address>
         <size>0xc</size>
         <input_file_ref idref="fl-19"/>
      </object_component>
      <object_component id="oc-23d">
         <name>.text:IntMasterEnable</name>
         <load_address>0x205734</load_address>
         <run_address>0x205734</run_address>
         <size>0xa</size>
         <input_file_ref idref="fl-e"/>
      </object_component>
      <object_component id="oc-1ba">
         <name>.text:InitMasterInterrupt</name>
         <load_address>0x20573e</load_address>
         <run_address>0x20573e</run_address>
         <size>0x8</size>
         <input_file_ref idref="fl-2d"/>
      </object_component>
      <object_component id="oc-cb">
         <name>.text</name>
         <load_address>0x205746</load_address>
         <run_address>0x205746</run_address>
         <size>0x2</size>
         <input_file_ref idref="fl-51"/>
      </object_component>
      <object_component id="oc-236">
         <name>.text:SysCtlDelay</name>
         <load_address>0x205748</load_address>
         <run_address>0x205748</run_address>
         <size>0x6</size>
         <input_file_ref idref="fl-16"/>
      </object_component>
      <object_component id="oc-27">
         <name>.text:decompress:rle24</name>
         <load_address>0x20574e</load_address>
         <run_address>0x20574e</run_address>
         <size>0x6</size>
         <input_file_ref idref="fl-37"/>
      </object_component>
      <object_component id="oc-89">
         <name>.text</name>
         <load_address>0x205754</load_address>
         <run_address>0x205754</run_address>
         <size>0x4</size>
         <input_file_ref idref="fl-3f"/>
      </object_component>
      <object_component id="oc-1f8">
         <name>.const:CRCHigh</name>
         <load_address>0x205758</load_address>
         <run_address>0x205758</run_address>
         <size>0x400</size>
         <input_file_ref idref="fl-2c"/>
      </object_component>
      <object_component id="oc-1fb">
         <name>.const:CRCLow</name>
         <load_address>0x205b58</load_address>
         <run_address>0x205b58</run_address>
         <size>0x400</size>
         <input_file_ref idref="fl-2c"/>
      </object_component>
      <object_component id="oc-244">
         <name>.const:g_pulGPIOBaseAddrs</name>
         <load_address>0x205f58</load_address>
         <run_address>0x205f58</run_address>
         <size>0x88</size>
         <input_file_ref idref="fl-a"/>
      </object_component>
      <object_component id="oc-239">
         <name>.const:g_pulRCGCRegs</name>
         <load_address>0x205fe0</load_address>
         <run_address>0x205fe0</run_address>
         <size>0x14</size>
         <input_file_ref idref="fl-16"/>
      </object_component>
      <object_component id="oc-2f0">
         <name>.cinit..data.load</name>
         <load_address>0x205ff8</load_address>
         <run_address>0x205ff8</run_address>
         <size>0x2c</size>
      </object_component>
      <object_component id="oc-2ef">
         <name>.cinit..vtable.load</name>
         <load_address>0x206028</load_address>
         <run_address>0x206028</run_address>
         <size>0xb</size>
      </object_component>
      <object_component id="oc-2f1">
         <name>.cinit..bss.load</name>
         <load_address>0x206038</load_address>
         <run_address>0x206038</run_address>
         <size>0x9</size>
      </object_component>
      <object_component id="oc-2ed">
         <name>__TI_handler_table</name>
         <load_address>0x206044</load_address>
         <run_address>0x206044</run_address>
         <size>0x8</size>
      </object_component>
      <object_component id="oc-2ee">
         <name>__TI_cinit_table</name>
         <load_address>0x20604c</load_address>
         <run_address>0x20604c</run_address>
         <size>0x18</size>
      </object_component>
      <object_component id="oc-263">
         <name>.vtable</name>
         <uninitialized>true</uninitialized>
         <run_address>0x20000000</run_address>
         <size>0x258</size>
         <input_file_ref idref="fl-e"/>
      </object_component>
      <object_component id="oc-218">
         <name>.data</name>
         <load_address>0x200003d4</load_address>
         <run_address>0x200003d4</run_address>
         <size>0x12</size>
         <input_file_ref idref="fl-2b"/>
      </object_component>
      <object_component id="oc-14a">
         <name>.data</name>
         <load_address>0x200003e8</load_address>
         <run_address>0x200003e8</run_address>
         <size>0xe</size>
         <input_file_ref idref="fl-2c"/>
      </object_component>
      <object_component id="oc-10d">
         <name>.data</name>
         <load_address>0x2000040c</load_address>
         <run_address>0x2000040c</run_address>
         <size>0x8</size>
         <input_file_ref idref="fl-2e"/>
      </object_component>
      <object_component id="oc-db">
         <name>.data:$O1$$</name>
         <load_address>0x200003f8</load_address>
         <run_address>0x200003f8</run_address>
         <size>0xc</size>
         <input_file_ref idref="fl-39"/>
      </object_component>
      <object_component id="oc-a1">
         <name>.data</name>
         <load_address>0x20000414</load_address>
         <run_address>0x20000414</run_address>
         <size>0x4</size>
         <input_file_ref idref="fl-41"/>
      </object_component>
      <object_component id="oc-de">
         <name>.data:$O1$$</name>
         <load_address>0x20000404</load_address>
         <run_address>0x20000404</run_address>
         <size>0x8</size>
         <input_file_ref idref="fl-48"/>
      </object_component>
      <object_component id="oc-214">
         <name>.common:Weight</name>
         <uninitialized>true</uninitialized>
         <run_address>0x200003cc</run_address>
         <size>0x4</size>
      </object_component>
      <object_component id="oc-16b">
         <name>.common:MdbReq</name>
         <uninitialized>true</uninitialized>
         <run_address>0x20000398</run_address>
         <size>0x14</size>
      </object_component>
      <object_component id="oc-20c">
         <name>.common:WriteCoil</name>
         <uninitialized>true</uninitialized>
         <run_address>0x200003d0</run_address>
         <size>0x4</size>
      </object_component>
      <object_component id="oc-217">
         <name>.common:WriteHoldReg</name>
         <uninitialized>true</uninitialized>
         <run_address>0x200003c0</run_address>
         <size>0xc</size>
      </object_component>
      <object_component id="oc-14d">
         <name>.common:MdbResponse</name>
         <uninitialized>true</uninitialized>
         <run_address>0x200003ac</run_address>
         <size>0x14</size>
      </object_component>
      <object_component id="oc-27d">
         <name>.common:UART0Buffer</name>
         <uninitialized>true</uninitialized>
         <run_address>0x20000358</run_address>
         <size>0x20</size>
      </object_component>
      <object_component id="oc-147">
         <name>.common:UART1Buffer</name>
         <uninitialized>true</uninitialized>
         <run_address>0x20000378</run_address>
         <size>0x20</size>
      </object_component>
      <object_component id="oc-42">
         <name>.stack</name>
         <uninitialized>true</uninitialized>
         <run_address>0x20000258</run_address>
         <size>0x0</size>
         <input_file_ref idref="fl-35"/>
      </object_component>
      <object_component id="oc-2f2">
         <name>.stack</name>
         <uninitialized>true</uninitialized>
         <run_address>0x20000258</run_address>
         <size>0x0</size>
      </object_component>
      <object_component id="oc-3e">
         <name>.z1secvalues</name>
         <load_address>0x200000</load_address>
         <run_address>0x200000</run_address>
         <size>0x24</size>
         <input_file_ref idref="fl-5"/>
      </object_component>
      <object_component id="oc-3f">
         <name>.z1_csm_rsvd</name>
         <load_address>0x200024</load_address>
         <run_address>0x200024</run_address>
         <size>0xc</size>
         <input_file_ref idref="fl-5"/>
      </object_component>
      <object_component id="oc-40">
         <name>.z2secvalues</name>
         <load_address>0x27ffdc</load_address>
         <run_address>0x27ffdc</run_address>
         <size>0x24</size>
         <input_file_ref idref="fl-6"/>
      </object_component>
      <object_component id="oc-41">
         <name>.z2_csm_rsvd</name>
         <load_address>0x27ff00</load_address>
         <run_address>0x27ff00</run_address>
         <size>0xc</size>
         <input_file_ref idref="fl-6"/>
      </object_component>
      <object_component id="oc-ab">
         <name>.debug_info</name>
         <load_address>0x0</load_address>
         <run_address>0x0</run_address>
         <size>0x84</size>
         <input_file_ref idref="fl-2"/>
      </object_component>
      <object_component id="oc-18e">
         <name>.debug_info</name>
         <load_address>0x84</load_address>
         <run_address>0x84</run_address>
         <size>0x2c</size>
         <input_file_ref idref="fl-2"/>
      </object_component>
      <object_component id="oc-298">
         <name>.debug_info</name>
         <load_address>0xb0</load_address>
         <run_address>0xb0</run_address>
         <size>0x151</size>
         <input_file_ref idref="fl-3"/>
      </object_component>
      <object_component id="oc-2a0">
         <name>.debug_info</name>
         <load_address>0x201</load_address>
         <run_address>0x201</run_address>
         <size>0x191</size>
         <input_file_ref idref="fl-a"/>
      </object_component>
      <object_component id="oc-245">
         <name>.debug_info</name>
         <load_address>0x392</load_address>
         <run_address>0x392</run_address>
         <size>0x101</size>
         <input_file_ref idref="fl-a"/>
      </object_component>
      <object_component id="oc-249">
         <name>.debug_info</name>
         <load_address>0x493</load_address>
         <run_address>0x493</run_address>
         <size>0x1e1</size>
         <input_file_ref idref="fl-a"/>
      </object_component>
      <object_component id="oc-24f">
         <name>.debug_info</name>
         <load_address>0x674</load_address>
         <run_address>0x674</run_address>
         <size>0x1f0</size>
         <input_file_ref idref="fl-a"/>
      </object_component>
      <object_component id="oc-1c7">
         <name>.debug_info</name>
         <load_address>0x864</load_address>
         <run_address>0x864</run_address>
         <size>0x1e3</size>
         <input_file_ref idref="fl-a"/>
      </object_component>
      <object_component id="oc-1c1">
         <name>.debug_info</name>
         <load_address>0xa47</load_address>
         <run_address>0xa47</run_address>
         <size>0x1f8</size>
         <input_file_ref idref="fl-a"/>
      </object_component>
      <object_component id="oc-267">
         <name>.debug_info</name>
         <load_address>0xc3f</load_address>
         <run_address>0xc3f</run_address>
         <size>0x1c4</size>
         <input_file_ref idref="fl-e"/>
      </object_component>
      <object_component id="oc-264">
         <name>.debug_info</name>
         <load_address>0xe03</load_address>
         <run_address>0xe03</run_address>
         <size>0x101</size>
         <input_file_ref idref="fl-e"/>
      </object_component>
      <object_component id="oc-23e">
         <name>.debug_info</name>
         <load_address>0xf04</load_address>
         <run_address>0xf04</run_address>
         <size>0x180</size>
         <input_file_ref idref="fl-e"/>
      </object_component>
      <object_component id="oc-1d9">
         <name>.debug_info</name>
         <load_address>0x1084</load_address>
         <run_address>0x1084</run_address>
         <size>0x1f3</size>
         <input_file_ref idref="fl-e"/>
      </object_component>
      <object_component id="oc-1df">
         <name>.debug_info</name>
         <load_address>0x1277</load_address>
         <run_address>0x1277</run_address>
         <size>0x1a3</size>
         <input_file_ref idref="fl-e"/>
      </object_component>
      <object_component id="oc-296">
         <name>.debug_info</name>
         <load_address>0x141a</load_address>
         <run_address>0x141a</run_address>
         <size>0x191</size>
         <input_file_ref idref="fl-16"/>
      </object_component>
      <object_component id="oc-23a">
         <name>.debug_info</name>
         <load_address>0x15ab</load_address>
         <run_address>0x15ab</run_address>
         <size>0xf9</size>
         <input_file_ref idref="fl-16"/>
      </object_component>
      <object_component id="oc-1b5">
         <name>.debug_info</name>
         <load_address>0x16a4</load_address>
         <run_address>0x16a4</run_address>
         <size>0x1d6</size>
         <input_file_ref idref="fl-16"/>
      </object_component>
      <object_component id="oc-224">
         <name>.debug_info</name>
         <load_address>0x187a</load_address>
         <run_address>0x187a</run_address>
         <size>0x1c2</size>
         <input_file_ref idref="fl-16"/>
      </object_component>
      <object_component id="oc-1ae">
         <name>.debug_info</name>
         <load_address>0x1a3c</load_address>
         <run_address>0x1a3c</run_address>
         <size>0x214</size>
         <input_file_ref idref="fl-16"/>
      </object_component>
      <object_component id="oc-1a8">
         <name>.debug_info</name>
         <load_address>0x1c50</load_address>
         <run_address>0x1c50</run_address>
         <size>0x295</size>
         <input_file_ref idref="fl-16"/>
      </object_component>
      <object_component id="oc-1a2">
         <name>.debug_info</name>
         <load_address>0x1ee5</load_address>
         <run_address>0x1ee5</run_address>
         <size>0x3a6</size>
         <input_file_ref idref="fl-16"/>
      </object_component>
      <object_component id="oc-158">
         <name>.debug_info</name>
         <load_address>0x228b</load_address>
         <run_address>0x228b</run_address>
         <size>0x21a</size>
         <input_file_ref idref="fl-16"/>
      </object_component>
      <object_component id="oc-21e">
         <name>.debug_info</name>
         <load_address>0x24a5</load_address>
         <run_address>0x24a5</run_address>
         <size>0x1ad</size>
         <input_file_ref idref="fl-16"/>
      </object_component>
      <object_component id="oc-1cd">
         <name>.debug_info</name>
         <load_address>0x2652</load_address>
         <run_address>0x2652</run_address>
         <size>0x1a0</size>
         <input_file_ref idref="fl-16"/>
      </object_component>
      <object_component id="oc-1d3">
         <name>.debug_info</name>
         <load_address>0x27f2</load_address>
         <run_address>0x27f2</run_address>
         <size>0x25e</size>
         <input_file_ref idref="fl-19"/>
      </object_component>
      <object_component id="oc-25d">
         <name>.debug_info</name>
         <load_address>0x2a50</load_address>
         <run_address>0x2a50</run_address>
         <size>0x182</size>
         <input_file_ref idref="fl-19"/>
      </object_component>
      <object_component id="oc-108">
         <name>.debug_info</name>
         <load_address>0x2bd2</load_address>
         <run_address>0x2bd2</run_address>
         <size>0x16f</size>
         <input_file_ref idref="fl-19"/>
      </object_component>
      <object_component id="oc-fc">
         <name>.debug_info</name>
         <load_address>0x2d41</load_address>
         <run_address>0x2d41</run_address>
         <size>0x16b</size>
         <input_file_ref idref="fl-19"/>
      </object_component>
      <object_component id="oc-257">
         <name>.debug_info</name>
         <load_address>0x2eac</load_address>
         <run_address>0x2eac</run_address>
         <size>0x184</size>
         <input_file_ref idref="fl-19"/>
      </object_component>
      <object_component id="oc-2ad">
         <name>.debug_info</name>
         <load_address>0x3030</load_address>
         <run_address>0x3030</run_address>
         <size>0x18e</size>
         <input_file_ref idref="fl-19"/>
      </object_component>
      <object_component id="oc-271">
         <name>.debug_info</name>
         <load_address>0x31be</load_address>
         <run_address>0x31be</run_address>
         <size>0x188</size>
         <input_file_ref idref="fl-19"/>
      </object_component>
      <object_component id="oc-2b3">
         <name>.debug_info</name>
         <load_address>0x3346</load_address>
         <run_address>0x3346</run_address>
         <size>0x1af</size>
         <input_file_ref idref="fl-19"/>
      </object_component>
      <object_component id="oc-1e5">
         <name>.debug_info</name>
         <load_address>0x34f5</load_address>
         <run_address>0x34f5</run_address>
         <size>0x1c3</size>
         <input_file_ref idref="fl-19"/>
      </object_component>
      <object_component id="oc-26b">
         <name>.debug_info</name>
         <load_address>0x36b8</load_address>
         <run_address>0x36b8</run_address>
         <size>0x1bb</size>
         <input_file_ref idref="fl-19"/>
      </object_component>
      <object_component id="oc-277">
         <name>.debug_info</name>
         <load_address>0x3873</load_address>
         <run_address>0x3873</run_address>
         <size>0x1c1</size>
         <input_file_ref idref="fl-19"/>
      </object_component>
      <object_component id="oc-22a">
         <name>.debug_info</name>
         <load_address>0x3a34</load_address>
         <run_address>0x3a34</run_address>
         <size>0x199</size>
         <input_file_ref idref="fl-1d"/>
      </object_component>
      <object_component id="oc-230">
         <name>.debug_info</name>
         <load_address>0x3bcd</load_address>
         <run_address>0x3bcd</run_address>
         <size>0x1d0</size>
         <input_file_ref idref="fl-1d"/>
      </object_component>
      <object_component id="oc-bb">
         <name>.debug_info</name>
         <load_address>0x3d9d</load_address>
         <run_address>0x3d9d</run_address>
         <size>0x2c</size>
         <input_file_ref idref="fl-1f"/>
      </object_component>
      <object_component id="oc-5d">
         <name>.debug_info</name>
         <load_address>0x3dc9</load_address>
         <run_address>0x3dc9</run_address>
         <size>0x10e</size>
         <input_file_ref idref="fl-27"/>
      </object_component>
      <object_component id="oc-1f">
         <name>.debug_info</name>
         <load_address>0x3ed7</load_address>
         <run_address>0x3ed7</run_address>
         <size>0xf9</size>
         <input_file_ref idref="fl-27"/>
      </object_component>
      <object_component id="oc-44">
         <name>.debug_info</name>
         <load_address>0x3fd0</load_address>
         <run_address>0x3fd0</run_address>
         <size>0x159</size>
         <input_file_ref idref="fl-27"/>
      </object_component>
      <object_component id="oc-4a">
         <name>.debug_info</name>
         <load_address>0x4129</load_address>
         <run_address>0x4129</run_address>
         <size>0x147</size>
         <input_file_ref idref="fl-27"/>
      </object_component>
      <object_component id="oc-50">
         <name>.debug_info</name>
         <load_address>0x4270</load_address>
         <run_address>0x4270</run_address>
         <size>0x14d</size>
         <input_file_ref idref="fl-27"/>
      </object_component>
      <object_component id="oc-56">
         <name>.debug_info</name>
         <load_address>0x43bd</load_address>
         <run_address>0x43bd</run_address>
         <size>0x15f</size>
         <input_file_ref idref="fl-27"/>
      </object_component>
      <object_component id="oc-215">
         <name>.debug_info</name>
         <load_address>0x451c</load_address>
         <run_address>0x451c</run_address>
         <size>0x3dc</size>
         <input_file_ref idref="fl-2b"/>
      </object_component>
      <object_component id="oc-219">
         <name>.debug_info</name>
         <load_address>0x48f8</load_address>
         <run_address>0x48f8</run_address>
         <size>0x20e</size>
         <input_file_ref idref="fl-2b"/>
      </object_component>
      <object_component id="oc-d4">
         <name>.debug_info</name>
         <load_address>0x4b06</load_address>
         <run_address>0x4b06</run_address>
         <size>0x175</size>
         <input_file_ref idref="fl-2b"/>
      </object_component>
      <object_component id="oc-f6">
         <name>.debug_info</name>
         <load_address>0x4c7b</load_address>
         <run_address>0x4c7b</run_address>
         <size>0x135</size>
         <input_file_ref idref="fl-2b"/>
      </object_component>
      <object_component id="oc-134">
         <name>.debug_info</name>
         <load_address>0x4db0</load_address>
         <run_address>0x4db0</run_address>
         <size>0x154</size>
         <input_file_ref idref="fl-2b"/>
      </object_component>
      <object_component id="oc-20f">
         <name>.debug_info</name>
         <load_address>0x4f04</load_address>
         <run_address>0x4f04</run_address>
         <size>0x135</size>
         <input_file_ref idref="fl-2b"/>
      </object_component>
      <object_component id="oc-14e">
         <name>.debug_info</name>
         <load_address>0x5039</load_address>
         <run_address>0x5039</run_address>
         <size>0x486</size>
         <input_file_ref idref="fl-2c"/>
      </object_component>
      <object_component id="oc-14b">
         <name>.debug_info</name>
         <load_address>0x54bf</load_address>
         <run_address>0x54bf</run_address>
         <size>0x1be</size>
         <input_file_ref idref="fl-2c"/>
      </object_component>
      <object_component id="oc-1f9">
         <name>.debug_info</name>
         <load_address>0x567d</load_address>
         <run_address>0x567d</run_address>
         <size>0xe1</size>
         <input_file_ref idref="fl-2c"/>
      </object_component>
      <object_component id="oc-1fc">
         <name>.debug_info</name>
         <load_address>0x575e</load_address>
         <run_address>0x575e</run_address>
         <size>0xdf</size>
         <input_file_ref idref="fl-2c"/>
      </object_component>
      <object_component id="oc-102">
         <name>.debug_info</name>
         <load_address>0x583d</load_address>
         <run_address>0x583d</run_address>
         <size>0x184</size>
         <input_file_ref idref="fl-2c"/>
      </object_component>
      <object_component id="oc-142">
         <name>.debug_info</name>
         <load_address>0x59c1</load_address>
         <run_address>0x59c1</run_address>
         <size>0x1f7</size>
         <input_file_ref idref="fl-2c"/>
      </object_component>
      <object_component id="oc-174">
         <name>.debug_info</name>
         <load_address>0x5bb8</load_address>
         <run_address>0x5bb8</run_address>
         <size>0x1cc</size>
         <input_file_ref idref="fl-2c"/>
      </object_component>
      <object_component id="oc-17a">
         <name>.debug_info</name>
         <load_address>0x5d84</load_address>
         <run_address>0x5d84</run_address>
         <size>0x181</size>
         <input_file_ref idref="fl-2c"/>
      </object_component>
      <object_component id="oc-180">
         <name>.debug_info</name>
         <load_address>0x5f05</load_address>
         <run_address>0x5f05</run_address>
         <size>0x21d</size>
         <input_file_ref idref="fl-2c"/>
      </object_component>
      <object_component id="oc-186">
         <name>.debug_info</name>
         <load_address>0x6122</load_address>
         <run_address>0x6122</run_address>
         <size>0x1fa</size>
         <input_file_ref idref="fl-2c"/>
      </object_component>
      <object_component id="oc-200">
         <name>.debug_info</name>
         <load_address>0x631c</load_address>
         <run_address>0x631c</run_address>
         <size>0x215</size>
         <input_file_ref idref="fl-2c"/>
      </object_component>
      <object_component id="oc-16e">
         <name>.debug_info</name>
         <load_address>0x6531</load_address>
         <run_address>0x6531</run_address>
         <size>0x178</size>
         <input_file_ref idref="fl-2c"/>
      </object_component>
      <object_component id="oc-207">
         <name>.debug_info</name>
         <load_address>0x66a9</load_address>
         <run_address>0x66a9</run_address>
         <size>0x180</size>
         <input_file_ref idref="fl-2c"/>
      </object_component>
      <object_component id="oc-13c">
         <name>.debug_info</name>
         <load_address>0x6829</load_address>
         <run_address>0x6829</run_address>
         <size>0x169</size>
         <input_file_ref idref="fl-2c"/>
      </object_component>
      <object_component id="oc-19c">
         <name>.debug_info</name>
         <load_address>0x6992</load_address>
         <run_address>0x6992</run_address>
         <size>0xc8</size>
         <input_file_ref idref="fl-2c"/>
      </object_component>
      <object_component id="oc-197">
         <name>.debug_info</name>
         <load_address>0x6a5a</load_address>
         <run_address>0x6a5a</run_address>
         <size>0x1e7f</size>
         <input_file_ref idref="fl-2c"/>
      </object_component>
      <object_component id="oc-2b9">
         <name>.debug_info</name>
         <load_address>0x88d9</load_address>
         <run_address>0x88d9</run_address>
         <size>0x40e</size>
         <input_file_ref idref="fl-2d"/>
      </object_component>
      <object_component id="oc-12e">
         <name>.debug_info</name>
         <load_address>0x8ce7</load_address>
         <run_address>0x8ce7</run_address>
         <size>0x145</size>
         <input_file_ref idref="fl-2d"/>
      </object_component>
      <object_component id="oc-1bb">
         <name>.debug_info</name>
         <load_address>0x8e2c</load_address>
         <run_address>0x8e2c</run_address>
         <size>0x152</size>
         <input_file_ref idref="fl-2d"/>
      </object_component>
      <object_component id="oc-165">
         <name>.debug_info</name>
         <load_address>0x8f7e</load_address>
         <run_address>0x8f7e</run_address>
         <size>0x225</size>
         <input_file_ref idref="fl-2d"/>
      </object_component>
      <object_component id="oc-15f">
         <name>.debug_info</name>
         <load_address>0x91a3</load_address>
         <run_address>0x91a3</run_address>
         <size>0x225</size>
         <input_file_ref idref="fl-2d"/>
      </object_component>
      <object_component id="oc-284">
         <name>.debug_info</name>
         <load_address>0x93c8</load_address>
         <run_address>0x93c8</run_address>
         <size>0x18c</size>
         <input_file_ref idref="fl-2d"/>
      </object_component>
      <object_component id="oc-148">
         <name>.debug_info</name>
         <load_address>0x9554</load_address>
         <run_address>0x9554</run_address>
         <size>0x25c</size>
         <input_file_ref idref="fl-2e"/>
      </object_component>
      <object_component id="oc-10e">
         <name>.debug_info</name>
         <load_address>0x97b0</load_address>
         <run_address>0x97b0</run_address>
         <size>0x14f</size>
         <input_file_ref idref="fl-2e"/>
      </object_component>
      <object_component id="oc-1f2">
         <name>.debug_info</name>
         <load_address>0x98ff</load_address>
         <run_address>0x98ff</run_address>
         <size>0x187</size>
         <input_file_ref idref="fl-2e"/>
      </object_component>
      <object_component id="oc-1eb">
         <name>.debug_info</name>
         <load_address>0x9a86</load_address>
         <run_address>0x9a86</run_address>
         <size>0x187</size>
         <input_file_ref idref="fl-2e"/>
      </object_component>
      <object_component id="oc-34">
         <name>.debug_info</name>
         <load_address>0x9c0d</load_address>
         <run_address>0x9c0d</run_address>
         <size>0x17c</size>
         <input_file_ref idref="fl-35"/>
      </object_component>
      <object_component id="oc-69">
         <name>.debug_info</name>
         <load_address>0x9d89</load_address>
         <run_address>0x9d89</run_address>
         <size>0x15c</size>
         <input_file_ref idref="fl-36"/>
      </object_component>
      <object_component id="oc-23">
         <name>.debug_info</name>
         <load_address>0x9ee5</load_address>
         <run_address>0x9ee5</run_address>
         <size>0x1fb</size>
         <input_file_ref idref="fl-36"/>
      </object_component>
      <object_component id="oc-64">
         <name>.debug_info</name>
         <load_address>0xa0e0</load_address>
         <run_address>0xa0e0</run_address>
         <size>0x46</size>
         <input_file_ref idref="fl-36"/>
      </object_component>
      <object_component id="oc-b1">
         <name>.debug_info</name>
         <load_address>0xa126</load_address>
         <run_address>0xa126</run_address>
         <size>0x2c</size>
         <input_file_ref idref="fl-36"/>
      </object_component>
      <object_component id="oc-71">
         <name>.debug_info</name>
         <load_address>0xa152</load_address>
         <run_address>0xa152</run_address>
         <size>0x150</size>
         <input_file_ref idref="fl-37"/>
      </object_component>
      <object_component id="oc-6d">
         <name>.debug_info</name>
         <load_address>0xa2a2</load_address>
         <run_address>0xa2a2</run_address>
         <size>0x263</size>
         <input_file_ref idref="fl-37"/>
      </object_component>
      <object_component id="oc-2a">
         <name>.debug_info</name>
         <load_address>0xa505</load_address>
         <run_address>0xa505</run_address>
         <size>0x1cd</size>
         <input_file_ref idref="fl-37"/>
      </object_component>
      <object_component id="oc-72">
         <name>.debug_info</name>
         <load_address>0xa6d2</load_address>
         <run_address>0xa6d2</run_address>
         <size>0x39</size>
         <input_file_ref idref="fl-37"/>
      </object_component>
      <object_component id="oc-e2">
         <name>.debug_info</name>
         <load_address>0xa70b</load_address>
         <run_address>0xa70b</run_address>
         <size>0x250</size>
         <input_file_ref idref="fl-39"/>
      </object_component>
      <object_component id="oc-dc">
         <name>.debug_info</name>
         <load_address>0xa95b</load_address>
         <run_address>0xa95b</run_address>
         <size>0x1a1</size>
         <input_file_ref idref="fl-39"/>
      </object_component>
      <object_component id="oc-9c">
         <name>.debug_info</name>
         <load_address>0xaafc</load_address>
         <run_address>0xaafc</run_address>
         <size>0x230</size>
         <input_file_ref idref="fl-39"/>
      </object_component>
      <object_component id="oc-5f">
         <name>.debug_info</name>
         <load_address>0xad2c</load_address>
         <run_address>0xad2c</run_address>
         <size>0x12d</size>
         <input_file_ref idref="fl-3c"/>
      </object_component>
      <object_component id="oc-78">
         <name>.debug_info</name>
         <load_address>0xae59</load_address>
         <run_address>0xae59</run_address>
         <size>0x15b</size>
         <input_file_ref idref="fl-3d"/>
      </object_component>
      <object_component id="oc-84">
         <name>.debug_info</name>
         <load_address>0xafb4</load_address>
         <run_address>0xafb4</run_address>
         <size>0x154</size>
         <input_file_ref idref="fl-3e"/>
      </object_component>
      <object_component id="oc-8a">
         <name>.debug_info</name>
         <load_address>0xb108</load_address>
         <run_address>0xb108</run_address>
         <size>0x164</size>
         <input_file_ref idref="fl-3f"/>
      </object_component>
      <object_component id="oc-a2">
         <name>.debug_info</name>
         <load_address>0xb26c</load_address>
         <run_address>0xb26c</run_address>
         <size>0x125</size>
         <input_file_ref idref="fl-41"/>
      </object_component>
      <object_component id="oc-122">
         <name>.debug_info</name>
         <load_address>0xb391</load_address>
         <run_address>0xb391</run_address>
         <size>0x140</size>
         <input_file_ref idref="fl-48"/>
      </object_component>
      <object_component id="oc-df">
         <name>.debug_info</name>
         <load_address>0xb4d1</load_address>
         <run_address>0xb4d1</run_address>
         <size>0x12f</size>
         <input_file_ref idref="fl-48"/>
      </object_component>
      <object_component id="oc-11b">
         <name>.debug_info</name>
         <load_address>0xb600</load_address>
         <run_address>0xb600</run_address>
         <size>0x23b</size>
         <input_file_ref idref="fl-48"/>
      </object_component>
      <object_component id="oc-da">
         <name>.debug_info</name>
         <load_address>0xb83b</load_address>
         <run_address>0xb83b</run_address>
         <size>0x182</size>
         <input_file_ref idref="fl-4a"/>
      </object_component>
      <object_component id="oc-96">
         <name>.debug_info</name>
         <load_address>0xb9bd</load_address>
         <run_address>0xb9bd</run_address>
         <size>0x183</size>
         <input_file_ref idref="fl-4a"/>
      </object_component>
      <object_component id="oc-113">
         <name>.debug_info</name>
         <load_address>0xbb40</load_address>
         <run_address>0xbb40</run_address>
         <size>0x5e</size>
         <input_file_ref idref="fl-4a"/>
      </object_component>
      <object_component id="oc-d2">
         <name>.debug_info</name>
         <load_address>0xbb9e</load_address>
         <run_address>0xbb9e</run_address>
         <size>0x305</size>
         <input_file_ref idref="fl-4c"/>
      </object_component>
      <object_component id="oc-90">
         <name>.debug_info</name>
         <load_address>0xbea3</load_address>
         <run_address>0xbea3</run_address>
         <size>0x1e6</size>
         <input_file_ref idref="fl-4c"/>
      </object_component>
      <object_component id="oc-eb">
         <name>.debug_info</name>
         <load_address>0xc089</load_address>
         <run_address>0xc089</run_address>
         <size>0x39</size>
         <input_file_ref idref="fl-4c"/>
      </object_component>
      <object_component id="oc-f0">
         <name>.debug_info</name>
         <load_address>0xc0c2</load_address>
         <run_address>0xc0c2</run_address>
         <size>0xcd</size>
         <input_file_ref idref="fl-4c"/>
      </object_component>
      <object_component id="oc-e7">
         <name>.debug_info</name>
         <load_address>0xc18f</load_address>
         <run_address>0xc18f</run_address>
         <size>0x1fc</size>
         <input_file_ref idref="fl-4d"/>
      </object_component>
      <object_component id="oc-c6">
         <name>.debug_info</name>
         <load_address>0xc38b</load_address>
         <run_address>0xc38b</run_address>
         <size>0x19f</size>
         <input_file_ref idref="fl-4d"/>
      </object_component>
      <object_component id="oc-128">
         <name>.debug_info</name>
         <load_address>0xc52a</load_address>
         <run_address>0xc52a</run_address>
         <size>0x2c</size>
         <input_file_ref idref="fl-4d"/>
      </object_component>
      <object_component id="oc-cc">
         <name>.debug_info</name>
         <load_address>0xc556</load_address>
         <run_address>0xc556</run_address>
         <size>0x161</size>
         <input_file_ref idref="fl-51"/>
      </object_component>
      <object_component id="oc-2f3">
         <name>.debug_info</name>
         <load_address>0xc6b7</load_address>
         <run_address>0xc6b7</run_address>
         <size>0xa4</size>
      </object_component>
      <object_component id="oc-ae">
         <name>.debug_line</name>
         <load_address>0x0</load_address>
         <run_address>0x0</run_address>
         <size>0x20</size>
         <input_file_ref idref="fl-2"/>
      </object_component>
      <object_component id="oc-191">
         <name>.debug_line</name>
         <load_address>0x20</load_address>
         <run_address>0x20</run_address>
         <size>0x71</size>
         <input_file_ref idref="fl-2"/>
      </object_component>
      <object_component id="oc-29b">
         <name>.debug_line</name>
         <load_address>0x91</load_address>
         <run_address>0x91</run_address>
         <size>0x60</size>
         <input_file_ref idref="fl-3"/>
      </object_component>
      <object_component id="oc-2be">
         <name>.debug_line</name>
         <load_address>0xf1</load_address>
         <run_address>0xf1</run_address>
         <size>0x78</size>
         <input_file_ref idref="fl-a"/>
      </object_component>
      <object_component id="oc-29f">
         <name>.debug_line</name>
         <load_address>0x169</load_address>
         <run_address>0x169</run_address>
         <size>0x49</size>
         <input_file_ref idref="fl-a"/>
      </object_component>
      <object_component id="oc-24c">
         <name>.debug_line</name>
         <load_address>0x1b2</load_address>
         <run_address>0x1b2</run_address>
         <size>0x62</size>
         <input_file_ref idref="fl-a"/>
      </object_component>
      <object_component id="oc-252">
         <name>.debug_line</name>
         <load_address>0x214</load_address>
         <run_address>0x214</run_address>
         <size>0x64</size>
         <input_file_ref idref="fl-a"/>
      </object_component>
      <object_component id="oc-1ca">
         <name>.debug_line</name>
         <load_address>0x278</load_address>
         <run_address>0x278</run_address>
         <size>0x62</size>
         <input_file_ref idref="fl-a"/>
      </object_component>
      <object_component id="oc-1c4">
         <name>.debug_line</name>
         <load_address>0x2da</load_address>
         <run_address>0x2da</run_address>
         <size>0x7c</size>
         <input_file_ref idref="fl-a"/>
      </object_component>
      <object_component id="oc-2a8">
         <name>.debug_line</name>
         <load_address>0x356</load_address>
         <run_address>0x356</run_address>
         <size>0xa0</size>
         <input_file_ref idref="fl-e"/>
      </object_component>
      <object_component id="oc-2a6">
         <name>.debug_line</name>
         <load_address>0x3f6</load_address>
         <run_address>0x3f6</run_address>
         <size>0x4e</size>
         <input_file_ref idref="fl-e"/>
      </object_component>
      <object_component id="oc-241">
         <name>.debug_line</name>
         <load_address>0x444</load_address>
         <run_address>0x444</run_address>
         <size>0x66</size>
         <input_file_ref idref="fl-e"/>
      </object_component>
      <object_component id="oc-1dc">
         <name>.debug_line</name>
         <load_address>0x4aa</load_address>
         <run_address>0x4aa</run_address>
         <size>0x7b</size>
         <input_file_ref idref="fl-e"/>
      </object_component>
      <object_component id="oc-1e2">
         <name>.debug_line</name>
         <load_address>0x525</load_address>
         <run_address>0x525</run_address>
         <size>0x9f</size>
         <input_file_ref idref="fl-e"/>
      </object_component>
      <object_component id="oc-2bb">
         <name>.debug_line</name>
         <load_address>0x5c4</load_address>
         <run_address>0x5c4</run_address>
         <size>0x11e</size>
         <input_file_ref idref="fl-16"/>
      </object_component>
      <object_component id="oc-295">
         <name>.debug_line</name>
         <load_address>0x6e2</load_address>
         <run_address>0x6e2</run_address>
         <size>0x4b</size>
         <input_file_ref idref="fl-16"/>
      </object_component>
      <object_component id="oc-1b8">
         <name>.debug_line</name>
         <load_address>0x72d</load_address>
         <run_address>0x72d</run_address>
         <size>0x66</size>
         <input_file_ref idref="fl-16"/>
      </object_component>
      <object_component id="oc-227">
         <name>.debug_line</name>
         <load_address>0x793</load_address>
         <run_address>0x793</run_address>
         <size>0x67</size>
         <input_file_ref idref="fl-16"/>
      </object_component>
      <object_component id="oc-1b1">
         <name>.debug_line</name>
         <load_address>0x7fa</load_address>
         <run_address>0x7fa</run_address>
         <size>0x8f</size>
         <input_file_ref idref="fl-16"/>
      </object_component>
      <object_component id="oc-1ab">
         <name>.debug_line</name>
         <load_address>0x889</load_address>
         <run_address>0x889</run_address>
         <size>0xd3</size>
         <input_file_ref idref="fl-16"/>
      </object_component>
      <object_component id="oc-1a5">
         <name>.debug_line</name>
         <load_address>0x95c</load_address>
         <run_address>0x95c</run_address>
         <size>0xc4</size>
         <input_file_ref idref="fl-16"/>
      </object_component>
      <object_component id="oc-15b">
         <name>.debug_line</name>
         <load_address>0xa20</load_address>
         <run_address>0xa20</run_address>
         <size>0x68</size>
         <input_file_ref idref="fl-16"/>
      </object_component>
      <object_component id="oc-221">
         <name>.debug_line</name>
         <load_address>0xa88</load_address>
         <run_address>0xa88</run_address>
         <size>0x6f</size>
         <input_file_ref idref="fl-16"/>
      </object_component>
      <object_component id="oc-1d0">
         <name>.debug_line</name>
         <load_address>0xaf7</load_address>
         <run_address>0xaf7</run_address>
         <size>0x92</size>
         <input_file_ref idref="fl-16"/>
      </object_component>
      <object_component id="oc-1d6">
         <name>.debug_line</name>
         <load_address>0xb89</load_address>
         <run_address>0xb89</run_address>
         <size>0x75</size>
         <input_file_ref idref="fl-19"/>
      </object_component>
      <object_component id="oc-260">
         <name>.debug_line</name>
         <load_address>0xbfe</load_address>
         <run_address>0xbfe</run_address>
         <size>0x62</size>
         <input_file_ref idref="fl-19"/>
      </object_component>
      <object_component id="oc-10b">
         <name>.debug_line</name>
         <load_address>0xc60</load_address>
         <run_address>0xc60</run_address>
         <size>0x61</size>
         <input_file_ref idref="fl-19"/>
      </object_component>
      <object_component id="oc-ff">
         <name>.debug_line</name>
         <load_address>0xcc1</load_address>
         <run_address>0xcc1</run_address>
         <size>0x61</size>
         <input_file_ref idref="fl-19"/>
      </object_component>
      <object_component id="oc-25a">
[...]
         <value>0xffffffff</value>
      </symbol>
      <symbol id="sm-11">
         <name>__TI_prof_data_start</name>
         <value>0xffffffff</value>
      </symbol>
      <symbol id="sm-12">
         <name>__TI_prof_data_size</name>
         <value>0xffffffff</value>
      </symbol>
      <symbol id="sm-47">
         <name>CPUcpsie</name>
         <value>0x205705</value>
         <object_component_ref idref="oc-297"/>
      </symbol>
      <symbol id="sm-4e">
         <name>z1secvalues</name>
         <value>0x200000</value>
         <object_component_ref idref="oc-3e"/>
      </symbol>
      <symbol id="sm-4f">
         <name>z1_csm_rsvd</name>
         <value>0x200024</value>
         <object_component_ref idref="oc-3f"/>
      </symbol>
      <symbol id="sm-55">
         <name>z2_csm_rsvd</name>
         <value>0x27ff00</value>
         <object_component_ref idref="oc-41"/>
      </symbol>
      <symbol id="sm-56">
         <name>z2secvalues</name>
         <value>0x27ffdc</value>
         <object_component_ref idref="oc-40"/>
      </symbol>
      <symbol id="sm-98">
         <name>GPIOPinConfigure</name>
         <value>0x2049e9</value>
         <object_component_ref idref="oc-1c0"/>
      </symbol>
      <symbol id="sm-99">
         <name>GPIOPinTypeUART</name>
         <value>0x2055f1</value>
         <object_component_ref idref="oc-1c6"/>
      </symbol>
      <symbol id="sm-9a">
         <name>GPIODirModeSet</name>
         <value>0x205179</value>
         <object_component_ref idref="oc-248"/>
      </symbol>
      <symbol id="sm-9b">
         <name>GPIOPadConfigSet</name>
         <value>0x204941</value>
         <object_component_ref idref="oc-24e"/>
      </symbol>
      <symbol id="sm-d4">
         <name>IntEnable</name>
         <value>0x204895</value>
         <object_component_ref idref="oc-1de"/>
      </symbol>
      <symbol id="sm-d5">
         <name>IntRegister</name>
         <value>0x2051d5</value>
         <object_component_ref idref="oc-1d8"/>
      </symbol>
      <symbol id="sm-d6">
         <name>g_pfnRAMVectors</name>
         <value>0x20000000</value>
         <object_component_ref idref="oc-263"/>
      </symbol>
      <symbol id="sm-d7">
         <name>IntMasterEnable</name>
         <value>0x205735</value>
         <object_component_ref idref="oc-23d"/>
      </symbol>
      <symbol id="sm-172">
         <name>SysCtlXPllClockDividerSet</name>
         <value>0x204c59</value>
         <object_component_ref idref="oc-1ad"/>
      </symbol>
      <symbol id="sm-173">
         <name>SysCtlClockConfigSet</name>
         <value>0x205319</value>
         <object_component_ref idref="oc-157"/>
      </symbol>
      <symbol id="sm-174">
         <name>SysCtlDelay</name>
         <value>0x205749</value>
         <object_component_ref idref="oc-236"/>
      </symbol>
      <symbol id="sm-175">
         <name>SysCtlPeripheralEnable</name>
         <value>0x2053b1</value>
         <object_component_ref idref="oc-1b4"/>
      </symbol>
      <symbol id="sm-176">
         <name>SysCtlClockPllConfig</name>
         <value>0x2041e5</value>
         <object_component_ref idref="oc-1a1"/>
      </symbol>
      <symbol id="sm-177">
         <name>SysCtlClockGet</name>
         <value>0x20470d</value>
         <object_component_ref idref="oc-1cc"/>
      </symbol>
      <symbol id="sm-178">
         <name>SysCtlClockConfigGet</name>
         <value>0x204bc5</value>
         <object_component_ref idref="oc-21d"/>
      </symbol>
      <symbol id="sm-179">
         <name>SysCtlPeripheralIsEnabled</name>
         <value>0x2054e5</value>
         <object_component_ref idref="oc-223"/>
      </symbol>
      <symbol id="sm-17a">
         <name>SysCtlClockDividersSet</name>
         <value>0x2044b9</value>
         <object_component_ref idref="oc-1a7"/>
      </symbol>
      <symbol id="sm-1e6">
         <name>UARTConfigSetExpClk</name>
         <value>0x204df9</value>
         <object_component_ref idref="oc-1d2"/>
      </symbol>
      <symbol id="sm-1e7">
         <name>UARTDisable</name>
         <value>0x205551</value>
         <object_component_ref idref="oc-256"/>
      </symbol>
      <symbol id="sm-1e8">
         <name>UARTIntEnable</name>
         <value>0x20564d</value>
         <object_component_ref idref="oc-1e4"/>
      </symbol>
      <symbol id="sm-1e9">
         <name>UARTCharPut</name>
         <value>0x205581</value>
         <object_component_ref idref="oc-2b2"/>
      </symbol>
      <symbol id="sm-1ea">
         <name>change_fifo_len_by_def</name>
         <value>0x205729</value>
         <object_component_ref idref="oc-107"/>
      </symbol>
      <symbol id="sm-1eb">
         <name>change_fifo_len_by_1</name>
         <value>0x20571d</value>
         <object_component_ref idref="oc-fb"/>
      </symbol>
      <symbol id="sm-1ec">
         <name>UARTEnable</name>
         <value>0x2055a7</value>
         <object_component_ref idref="oc-25c"/>
      </symbol>
      <symbol id="sm-1ed">
         <name>UARTIntClear</name>
         <value>0x2056c1</value>
         <object_component_ref idref="oc-276"/>
      </symbol>
      <symbol id="sm-1ee">
         <name>UARTIntStatus</name>
         <value>0x205613</value>
         <object_component_ref idref="oc-26a"/>
      </symbol>
      <symbol id="sm-1ef">
         <name>UARTSpaceAvail</name>
         <value>0x205665</value>
         <object_component_ref idref="oc-2ac"/>
      </symbol>
      <symbol id="sm-1f0">
         <name>UARTCharGet</name>
         <value>0x205695</value>
         <object_component_ref idref="oc-270"/>
      </symbol>
      <symbol id="sm-205">
         <name>WatchdogRunning</name>
         <value>0x2056e5</value>
         <object_component_ref idref="oc-229"/>
      </symbol>
      <symbol id="sm-206">
         <name>WatchdogReloadSet</name>
         <value>0x2056d3</value>
         <object_component_ref idref="oc-22f"/>
      </symbol>
      <symbol id="sm-245">
         <name>ResetISR</name>
         <value>0x200031</value>
         <object_component_ref idref="oc-43"/>
      </symbol>
      <symbol id="sm-246">
         <name>g_pfnVectors</name>
         <value>0x201000</value>
         <object_component_ref idref="oc-1e"/>
      </symbol>
      <symbol id="sm-28b">
         <name>Weight</name>
         <value>0x200003cc</value>
      </symbol>
      <symbol id="sm-28c">
         <name>CheckWeight</name>
         <value>0x200003dc</value>
         <object_component_ref idref="oc-218"/>
      </symbol>
      <symbol id="sm-28d">
         <name>RegValue</name>
         <value>0x200003d4</value>
         <object_component_ref idref="oc-218"/>
      </symbol>
      <symbol id="sm-28e">
         <name>CheckBp</name>
         <value>0x200003db</value>
         <object_component_ref idref="oc-218"/>
      </symbol>
      <symbol id="sm-28f">
         <name>LowBp</name>
         <value>0x200003d6</value>
         <object_component_ref idref="oc-218"/>
      </symbol>
      <symbol id="sm-290">
         <name>Test6En</name>
         <value>0x200003d9</value>
         <object_component_ref idref="oc-218"/>
      </symbol>
      <symbol id="sm-291">
         <name>InitializeAllUart</name>
         <value>0x2054ad</value>
         <object_component_ref idref="oc-133"/>
      </symbol>
      <symbol id="sm-292">
         <name>CheckBli</name>
         <value>0x200003da</value>
         <object_component_ref idref="oc-218"/>
      </symbol>
      <symbol id="sm-293">
         <name>Chars</name>
         <value>0x200003e5</value>
         <object_component_ref idref="oc-218"/>
      </symbol>
      <symbol id="sm-294">
         <name>HighBp</name>
         <value>0x200003d7</value>
         <object_component_ref idref="oc-218"/>
      </symbol>
      <symbol id="sm-295">
         <name>main</name>
         <value>0x2055cd</value>
         <object_component_ref idref="oc-d3"/>
      </symbol>
      <symbol id="sm-296">
         <name>ConvertFloatToHex</name>
         <value>0x2052cd</value>
         <object_component_ref idref="oc-20e"/>
      </symbol>
      <symbol id="sm-297">
         <name>NewIMP</name>
         <value>0x200003e0</value>
         <object_component_ref idref="oc-218"/>
      </symbol>
      <symbol id="sm-298">
         <name>CallSystem</name>
         <value>0x205711</value>
         <object_component_ref idref="oc-f5"/>
      </symbol>
      <symbol id="sm-299">
         <name>PointEn</name>
         <value>0x200003e4</value>
         <object_component_ref idref="oc-218"/>
      </symbol>
      <symbol id="sm-29a">
         <name>PulseRate</name>
         <value>0x200003d8</value>
         <object_component_ref idref="oc-218"/>
      </symbol>
      <symbol id="sm-3a7">
         <name>MdbReq</name>
         <value>0x20000398</value>
      </symbol>
      <symbol id="sm-3a8">
         <name>WriteCoil</name>
         <value>0x200003d0</value>
      </symbol>
      <symbol id="sm-3a9">
         <name>WriteHoldReg</name>
         <value>0x200003c0</value>
      </symbol>
      <symbol id="sm-3aa">
         <name>MdbResponse</name>
         <value>0x200003ac</value>
      </symbol>
      <symbol id="sm-3ab">
         <name>TxDelay</name>
         <value>0x200003e8</value>
         <object_component_ref idref="oc-14a"/>
      </symbol>
      <symbol id="sm-3ac">
         <name>TestState</name>
         <value>0x200003f1</value>
         <object_component_ref idref="oc-14a"/>
      </symbol>
      <symbol id="sm-3ad">
         <name>FromReadCoil</name>
         <value>0x204d75</value>
         <object_component_ref idref="oc-179"/>
      </symbol>
      <symbol id="sm-3ae">
         <name>MdbRes</name>
         <value>0x200003f0</value>
         <object_component_ref idref="oc-14a"/>
      </symbol>
      <symbol id="sm-3af">
         <name>SendMDBResponse</name>
         <value>0x204371</value>
         <object_component_ref idref="oc-1ff"/>
      </symbol>
      <symbol id="sm-3b0">
         <name>CrcSize</name>
         <value>0x200003f2</value>
         <object_component_ref idref="oc-14a"/>
      </symbol>
      <symbol id="sm-3b1">
         <name>FromWriteSingleReg</name>
         <value>0x2050b9</value>
         <object_component_ref idref="oc-185"/>
      </symbol>
      <symbol id="sm-3b2">
         <name>NoOfBytes</name>
         <value>0x200003ec</value>
         <object_component_ref idref="oc-14a"/>
      </symbol>
      <symbol id="sm-3b3">
         <name>FromWriteSingleCoil</name>
         <value>0x204a8d</value>
         <object_component_ref idref="oc-173"/>
      </symbol>
      <symbol id="sm-3b4">
         <name>AppendCrc</name>
         <value>0x204ce9</value>
         <object_component_ref idref="oc-206"/>
      </symbol>
      <symbol id="sm-3b5">
         <name>FromReadHoldingReg</name>
         <value>0x204001</value>
         <object_component_ref idref="oc-17f"/>
      </symbol>
      <symbol id="sm-3b6">
         <name>ComputeMdbResponse</name>
         <value>0x205281</value>
         <object_component_ref idref="oc-141"/>
      </symbol>
      <symbol id="sm-3b7">
         <name>WeightData</name>
         <value>0x200003f5</value>
         <object_component_ref idref="oc-14a"/>
      </symbol>
      <symbol id="sm-3b8">
         <name>CRCLo</name>
         <value>0x200003f4</value>
         <object_component_ref idref="oc-14a"/>
      </symbol>
      <symbol id="sm-3b9">
         <name>CRCHigh</name>
         <value>0x205758</value>
         <object_component_ref idref="oc-1f8"/>
      </symbol>
      <symbol id="sm-3ba">
         <name>CheckCRC</name>
         <value>0x2047e1</value>
         <object_component_ref idref="oc-16d"/>
      </symbol>
      <symbol id="sm-3bb">
         <name>CRCHi</name>
         <value>0x200003f3</value>
         <object_component_ref idref="oc-14a"/>
      </symbol>
      <symbol id="sm-3bc">
         <name>PollMdbResponse</name>
         <value>0x204601</value>
         <object_component_ref idref="oc-101"/>
      </symbol>
      <symbol id="sm-3bd">
         <name>ClearUART1Buffer</name>
         <value>0x205475</value>
         <object_component_ref idref="oc-13b"/>
      </symbol>
      <symbol id="sm-3be">
         <name>CRCLow</name>
         <value>0x205b58</value>
         <object_component_ref idref="oc-1fb"/>
      </symbol>
      <symbol id="sm-407">
         <name>InitUART0</name>
         <value>0x204ef5</value>
         <object_component_ref idref="oc-164"/>
      </symbol>
      <symbol id="sm-408">
         <name>InitUART1</name>
         <value>0x204f69</value>
         <object_component_ref idref="oc-15e"/>
      </symbol>
      <symbol id="sm-409">
         <name>InitSystem</name>
         <value>0x205631</value>
         <object_component_ref idref="oc-12d"/>
      </symbol>
      <symbol id="sm-40a">
         <name>InitMasterInterrupt</name>
         <value>0x20573f</value>
         <object_component_ref idref="oc-1ba"/>
      </symbol>
      <symbol id="sm-40b">
         <name>WriteToUART1</name>
         <value>0x205439</value>
         <object_component_ref idref="oc-283"/>
      </symbol>
      <symbol id="sm-436">
         <name>UART0Buffer</name>
         <value>0x20000358</value>
      </symbol>
      <symbol id="sm-437">
         <name>UART1Buffer</name>
         <value>0x20000378</value>
      </symbol>
      <symbol id="sm-438">
         <name>UART1IntHandler</name>
         <value>0x205119</value>
         <object_component_ref idref="oc-1ea"/>
      </symbol>
      <symbol id="sm-439">
         <name>UART0IntHandler</name>
         <value>0x20551d</value>
         <object_component_ref idref="oc-1f1"/>
      </symbol>
      <symbol id="sm-43a">
         <name>TX_cnt</name>
         <value>0x20000410</value>
         <object_component_ref idref="oc-10d"/>
      </symbol>
      <symbol id="sm-43b">
         <name>NeglectZeros</name>
         <value>0x2000040e</value>
         <object_component_ref idref="oc-10d"/>
      </symbol>
      <symbol id="sm-43c">
         <name>UART0Count</name>
         <value>0x2000040c</value>
         <object_component_ref idref="oc-10d"/>
      </symbol>
      <symbol id="sm-43d">
         <name>UART1Count</name>
         <value>0x2000040d</value>
         <object_component_ref idref="oc-10d"/>
      </symbol>
      <symbol id="sm-44d">
         <name>_c_int00</name>
         <value>0x2053f9</value>
         <object_component_ref idref="oc-33"/>
      </symbol>
      <symbol id="sm-44e">
         <name>__stack</name>
         <value>0x20000258</value>
         <object_component_ref idref="oc-42"/>
      </symbol>
      <symbol id="sm-465">
         <name>__TI_decompress_none</name>
         <value>0x2056f7</value>
         <object_component_ref idref="oc-21"/>
      </symbol>
      <symbol id="sm-488">
         <name>__TI_decompress_rle24</name>
         <value>0x20574f</value>
         <object_component_ref idref="oc-27"/>
      </symbol>
      <symbol id="sm-4aa">
         <name>C$$EXIT</name>
         <value>0x20522d</value>
         <object_component_ref idref="oc-9b"/>
      </symbol>
      <symbol id="sm-4ab">
         <name>abort</name>
         <value>0x205231</value>
         <object_component_ref idref="oc-9b"/>
      </symbol>
      <symbol id="sm-4ac">
         <name>exit</name>
         <value>0x205239</value>
         <object_component_ref idref="oc-9b"/>
      </symbol>
      <symbol id="sm-4ad">
         <name>__TI_dtors_ptr</name>
         <value>0x200003fc</value>
         <object_component_ref idref="oc-db"/>
      </symbol>
      <symbol id="sm-4ae">
         <name>__TI_cleanup_ptr</name>
         <value>0x200003f8</value>
         <object_component_ref idref="oc-db"/>
      </symbol>
      <symbol id="sm-4af">
         <name>__TI_enable_exit_profile_output</name>
         <value>0x20000400</value>
         <object_component_ref idref="oc-db"/>
      </symbol>
      <symbol id="sm-4cc">
         <name>memcpy</name>
         <value>0x204b29</value>
         <object_component_ref idref="oc-5e"/>
      </symbol>
      <symbol id="sm-4cd">
         <name>__aeabi_memcpy</name>
         <value>0x204b29</value>
         <object_component_ref idref="oc-5e"/>
      </symbol>
      <symbol id="sm-4ce">
         <name>__aeabi_memcpy8</name>
         <value>0x204b29</value>
         <object_component_ref idref="oc-5e"/>
      </symbol>
      <symbol id="sm-4cf">
         <name>__aeabi_memcpy4</name>
         <value>0x204b29</value>
         <object_component_ref idref="oc-5e"/>
      </symbol>
      <symbol id="sm-4de">
         <name>__aeabi_memset</name>
         <value>0x204e7d</value>
         <object_component_ref idref="oc-77"/>
      </symbol>
      <symbol id="sm-4df">
         <name>memset</name>
         <value>0x204e83</value>
         <object_component_ref idref="oc-77"/>
      </symbol>
      <symbol id="sm-4e0">
         <name>__aeabi_memset8</name>
         <value>0x204e7d</value>
         <object_component_ref idref="oc-77"/>
      </symbol>
      <symbol id="sm-4e1">
         <name>__aeabi_memset4</name>
         <value>0x204e7d</value>
         <object_component_ref idref="oc-77"/>
      </symbol>
      <symbol id="sm-4e2">
         <name>__aeabi_memclr8</name>
         <value>0x204e7b</value>
         <object_component_ref idref="oc-77"/>
      </symbol>
      <symbol id="sm-4e3">
         <name>__aeabi_memclr4</name>
         <value>0x204e7b</value>
         <object_component_ref idref="oc-77"/>
      </symbol>
      <symbol id="sm-4e4">
         <name>__aeabi_memclr</name>
         <value>0x204e7b</value>
         <object_component_ref idref="oc-77"/>
      </symbol>
      <symbol id="sm-4ee">
         <name>__mpu_init</name>
         <value>0x2056ab</value>
         <object_component_ref idref="oc-83"/>
      </symbol>
      <symbol id="sm-4f8">
         <name>_system_pre_init</name>
         <value>0x205755</value>
         <object_component_ref idref="oc-89"/>
      </symbol>
      <symbol id="sm-501">
         <name>main_func_sp</name>
         <value>0x20000414</value>
         <object_component_ref idref="oc-a1"/>
      </symbol>
      <symbol id="sm-520">
         <name>_nop</name>
         <value>0x2056bb</value>
         <object_component_ref idref="oc-11a"/>
      </symbol>
      <symbol id="sm-521">
         <name>_lock</name>
         <value>0x20000404</value>
         <object_component_ref idref="oc-de"/>
      </symbol>
      <symbol id="sm-522">
         <name>_unlock</name>
         <value>0x20000408</value>
         <object_component_ref idref="oc-de"/>
      </symbol>
      <symbol id="sm-523">
         <name>_register_lock</name>
         <value>0x2056b3</value>
         <object_component_ref idref="oc-11a"/>
      </symbol>
      <symbol id="sm-524">
         <name>_register_unlock</name>
         <value>0x2056ad</value>
         <object_component_ref idref="oc-11a"/>
      </symbol>
      <symbol id="sm-539">
         <name>_args_main</name>
         <value>0x20567d</value>
         <object_component_ref idref="oc-95"/>
      </symbol>
      <symbol id="sm-55f">
         <name>__TI_auto_init</name>
         <value>0x204fdd</value>
         <object_component_ref idref="oc-8f"/>
      </symbol>
      <symbol id="sm-579">
         <name>copy_in</name>
         <value>0x205365</value>
         <object_component_ref idref="oc-c5"/>
      </symbol>
      <symbol id="sm-586">
         <name>_system_post_cinit</name>
         <value>0x205747</value>
         <object_component_ref idref="oc-cb"/>
      </symbol>
      <symbol id="sm-596">
         <name>__TI_static_base__</name>
         <value>0x205ff8</value>
      </symbol>
      <symbol id="sm-599">
         <name>SHT$$INIT_ARRAY$$Limit</name>
         <value>0x0</value>
      </symbol>
      <symbol id="sm-59a">
         <name>SHT$$INIT_ARRAY$$Base</name>
         <value>0x0</value>
      </symbol>
   </symbol_table>
   <title>Link successful</title>
</link_info>
