******************************************************************************
                  TI ARM Linker Unix v15.12.1                  
******************************************************************************
>> Linked Fri Aug 11 10:25:19 2017

OUTPUT FILE NAME:   <Modbus-Slave.out>
ENTRY POINT SYMBOL: "_c_int00"  address: 00204c41


MEMORY CONFIGURATION

         name            origin    length      used     unused   attr    fill
----------------------  --------  ---------  --------  --------  ----  --------
  CSM_ECSL_Z1           00200000   00000024  00000024  00000000  RWIX
  CSM_RSVD_Z1           00200024   0000000c  0000000c  00000000  RWIX
  RESETISR              00200030   00000008  00000006  00000002  R  X
  INTVECS               00201000   000001b0  000001b0  00000000  R  X
  FLASHLOAD             00201200   00002e00  00000000  00002e00  R  X
  FLASH                 00204000   0007bf00  00000fa6  0007af5a  R  X
  CSM_RSVD_Z2           0027ff00   000000dc  0000000c  000000d0  RWIX
  CSM_ECSL_Z2           0027ffdc   00000024  00000024  00000000  RWIX
  C0                    20000000   00004000  00000573  00003a8d  RW X
  BOOT_RSVD             20004000   00000900  00000000  00000900  R  X
  C2                    20004900   00001700  00000000  00001700  RW X
  C3                    20006000   00002000  00000000  00002000  RW X
  S0                    20008000   00002000  00000000  00002000  RW X
  S1                    2000a000   00002000  00000000  00002000  RW X
  S2                    2000c000   00002000  00000000  00002000  RW X
  S3                    2000e000   00002000  00000000  00002000  RW X
  S4                    20010000   00002000  00000000  00002000  RW X
  S5                    20012000   00002000  00000000  00002000  RW X
  S6                    20014000   00002000  00000000  00002000  RW X
  S7                    20016000   00002000  00000000  00002000  RW X
  CTOMRAM               2007f000   00000800  00000000  00000800  R  X
  MTOCRAM               2007f800   00000800  00000000  00000800  RW X


SEGMENT ALLOCATION MAP

run origin  load origin   length   init length attrs members
----------  ----------- ---------- ----------- ----- -------
00200000    00200000    00000036   00000036    r-x
  00200000    00200000    00000024   00000024    r-- .z1secvalues
  00200024    00200024    0000000c   0000000c    r-- .z1_csm_rsvd
  00200030    00200030    00000006   00000006    r-x .resetisr
00201000    00201000    000001b0   000001b0    r--
  00201000    00201000    000001b0   000001b0    r-- .intvecs
00204000    00204000    00000fac   00000fac    r-x
  00204000    00204000    00000eb6   00000eb6    r-x .text
  00204eb8    00204eb8    0000009c   0000009c    r-- .const
  00204f58    00204f58    00000054   00000054    r-- .cinit
0027ff00    0027ff00    0000000c   0000000c    r--
  0027ff00    0027ff00    0000000c   0000000c    r-- .z2_csm_rsvd
0027ffdc    0027ffdc    00000024   00000024    r--
  0027ffdc    0027ffdc    00000024   00000024    r-- .z2secvalues
20000000    20000000    00000573   00000000    rw-
  20000000    20000000    00000258   00000000    rw- .vtable
  20000258    20000258    00000200   00000000    rw- .bss
  20000458    20000458    00000100   00000000    rw- .stack
  20000558    20000558    0000001b   00000000    rw- .data


SECTION ALLOCATION MAP

 output                                  attributes/
section   page    origin      length       input sections
--------  ----  ----------  ----------   ----------------
.z1secvalues 
*          0    00200000    00000024     
                  00200000    00000024     dcsm_z1_secvalues.obj (.z1secvalues)

.z1_csm_rsvd 
*          0    00200024    0000000c     
                  00200024    0000000c     dcsm_z1_secvalues.obj (.z1_csm_rsvd)

.resetisr 
*          0    00200030    00000006     
                  00200030    00000006     startup_ccs.obj (.resetisr:ResetISR)

.intvecs   0    00201000    000001b0     
                  00201000    000001b0     startup_ccs.obj (.intvecs)

.text      0    00204000    00000eb6     
                  00204000    0000018c     sysctl.obj (.text:SysCtlClockPllConfig)
                  0020418c    00000148     sysctl.obj (.text:SysCtlClockDividersSet)
                  002042d4    000000d4     sysctl.obj (.text:SysCtlClockGet)
                  002043a8    000000ac     interrupt.obj (.text:IntEnable)
                  00204454    000000a6     gpio.obj (.text:GPIOPadConfigSet)
                  002044fa    00000002     startup_ccs.obj (.text:FaultISR)
                  002044fc    000000a4     gpio.obj (.text:GPIOPinConfigure)
                  002045a0    0000009c     rtsv7M3_T_le_eabi.lib : memcpy_t2.obj (.text)
                  0020463c    00000094     sysctl.obj (.text:SysCtlClockConfigGet)
                  002046d0    00000090     sysctl.obj (.text:SysCtlXPllClockDividerSet)
                  00204760    0000007a     rtsv7M3_T_le_eabi.lib : memset_t2.obj (.text)
                  002047da    00000076     uart.obj (.text:UARTConfigSetExpClk)
                  00204850    00000074     UART_Interface.obj (.text:InitUART0)
                  002048c4    00000074     UART_Interface.obj (.text:InitUART1)
                  00204938    00000070     rtsv7M3_T_le_eabi.lib : autoinit.obj (.text)
                  002049a8    0000006a                           : copy_decompress_rle.obj (.text)
                  00204a12    0000005c     gpio.obj (.text:GPIODirModeSet)
                  00204a6e    00000002     startup_ccs.obj (.text:IntDefaultHandler)
                  00204a70    00000058     interrupt.obj (.text:IntRegister)
                  00204ac8    00000054     rtsv7M3_T_le_eabi.lib : exit.obj (.text)
                  00204b1c    0000004c     sysctl.obj (.text:SysCtlClockConfigSet)
                  00204b68    0000004c     rtsv7M3_T_le_eabi.lib : cpy_tbl.obj (.text)
                  00204bb4    00000048     sysctl.obj (.text:SysCtlPeripheralEnable)
                  00204bfc    00000044     UART_Interrupt.obj (.text:UART1IntHandler)
                  00204c40    00000040     rtsv7M3_T_le_eabi.lib : boot.obj (.text)
                  00204c80    00000038     sysctl.obj (.text:SysCtlPeripheralIsEnabled)
                  00204cb8    00000034     UART_Interrupt.obj (.text:UART0IntHandler)
                  00204cec    00000030     uart.obj (.text:UARTDisable)
                  00204d1c    00000024     A_Wellth_Main.obj (.text:InitializeAllUart)
                  00204d40    00000024     uart.obj (.text:UARTEnable)
                  00204d64    00000022     gpio.obj (.text:GPIOPinTypeUART)
                  00204d86    0000001e     uart.obj (.text:UARTIntStatus)
                  00204da4    0000001c     uart.obj (.text:UARTCharGetNonBlocking)
                  00204dc0    00000018     uart.obj (.text:UARTIntEnable)
                  00204dd8    00000018     rtsv7M3_T_le_eabi.lib : args_main.obj (.text)
                  00204df0    00000016     uart.obj (.text:UARTCharGet)
                  00204e06    00000002     startup_ccs.obj (.text:NmiSR)
                  00204e08    00000014     rtsv7M3_T_le_eabi.lib : _lock.obj (.text)
                  00204e1c    00000012     uart.obj (.text:UARTIntClear)
                  00204e2e    00000012     watchdog.obj (.text:WatchdogReloadSet)
                  00204e40    00000012     watchdog.obj (.text:WatchdogRunning)
                  00204e52    00000002     rtsv7M3_T_le_eabi.lib : mpu_init.obj (.text)
                  00204e54    00000010     UART_Interface.obj (.text:InitSystem)
                  00204e64    0000000e     rtsv7M3_T_le_eabi.lib : copy_decompress_none.obj (.text:decompress:none)
                  00204e72    0000000c     cpu.obj (.text:CPUcpsie)
                  00204e7e    0000000c     A_Wellth_Main.obj (.text:CallSystem)
                  00204e8a    0000000a     interrupt.obj (.text:IntMasterEnable)
                  00204e94    00000008     UART_Interface.obj (.text:InitMasterInterrupt)
                  00204e9c    00000008     A_Wellth_Main.obj (.text:main)
                  00204ea4    00000006     sysctl.obj (.text:SysCtlDelay)
                  00204eaa    00000006     rtsv7M3_T_le_eabi.lib : copy_decompress_rle.obj (.text:decompress:rle24)
                  00204eb0    00000004                           : pre_init.obj (.text)
                  00204eb4    00000002                           : startup.obj (.text)

.const     0    00204eb8    0000009c     
                  00204eb8    00000088     gpio.obj (.const:g_pulGPIOBaseAddrs)
                  00204f40    00000014     sysctl.obj (.const:g_pulRCGCRegs)

.cinit     0    00204f58    00000054     
                  00204f58    00000017     (.cinit..data.load) [load image, compression = rle]
                  00204f6f    00000001     --HOLE-- [fill = 0]
                  00204f70    0000000b     (.cinit..bss.load) [load image, compression = rle]
                  00204f7b    00000005     --HOLE-- [fill = 0]
                  00204f80    0000000b     (.cinit..vtable.load) [load image, compression = rle]
                  00204f8b    00000001     --HOLE-- [fill = 0]
                  00204f8c    00000008     (__TI_handler_table)
                  00204f94    00000018     (__TI_cinit_table)

.z2_csm_rsvd 
*          0    0027ff00    0000000c     
                  0027ff00    0000000c     dcsm_z2_secvalues.obj (.z2_csm_rsvd)

.z2secvalues 
*          0    0027ffdc    00000024     
                  0027ffdc    00000024     dcsm_z2_secvalues.obj (.z2secvalues)

.vtable    0    20000000    00000258     UNINITIALIZED
                  20000000    00000258     interrupt.obj (.vtable)

ramfuncs   0    20000000    00000000     UNINITIALIZED

.bss       0    20000258    00000200     UNINITIALIZED
                  20000258    00000100     (.common:UART0Buffer)
                  20000358    00000100     (.common:UART1Buffer)

.data      0    20000558    0000001b     UNINITIALIZED
                  20000558    0000000c     rtsv7M3_T_le_eabi.lib : exit.obj (.data:$O1$$)
                  20000564    00000008                           : _lock.obj (.data:$O1$$)
                  2000056c    00000004                           : stkdepth_vars.obj (.data)
                  20000570    00000003     UART_Interrupt.obj (.data)

.stack     0    20000458    00000100     UNINITIALIZED
                  20000458    00000100     --HOLE--

GETBUFFER 
*          0    2007f000    00000000     DSECT

GETWRITEIDX 
*          0    2007f000    00000000     DSECT

PUTREADIDX 
*          0    2007f000    00000000     DSECT

MODULE SUMMARY

       Module                     code   ro data   rw data
       ------                     ----   -------   -------
    ./F28M35H52C_System/driverlib/
       sysctl.obj                 1438   20        0      
       interrupt.obj              270    0         600    
       gpio.obj                   456    136       0      
       uart.obj                   324    0         0      
       dcsm_z1_secvalues.obj      0      48        0      
       dcsm_z2_secvalues.obj      0      48        0      
       watchdog.obj               36     0         0      
       cpu.obj                    12     0         0      
    +--+--------------------------+------+---------+---------+
       Total:                     2536   252       600    
                                                          
    ./F28M35H52C_System/utils/
       startup_ccs.obj            12     432       0      
    +--+--------------------------+------+---------+---------+
       Total:                     12     432       0      
                                                          
    ./src/
       UART_Interrupt.obj         120    0         515    
       UART_Interface.obj         256    0         0      
       A_Wellth_Main.obj          56     0         0      
    +--+--------------------------+------+---------+---------+
       Total:                     432    0         515    
                                                          
    /home/preetham/ti/ccsv6/tools/compiler/ti-cgt-arm_15.12.1.LTS/lib/rtsv7M3_T_le_eabi.lib
       memcpy_t2.obj              156    0         0      
       memset_t2.obj              122    0         0      
       autoinit.obj               112    0         0      
       copy_decompress_rle.obj    112    0         0      
       exit.obj                   84     0         12     
       cpy_tbl.obj                76     0         0      
       boot.obj                   64     0         0      
       _lock.obj                  20     0         8      
       args_main.obj              24     0         0      
       copy_decompress_none.obj   14     0         0      
       pre_init.obj               4      0         0      
       stkdepth_vars.obj          0      0         4      
       mpu_init.obj               2      0         0      
       startup.obj                2      0         0      
    +--+--------------------------+------+---------+---------+
       Total:                     792    0         24     
                                                          
       Stack:                     0      0         256    
       Linker Generated:          0      77        0      
    +--+--------------------------+------+---------+---------+
       Grand Total:               3772   761       1395   


LINKER GENERATED COPY TABLES

__TI_cinit_table @ 00204f94 records: 3, size/record: 8, table size: 24
	.data: load addr=00204f58, load size=00000017 bytes, run addr=20000558, run size=0000001b bytes, compression=rle
	.bss: load addr=00204f70, load size=0000000b bytes, run addr=20000258, run size=00000200 bytes, compression=rle
	.vtable: load addr=00204f80, load size=0000000b bytes, run addr=20000000, run size=00000258 bytes, compression=rle


LINKER GENERATED HANDLER TABLE

__TI_handler_table @ 00204f8c records: 2, size/record: 4, table size: 8
	index: 0, handler: __TI_decompress_rle24
	index: 1, handler: __TI_decompress_none


GLOBAL SYMBOLS: SORTED ALPHABETICALLY BY Name 

address   name                           
-------   ----                           
00204ac9  C$$EXIT                        
00204e73  CPUcpsie                       
00204e7f  CallSystem                     
00204a13  GPIODirModeSet                 
00204455  GPIOPadConfigSet               
002044fd  GPIOPinConfigure               
00204d65  GPIOPinTypeUART                
00204e95  InitMasterInterrupt            
00204e55  InitSystem                     
00204851  InitUART0                      
002048c5  InitUART1                      
00204d1d  InitializeAllUart              
002043a9  IntEnable                      
00204e8b  IntMasterEnable                
00204a71  IntRegister                    
20000572  NeglectZeros                   
20000000  RamfuncsLoadEnd                
00000000  RamfuncsLoadSize               
20000000  RamfuncsLoadStart              
20000000  RamfuncsRunEnd                 
00000000  RamfuncsRunSize                
20000000  RamfuncsRunStart               
00200031  ResetISR                       
UNDEFED   SHT$$INIT_ARRAY$$Base          
UNDEFED   SHT$$INIT_ARRAY$$Limit         
0020463d  SysCtlClockConfigGet           
00204b1d  SysCtlClockConfigSet           
0020418d  SysCtlClockDividersSet         
002042d5  SysCtlClockGet                 
00204001  SysCtlClockPllConfig           
00204ea5  SysCtlDelay                    
00204bb5  SysCtlPeripheralEnable         
00204c81  SysCtlPeripheralIsEnabled      
002046d1  SysCtlXPllClockDividerSet      
20000258  UART0Buffer                    
20000570  UART0Count                     
00204cb9  UART0IntHandler                
20000358  UART1Buffer                    
20000571  UART1Count                     
00204bfd  UART1IntHandler                
00204df1  UARTCharGet                    
00204da5  UARTCharGetNonBlocking         
002047db  UARTConfigSetExpClk            
00204ced  UARTDisable                    
00204d41  UARTEnable                     
00204e1d  UARTIntClear                   
00204dc1  UARTIntEnable                  
00204d87  UARTIntStatus                  
00204e2f  WatchdogReloadSet              
00204e41  WatchdogRunning                
20000558  __STACK_END                    
00000100  __STACK_SIZE                   
00204f94  __TI_CINIT_Base                
00204fac  __TI_CINIT_Limit               
00204f8c  __TI_Handler_Table_Base        
00204f94  __TI_Handler_Table_Limit       
00204939  __TI_auto_init                 
20000558  __TI_cleanup_ptr               
00204e65  __TI_decompress_none           
00204eab  __TI_decompress_rle24          
2000055c  __TI_dtors_ptr                 
20000560  __TI_enable_exit_profile_output
ffffffff  __TI_pprof_out_hndl            
ffffffff  __TI_prof_data_size            
ffffffff  __TI_prof_data_start           
00204f58  __TI_static_base__             
00204761  __aeabi_memclr                 
00204761  __aeabi_memclr4                
00204761  __aeabi_memclr8                
002045a1  __aeabi_memcpy                 
002045a1  __aeabi_memcpy4                
002045a1  __aeabi_memcpy8                
00204763  __aeabi_memset                 
00204763  __aeabi_memset4                
00204763  __aeabi_memset8                
ffffffff  __binit__                      
ffffffff  __c_args__                     
00204e53  __mpu_init                     
20000458  __stack                        
00204dd9  _args_main                     
00204c41  _c_int00                       
20000564  _lock                          
00204e17  _nop                           
00204e0f  _register_lock                 
00204e09  _register_unlock               
00204eb5  _system_post_cinit             
00204eb1  _system_pre_init               
20000568  _unlock                        
00204acd  abort                          
ffffffff  binit                          
00204b69  copy_in                        
00204ad5  exit                           
20000000  g_pfnRAMVectors                
00201000  g_pfnVectors                   
00204e9d  main                           
2000056c  main_func_sp                   
002045a1  memcpy                         
00204769  memset                         
00200024  z1_csm_rsvd                    
00200000  z1secvalues                    
0027ff00  z2_csm_rsvd                    
0027ffdc  z2secvalues                    


GLOBAL SYMBOLS: SORTED BY Symbol Address 

address   name                           
-------   ----                           
00000000  RamfuncsLoadSize               
00000000  RamfuncsRunSize                
00000100  __STACK_SIZE                   
00200000  z1secvalues                    
00200024  z1_csm_rsvd                    
00200031  ResetISR                       
00201000  g_pfnVectors                   
00204001  SysCtlClockPllConfig           
0020418d  SysCtlClockDividersSet         
002042d5  SysCtlClockGet                 
002043a9  IntEnable                      
00204455  GPIOPadConfigSet               
002044fd  GPIOPinConfigure               
002045a1  __aeabi_memcpy                 
002045a1  __aeabi_memcpy4                
002045a1  __aeabi_memcpy8                
002045a1  memcpy                         
0020463d  SysCtlClockConfigGet           
002046d1  SysCtlXPllClockDividerSet      
00204761  __aeabi_memclr                 
00204761  __aeabi_memclr4                
00204761  __aeabi_memclr8                
00204763  __aeabi_memset                 
00204763  __aeabi_memset4                
00204763  __aeabi_memset8                
00204769  memset                         
002047db  UARTConfigSetExpClk            
00204851  InitUART0                      
002048c5  InitUART1                      
00204939  __TI_auto_init                 
00204a13  GPIODirModeSet                 
00204a71  IntRegister                    
00204ac9  C$$EXIT                        
00204acd  abort                          
00204ad5  exit                           
00204b1d  SysCtlClockConfigSet           
00204b69  copy_in                        
00204bb5  SysCtlPeripheralEnable         
00204bfd  UART1IntHandler                
00204c41  _c_int00                       
00204c81  SysCtlPeripheralIsEnabled      
00204cb9  UART0IntHandler                
00204ced  UARTDisable                    
00204d1d  InitializeAllUart              
00204d41  UARTEnable                     
00204d65  GPIOPinTypeUART                
00204d87  UARTIntStatus                  
00204da5  UARTCharGetNonBlocking         
00204dc1  UARTIntEnable                  
00204dd9  _args_main                     
00204df1  UARTCharGet                    
00204e09  _register_unlock               
00204e0f  _register_lock                 
00204e17  _nop                           
00204e1d  UARTIntClear                   
00204e2f  WatchdogReloadSet              
00204e41  WatchdogRunning                
00204e53  __mpu_init                     
00204e55  InitSystem                     
00204e65  __TI_decompress_none           
00204e73  CPUcpsie                       
00204e7f  CallSystem                     
00204e8b  IntMasterEnable                
00204e95  InitMasterInterrupt            
00204e9d  main                           
00204ea5  SysCtlDelay                    
00204eab  __TI_decompress_rle24          
00204eb1  _system_pre_init               
00204eb5  _system_post_cinit             
00204f58  __TI_static_base__             
00204f8c  __TI_Handler_Table_Base        
00204f94  __TI_CINIT_Base                
00204f94  __TI_Handler_Table_Limit       
00204fac  __TI_CINIT_Limit               
0027ff00  z2_csm_rsvd                    
0027ffdc  z2secvalues                    
20000000  RamfuncsLoadEnd                
20000000  RamfuncsLoadStart              
20000000  RamfuncsRunEnd                 
20000000  RamfuncsRunStart               
20000000  g_pfnRAMVectors                
20000258  UART0Buffer                    
20000358  UART1Buffer                    
20000458  __stack                        
20000558  __STACK_END                    
20000558  __TI_cleanup_ptr               
2000055c  __TI_dtors_ptr                 
20000560  __TI_enable_exit_profile_output
20000564  _lock                          
20000568  _unlock                        
2000056c  main_func_sp                   
20000570  UART0Count                     
20000571  UART1Count                     
20000572  NeglectZeros                   
ffffffff  __TI_pprof_out_hndl            
ffffffff  __TI_prof_data_size            
ffffffff  __TI_prof_data_start           
ffffffff  __binit__                      
ffffffff  __c_args__                     
ffffffff  binit                          
UNDEFED   SHT$$INIT_ARRAY$$Base          
UNDEFED   SHT$$INIT_ARRAY$$Limit         

[102 symbols]
