******************************************************************************
                  TI ARM Linker Unix v15.12.1                  
******************************************************************************
>> Linked Wed Aug 16 13:17:08 2017

OUTPUT FILE NAME:   <Modbus-Slave.out>
ENTRY POINT SYMBOL: "_c_int00"  address: 002053f5


MEMORY CONFIGURATION

         name            origin    length      used     unused   attr    fill
----------------------  --------  ---------  --------  --------  ----  --------
  CSM_ECSL_Z1           00200000   00000024  00000024  00000000  RWIX
  CSM_RSVD_Z1           00200024   0000000c  0000000c  00000000  RWIX
  RESETISR              00200030   00000008  00000006  00000002  R  X
  INTVECS               00201000   000001b0  000001b0  00000000  R  X
  FLASHLOAD             00201200   00002e00  00000000  00002e00  R  X
  FLASH                 00204000   0007bf00  0000205c  00079ea4  R  X
  CSM_RSVD_Z2           0027ff00   000000dc  0000000c  000000d0  RWIX
  CSM_ECSL_Z2           0027ffdc   00000024  00000024  00000000  RWIX
  C0                    20000000   00004000  00000418  00003be8  RW X
  BOOT_RSVD             20004000   00000900  00000000  00000900  R  X
  C2                    20004900   00001700  00000000  00001700  RW X
  C3                    20006000   00002000  00000000  00002000  RW X
  S0                    20008000   00002000  00000000  00002000  RW X
  S1                    2000a000   00002000  00000000  00002000  RW X
  S2                    2000c000   00002000  00000000  00002000  RW X
  S3                    2000e000   00002000  00000000  00002000  RW X
  S4                    20010000   00002000  00000000  00002000  RW X
  S5                    20012000   00002000  00000000  00002000  RW X
  S6                    20014000   00002000  00000000  00002000  RW X
  S7                    20016000   00002000  00000000  00002000  RW X
  CTOMRAM               2007f000   00000800  00000000  00000800  R  X
  MTOCRAM               2007f800   00000800  00000000  00000800  RW X


SEGMENT ALLOCATION MAP

run origin  load origin   length   init length attrs members
----------  ----------- ---------- ----------- ----- -------
00200000    00200000    00000036   00000036    r-x
  00200000    00200000    00000024   00000024    r-- .z1secvalues
  00200024    00200024    0000000c   0000000c    r-- .z1_csm_rsvd
  00200030    00200030    00000006   00000006    r-x .resetisr
00201000    00201000    000001b0   000001b0    r--
  00201000    00201000    000001b0   000001b0    r-- .intvecs
00204000    00204000    0000205c   0000205c    r-x
  00204000    00204000    00001754   00001754    r-x .text
  00205754    00205754    0000089c   0000089c    r-- .const
  00205ff0    00205ff0    0000006c   0000006c    r-- .cinit
0027ff00    0027ff00    0000000c   0000000c    r--
  0027ff00    0027ff00    0000000c   0000000c    r-- .z2_csm_rsvd
0027ffdc    0027ffdc    00000024   00000024    r--
  0027ffdc    0027ffdc    00000024   00000024    r-- .z2secvalues
20000000    20000000    00000418   00000000    rw-
  20000000    20000000    00000258   00000000    rw- .vtable
  20000258    20000258    00000100   00000000    rw- .stack
  20000358    20000358    0000007c   00000000    rw- .bss
  200003d4    200003d4    00000044   00000000    rw- .data


SECTION ALLOCATION MAP

 output                                  attributes/
section   page    origin      length       input sections
--------  ----  ----------  ----------   ----------------
.z1secvalues 
*          0    00200000    00000024     
                  00200000    00000024     dcsm_z1_secvalues.obj (.z1secvalues)

.z1_csm_rsvd 
*          0    00200024    0000000c     
                  00200024    0000000c     dcsm_z1_secvalues.obj (.z1_csm_rsvd)

.resetisr 
*          0    00200030    00000006     
                  00200030    00000006     startup_ccs.obj (.resetisr:ResetISR)

.intvecs   0    00201000    000001b0     
                  00201000    000001b0     startup_ccs.obj (.intvecs)

.text      0    00204000    00001754     
                  00204000    000001e4     ModeBus_Interface.obj (.text:FromReadHoldingReg)
                  002041e4    0000018c     sysctl.obj (.text:SysCtlClockPllConfig)
                  00204370    00000148     sysctl.obj (.text:SysCtlClockDividersSet)
                  002044b8    00000144     ModeBus_Interface.obj (.text:SendMDBResponse)
                  002045fc    0000010c     ModeBus_Interface.obj (.text:PollMdbResponse)
                  00204708    000000d4     sysctl.obj (.text:SysCtlClockGet)
                  002047dc    000000b4     ModeBus_Interface.obj (.text:CheckCRC)
                  00204890    000000ac     interrupt.obj (.text:IntEnable)
                  0020493c    000000a6     gpio.obj (.text:GPIOPadConfigSet)
                  002049e2    00000002     startup_ccs.obj (.text:FaultISR)
                  002049e4    000000a4     gpio.obj (.text:GPIOPinConfigure)
                  00204a88    0000009c     ModeBus_Interface.obj (.text:FromWriteSingleCoil)
                  00204b24    0000009c     rtsv7M3_T_le_eabi.lib : memcpy_t2.obj (.text)
                  00204bc0    00000094     sysctl.obj (.text:SysCtlClockConfigGet)
                  00204c54    00000090     sysctl.obj (.text:SysCtlXPllClockDividerSet)
                  00204ce4    0000008c     ModeBus_Interface.obj (.text:AppendCrc)
                  00204d70    00000084     ModeBus_Interface.obj (.text:FromReadCoil)
                  00204df4    00000082     uart.obj (.text:UARTConfigSetExpClk)
                  00204e76    0000007a     rtsv7M3_T_le_eabi.lib : memset_t2.obj (.text)
                  00204ef0    00000074     UART_Interface.obj (.text:InitUART0)
                  00204f64    00000074     UART_Interface.obj (.text:InitUART1)
                  00204fd8    00000070     rtsv7M3_T_le_eabi.lib : autoinit.obj (.text)
                  00205048    0000006a                           : copy_decompress_rle.obj (.text)
                  002050b2    00000002     startup_ccs.obj (.text:IntDefaultHandler)
                  002050b4    00000060     ModeBus_Interface.obj (.text:FromWriteSingleReg)
                  00205114    00000060     UART_Interrupt.obj (.text:UART1IntHandler)
                  00205174    0000005c     gpio.obj (.text:GPIODirModeSet)
                  002051d0    00000058     interrupt.obj (.text:IntRegister)
                  00205228    00000054     rtsv7M3_T_le_eabi.lib : exit.obj (.text)
                  0020527c    0000004c     ModeBus_Interface.obj (.text:ComputeMdbResponse)
                  002052c8    0000004c     A_Wellth_Main.obj (.text:ConvertFloatToHex)
                  00205314    0000004c     sysctl.obj (.text:SysCtlClockConfigSet)
                  00205360    0000004c     rtsv7M3_T_le_eabi.lib : cpy_tbl.obj (.text)
                  002053ac    00000048     sysctl.obj (.text:SysCtlPeripheralEnable)
                  002053f4    00000040     rtsv7M3_T_le_eabi.lib : boot.obj (.text)
                  00205434    0000003c     UART_Interface.obj (.text:WriteToUART1)
                  00205470    00000038     ModeBus_Interface.obj (.text:ClearUART1Buffer)
                  002054a8    00000038     A_Wellth_Main.obj (.text:InitializeAllUart)
                  002054e0    00000038     sysctl.obj (.text:SysCtlPeripheralIsEnabled)
                  00205518    00000034     UART_Interrupt.obj (.text:UART0IntHandler)
                  0020554c    00000030     uart.obj (.text:UARTDisable)
                  0020557c    00000026     uart.obj (.text:UARTCharPut)
                  002055a2    00000024     uart.obj (.text:UARTEnable)
                  002055c6    00000002     startup_ccs.obj (.text:NmiSR)
                  002055c8    00000024     A_Wellth_Main.obj (.text:main)
                  002055ec    00000022     gpio.obj (.text:GPIOPinTypeUART)
                  0020560e    0000001e     uart.obj (.text:UARTIntStatus)
                  0020562c    0000001c     UART_Interface.obj (.text:InitSystem)
                  00205648    00000018     uart.obj (.text:UARTIntEnable)
                  00205660    00000018     uart.obj (.text:UARTSpaceAvail)
                  00205678    00000018     rtsv7M3_T_le_eabi.lib : args_main.obj (.text)
                  00205690    00000016     uart.obj (.text:UARTCharGet)
                  002056a6    00000002     rtsv7M3_T_le_eabi.lib : mpu_init.obj (.text)
                  002056a8    00000014                           : _lock.obj (.text)
                  002056bc    00000012     uart.obj (.text:UARTIntClear)
                  002056ce    00000012     watchdog.obj (.text:WatchdogReloadSet)
                  002056e0    00000012     watchdog.obj (.text:WatchdogRunning)
                  002056f2    0000000e     rtsv7M3_T_le_eabi.lib : copy_decompress_none.obj (.text:decompress:none)
                  00205700    0000000c     cpu.obj (.text:CPUcpsie)
                  0020570c    0000000c     A_Wellth_Main.obj (.text:CallSystem)
                  00205718    0000000c     uart.obj (.text:change_fifo_len_by_1)
                  00205724    0000000c     uart.obj (.text:change_fifo_len_by_def)
                  00205730    0000000a     interrupt.obj (.text:IntMasterEnable)
                  0020573a    00000008     UART_Interface.obj (.text:InitMasterInterrupt)
                  00205742    00000002     rtsv7M3_T_le_eabi.lib : startup.obj (.text)
                  00205744    00000006     sysctl.obj (.text:SysCtlDelay)
                  0020574a    00000006     rtsv7M3_T_le_eabi.lib : copy_decompress_rle.obj (.text:decompress:rle24)
                  00205750    00000004                           : pre_init.obj (.text)

.const     0    00205754    0000089c     
                  00205754    00000400     ModeBus_Interface.obj (.const:CRCHigh)
                  00205b54    00000400     ModeBus_Interface.obj (.const:CRCLow)
                  00205f54    00000088     gpio.obj (.const:g_pulGPIOBaseAddrs)
                  00205fdc    00000014     sysctl.obj (.const:g_pulRCGCRegs)

.cinit     0    00205ff0    0000006c     
                  00205ff0    0000002c     (.cinit..data.load) [load image, compression = rle]
                  0020601c    00000004     --HOLE-- [fill = 0]
                  00206020    0000000b     (.cinit..vtable.load) [load image, compression = rle]
                  0020602b    00000005     --HOLE-- [fill = 0]
                  00206030    00000009     (.cinit..bss.load) [load image, compression = rle]
                  00206039    00000003     --HOLE-- [fill = 0]
                  0020603c    00000008     (__TI_handler_table)
                  00206044    00000018     (__TI_cinit_table)

.z2_csm_rsvd 
*          0    0027ff00    0000000c     
                  0027ff00    0000000c     dcsm_z2_secvalues.obj (.z2_csm_rsvd)

.z2secvalues 
*          0    0027ffdc    00000024     
                  0027ffdc    00000024     dcsm_z2_secvalues.obj (.z2secvalues)

.vtable    0    20000000    00000258     UNINITIALIZED
                  20000000    00000258     interrupt.obj (.vtable)

ramfuncs   0    20000000    00000000     UNINITIALIZED

.bss       0    20000358    0000007c     UNINITIALIZED
                  20000358    00000020     (.common:UART0Buffer)
                  20000378    00000020     (.common:UART1Buffer)
                  20000398    00000014     (.common:MdbReq)
                  200003ac    00000014     (.common:MdbResponse)
                  200003c0    0000000c     (.common:WriteHoldReg)
                  200003cc    00000004     (.common:Weight)
                  200003d0    00000004     (.common:WriteCoil)

.data      0    200003d4    00000044     UNINITIALIZED
                  200003d4    00000012     A_Wellth_Main.obj (.data)
                  200003e6    00000002     --HOLE--
                  200003e8    0000000e     ModeBus_Interface.obj (.data)
                  200003f6    00000002     --HOLE--
                  200003f8    0000000c     rtsv7M3_T_le_eabi.lib : exit.obj (.data:$O1$$)
                  20000404    00000008                           : _lock.obj (.data:$O1$$)
                  2000040c    00000008     UART_Interrupt.obj (.data)
                  20000414    00000004     rtsv7M3_T_le_eabi.lib : stkdepth_vars.obj (.data)

.stack     0    20000258    00000100     UNINITIALIZED
                  20000258    00000100     --HOLE--

GETBUFFER 
*          0    2007f000    00000000     DSECT

GETWRITEIDX 
*          0    2007f000    00000000     DSECT

PUTREADIDX 
*          0    2007f000    00000000     DSECT

MODULE SUMMARY

       Module                     code   ro data   rw data
       ------                     ----   -------   -------
    ./F28M35H52C_System/driverlib/
       sysctl.obj                 1438   20        0      
       interrupt.obj              270    0         600    
       gpio.obj                   456    136       0      
       uart.obj                   394    0         0      
       dcsm_z1_secvalues.obj      0      48        0      
       dcsm_z2_secvalues.obj      0      48        0      
       watchdog.obj               36     0         0      
       cpu.obj                    12     0         0      
    +--+--------------------------+------+---------+---------+
       Total:                     2606   252       600    
                                                          
    ./F28M35H52C_System/utils/
       startup_ccs.obj            12     432       0      
    +--+--------------------------+------+---------+---------+
       Total:                     12     432       0      
                                                          
    ./src/
       ModeBus_Interface.obj      1912   2048      70     
       UART_Interface.obj         328    0         0      
       UART_Interrupt.obj         148    0         72     
       A_Wellth_Main.obj          180    0         22     
    +--+--------------------------+------+---------+---------+
       Total:                     2568   2048      164    
                                                          
    /home/preetham/ti/ccsv6/tools/compiler/ti-cgt-arm_15.12.1.LTS/lib/rtsv7M3_T_le_eabi.lib
       memcpy_t2.obj              156    0         0      
       memset_t2.obj              122    0         0      
       autoinit.obj               112    0         0      
       copy_decompress_rle.obj    112    0         0      
       exit.obj                   84     0         12     
       cpy_tbl.obj                76     0         0      
       boot.obj                   64     0         0      
       _lock.obj                  20     0         8      
       args_main.obj              24     0         0      
       copy_decompress_none.obj   14     0         0      
       pre_init.obj               4      0         0      
       stkdepth_vars.obj          0      0         4      
       mpu_init.obj               2      0         0      
       startup.obj                2      0         0      
    +--+--------------------------+------+---------+---------+
       Total:                     792    0         24     
                                                          
       Stack:                     0      0         256    
       Linker Generated:          0      96        0      
    +--+--------------------------+------+---------+---------+
       Grand Total:               5978   2828      1044   


LINKER GENERATED COPY TABLES

__TI_cinit_table @ 00206044 records: 3, size/record: 8, table size: 24
	.data: load addr=00205ff0, load size=0000002c bytes, run addr=200003d4, run size=00000044 bytes, compression=rle
	.vtable: load addr=00206020, load size=0000000b bytes, run addr=20000000, run size=00000258 bytes, compression=rle
	.bss: load addr=00206030, load size=00000009 bytes, run addr=20000358, run size=0000007c bytes, compression=rle


LINKER GENERATED HANDLER TABLE

__TI_handler_table @ 0020603c records: 2, size/record: 4, table size: 8
	index: 0, handler: __TI_decompress_rle24
	index: 1, handler: __TI_decompress_none


GLOBAL SYMBOLS: SORTED ALPHABETICALLY BY Name 

address   name                           
-------   ----                           
00204ce5  AppendCrc                      
00205229  C$$EXIT                        
00205701  CPUcpsie                       
200003f3  CRCHi                          
00205754  CRCHigh                        
200003f4  CRCLo                          
00205b54  CRCLow                         
0020570d  CallSystem                     
200003e5  Chars                          
200003da  CheckBli                       
200003db  CheckBp                        
002047dd  CheckCRC                       
200003dc  CheckWeight                    
00205471  ClearUART1Buffer               
0020527d  ComputeMdbResponse             
002052c9  ConvertFloatToHex              
200003f2  CrcSize                        
00204d71  FromReadCoil                   
00204001  FromReadHoldingReg             
00204a89  FromWriteSingleCoil            
002050b5  FromWriteSingleReg             
00205175  GPIODirModeSet                 
0020493d  GPIOPadConfigSet               
002049e5  GPIOPinConfigure               
002055ed  GPIOPinTypeUART                
200003d7  HighBp                         
0020573b  InitMasterInterrupt            
0020562d  InitSystem                     
00204ef1  InitUART0                      
00204f65  InitUART1                      
002054a9  InitializeAllUart              
00204891  IntEnable                      
00205731  IntMasterEnable                
002051d1  IntRegister                    
200003d6  LowBp                          
20000398  MdbReq                         
200003f0  MdbRes                         
200003ac  MdbResponse                    
2000040e  NeglectZeros                   
200003e0  NewIMP                         
200003ec  NoOfBytes                      
200003e4  PointEn                        
002045fd  PollMdbResponse                
200003d8  PulseRate                      
20000000  RamfuncsLoadEnd                
00000000  RamfuncsLoadSize               
20000000  RamfuncsLoadStart              
20000000  RamfuncsRunEnd                 
00000000  RamfuncsRunSize                
20000000  RamfuncsRunStart               
200003d4  RegValue                       
00200031  ResetISR                       
UNDEFED   SHT$$INIT_ARRAY$$Base          
UNDEFED   SHT$$INIT_ARRAY$$Limit         
002044b9  SendMDBResponse                
00204bc1  SysCtlClockConfigGet           
00205315  SysCtlClockConfigSet           
00204371  SysCtlClockDividersSet         
00204709  SysCtlClockGet                 
002041e5  SysCtlClockPllConfig           
00205745  SysCtlDelay                    
002053ad  SysCtlPeripheralEnable         
002054e1  SysCtlPeripheralIsEnabled      
00204c55  SysCtlXPllClockDividerSet      
20000410  TX_cnt                         
200003d9  Test6En                        
200003f1  TestState                      
200003e8  TxDelay                        
20000358  UART0Buffer                    
2000040c  UART0Count                     
00205519  UART0IntHandler                
20000378  UART1Buffer                    
2000040d  UART1Count                     
00205115  UART1IntHandler                
00205691  UARTCharGet                    
0020557d  UARTCharPut                    
00204df5  UARTConfigSetExpClk            
0020554d  UARTDisable                    
002055a3  UARTEnable                     
002056bd  UARTIntClear                   
00205649  UARTIntEnable                  
0020560f  UARTIntStatus                  
00205661  UARTSpaceAvail                 
002056cf  WatchdogReloadSet              
002056e1  WatchdogRunning                
200003cc  Weight                         
200003f5  WeightData                     
200003d0  WriteCoil                      
200003c0  WriteHoldReg                   
00205435  WriteToUART1                   
20000358  __STACK_END                    
00000100  __STACK_SIZE                   
00206044  __TI_CINIT_Base                
0020605c  __TI_CINIT_Limit               
0020603c  __TI_Handler_Table_Base        
00206044  __TI_Handler_Table_Limit       
00204fd9  __TI_auto_init                 
200003f8  __TI_cleanup_ptr               
002056f3  __TI_decompress_none           
0020574b  __TI_decompress_rle24          
200003fc  __TI_dtors_ptr                 
20000400  __TI_enable_exit_profile_output
ffffffff  __TI_pprof_out_hndl            
ffffffff  __TI_prof_data_size            
ffffffff  __TI_prof_data_start           
00205ff0  __TI_static_base__             
00204e77  __aeabi_memclr                 
00204e77  __aeabi_memclr4                
00204e77  __aeabi_memclr8                
00204b25  __aeabi_memcpy                 
00204b25  __aeabi_memcpy4                
00204b25  __aeabi_memcpy8                
00204e79  __aeabi_memset                 
00204e79  __aeabi_memset4                
00204e79  __aeabi_memset8                
ffffffff  __binit__                      
ffffffff  __c_args__                     
002056a7  __mpu_init                     
20000258  __stack                        
00205679  _args_main                     
002053f5  _c_int00                       
20000404  _lock                          
002056b7  _nop                           
002056af  _register_lock                 
002056a9  _register_unlock               
00205743  _system_post_cinit             
00205751  _system_pre_init               
20000408  _unlock                        
0020522d  abort                          
ffffffff  binit                          
00205719  change_fifo_len_by_1           
00205725  change_fifo_len_by_def         
00205361  copy_in                        
00205235  exit                           
20000000  g_pfnRAMVectors                
00201000  g_pfnVectors                   
002055c9  main                           
20000414  main_func_sp                   
00204b25  memcpy                         
00204e7f  memset                         
00200024  z1_csm_rsvd                    
00200000  z1secvalues                    
0027ff00  z2_csm_rsvd                    
0027ffdc  z2secvalues                    


GLOBAL SYMBOLS: SORTED BY Symbol Address 

address   name                           
-------   ----                           
00000000  RamfuncsLoadSize               
00000000  RamfuncsRunSize                
00000100  __STACK_SIZE                   
00200000  z1secvalues                    
00200024  z1_csm_rsvd                    
00200031  ResetISR                       
00201000  g_pfnVectors                   
00204001  FromReadHoldingReg             
002041e5  SysCtlClockPllConfig           
00204371  SysCtlClockDividersSet         
002044b9  SendMDBResponse                
002045fd  PollMdbResponse                
00204709  SysCtlClockGet                 
002047dd  CheckCRC                       
00204891  IntEnable                      
0020493d  GPIOPadConfigSet               
002049e5  GPIOPinConfigure               
00204a89  FromWriteSingleCoil            
00204b25  __aeabi_memcpy                 
00204b25  __aeabi_memcpy4                
00204b25  __aeabi_memcpy8                
00204b25  memcpy                         
00204bc1  SysCtlClockConfigGet           
00204c55  SysCtlXPllClockDividerSet      
00204ce5  AppendCrc                      
00204d71  FromReadCoil                   
00204df5  UARTConfigSetExpClk            
00204e77  __aeabi_memclr                 
00204e77  __aeabi_memclr4                
00204e77  __aeabi_memclr8                
00204e79  __aeabi_memset                 
00204e79  __aeabi_memset4                
00204e79  __aeabi_memset8                
00204e7f  memset                         
00204ef1  InitUART0                      
00204f65  InitUART1                      
00204fd9  __TI_auto_init                 
002050b5  FromWriteSingleReg             
00205115  UART1IntHandler                
00205175  GPIODirModeSet                 
002051d1  IntRegister                    
00205229  C$$EXIT                        
0020522d  abort                          
00205235  exit                           
0020527d  ComputeMdbResponse             
002052c9  ConvertFloatToHex              
00205315  SysCtlClockConfigSet           
00205361  copy_in                        
002053ad  SysCtlPeripheralEnable         
002053f5  _c_int00                       
00205435  WriteToUART1                   
00205471  ClearUART1Buffer               
002054a9  InitializeAllUart              
002054e1  SysCtlPeripheralIsEnabled      
00205519  UART0IntHandler                
0020554d  UARTDisable                    
0020557d  UARTCharPut                    
002055a3  UARTEnable                     
002055c9  main                           
002055ed  GPIOPinTypeUART                
0020560f  UARTIntStatus                  
0020562d  InitSystem                     
00205649  UARTIntEnable                  
00205661  UARTSpaceAvail                 
00205679  _args_main                     
00205691  UARTCharGet                    
002056a7  __mpu_init                     
002056a9  _register_unlock               
002056af  _register_lock                 
002056b7  _nop                           
002056bd  UARTIntClear                   
002056cf  WatchdogReloadSet              
002056e1  WatchdogRunning                
002056f3  __TI_decompress_none           
00205701  CPUcpsie                       
0020570d  CallSystem                     
00205719  change_fifo_len_by_1           
00205725  change_fifo_len_by_def         
00205731  IntMasterEnable                
0020573b  InitMasterInterrupt            
00205743  _system_post_cinit             
00205745  SysCtlDelay                    
0020574b  __TI_decompress_rle24          
00205751  _system_pre_init               
00205754  CRCHigh                        
00205b54  CRCLow                         
00205ff0  __TI_static_base__             
0020603c  __TI_Handler_Table_Base        
00206044  __TI_CINIT_Base                
00206044  __TI_Handler_Table_Limit       
0020605c  __TI_CINIT_Limit               
0027ff00  z2_csm_rsvd                    
0027ffdc  z2secvalues                    
20000000  RamfuncsLoadEnd                
20000000  RamfuncsLoadStart              
20000000  RamfuncsRunEnd                 
20000000  RamfuncsRunStart               
20000000  g_pfnRAMVectors                
20000258  __stack                        
20000358  UART0Buffer                    
20000358  __STACK_END                    
20000378  UART1Buffer                    
20000398  MdbReq                         
200003ac  MdbResponse                    
200003c0  WriteHoldReg                   
200003cc  Weight                         
200003d0  WriteCoil                      
200003d4  RegValue                       
200003d6  LowBp                          
200003d7  HighBp                         
200003d8  PulseRate                      
200003d9  Test6En                        
200003da  CheckBli                       
200003db  CheckBp                        
200003dc  CheckWeight                    
200003e0  NewIMP                         
200003e4  PointEn                        
200003e5  Chars                          
200003e8  TxDelay                        
200003ec  NoOfBytes                      
200003f0  MdbRes                         
200003f1  TestState                      
200003f2  CrcSize                        
200003f3  CRCHi                          
200003f4  CRCLo                          
200003f5  WeightData                     
200003f8  __TI_cleanup_ptr               
200003fc  __TI_dtors_ptr                 
20000400  __TI_enable_exit_profile_output
20000404  _lock                          
20000408  _unlock                        
2000040c  UART0Count                     
2000040d  UART1Count                     
2000040e  NeglectZeros                   
20000410  TX_cnt                         
20000414  main_func_sp                   
ffffffff  __TI_pprof_out_hndl            
ffffffff  __TI_prof_data_size            
ffffffff  __TI_prof_data_start           
ffffffff  __binit__                      
ffffffff  __c_args__                     
ffffffff  binit                          
UNDEFED   SHT$$INIT_ARRAY$$Base          
UNDEFED   SHT$$INIT_ARRAY$$Limit         

[144 symbols]
