******************************************************************************
                  TI ARM Linker Unix v15.12.1                  
******************************************************************************
>> Linked Mon Aug 21 09:42:39 2017

OUTPUT FILE NAME:   <Modbus-Slave.out>
ENTRY POINT SYMBOL: "_c_int00"  address: 002053f9


MEMORY CONFIGURATION

         name            origin    length      used     unused   attr    fill
----------------------  --------  ---------  --------  --------  ----  --------
  CSM_ECSL_Z1           00200000   00000024  00000024  00000000  RWIX
  CSM_RSVD_Z1           00200024   0000000c  0000000c  00000000  RWIX
  RESETISR              00200030   00000008  00000006  00000002  R  X
  INTVECS               00201000   000001b0  000001b0  00000000  R  X
  FLASHLOAD             00201200   00002e00  00000000  00002e00  R  X
  FLASH                 00204000   0007bf00  00002060  00079ea0  R  X
  CSM_RSVD_Z2           0027ff00   000000dc  0000000c  000000d0  RWIX
  CSM_ECSL_Z2           0027ffdc   00000024  00000024  00000000  RWIX
  C0                    20000000   00004000  00000418  00003be8  RW X
  BOOT_RSVD             20004000   00000900  00000000  00000900  R  X
  C2                    20004900   00001700  00000000  00001700  RW X
  C3                    20006000   00002000  00000000  00002000  RW X
  S0                    20008000   00002000  00000000  00002000  RW X
  S1                    2000a000   00002000  00000000  00002000  RW X
  S2                    2000c000   00002000  00000000  00002000  RW X
  S3                    2000e000   00002000  00000000  00002000  RW X
  S4                    20010000   00002000  00000000  00002000  RW X
  S5                    20012000   00002000  00000000  00002000  RW X
  S6                    20014000   00002000  00000000  00002000  RW X
  S7                    20016000   00002000  00000000  00002000  RW X
  CTOMRAM               2007f000   00000800  00000000  00000800  R  X
  MTOCRAM               2007f800   00000800  00000000  00000800  RW X


SEGMENT ALLOCATION MAP

run origin  load origin   length   init length attrs members
----------  ----------- ---------- ----------- ----- -------
00200000    00200000    00000036   00000036    r-x
  00200000    00200000    00000024   00000024    r-- .z1secvalues
  00200024    00200024    0000000c   0000000c    r-- .z1_csm_rsvd
  00200030    00200030    00000006   00000006    r-x .resetisr
00201000    00201000    000001b0   000001b0    r--
  00201000    00201000    000001b0   000001b0    r-- .intvecs
00204000    00204000    00002064   00002064    r-x
  00204000    00204000    00001758   00001758    r-x .text
  00205758    00205758    0000089c   0000089c    r-- .const
  00205ff8    00205ff8    0000006c   0000006c    r-- .cinit
0027ff00    0027ff00    0000000c   0000000c    r--
  0027ff00    0027ff00    0000000c   0000000c    r-- .z2_csm_rsvd
0027ffdc    0027ffdc    00000024   00000024    r--
  0027ffdc    0027ffdc    00000024   00000024    r-- .z2secvalues
20000000    20000000    00000418   00000000    rw-
  20000000    20000000    00000258   00000000    rw- .vtable
  20000258    20000258    00000100   00000000    rw- .stack
  20000358    20000358    0000007c   00000000    rw- .bss
  200003d4    200003d4    00000044   00000000    rw- .data


SECTION ALLOCATION MAP

 output                                  attributes/
section   page    origin      length       input sections
--------  ----  ----------  ----------   ----------------
.z1secvalues 
*          0    00200000    00000024     
                  00200000    00000024     dcsm_z1_secvalues.obj (.z1secvalues)

.z1_csm_rsvd 
*          0    00200024    0000000c     
                  00200024    0000000c     dcsm_z1_secvalues.obj (.z1_csm_rsvd)

.resetisr 
*          0    00200030    00000006     
                  00200030    00000006     startup_ccs.obj (.resetisr:ResetISR)

.intvecs   0    00201000    000001b0     
                  00201000    000001b0     startup_ccs.obj (.intvecs)

.text      0    00204000    00001758     
                  00204000    000001e4     ModeBus_Interface.obj (.text:FromReadHoldingReg)
                  002041e4    0000018c     sysctl.obj (.text:SysCtlClockPllConfig)
                  00204370    00000148     ModeBus_Interface.obj (.text:SendMDBResponse)
                  002044b8    00000148     sysctl.obj (.text:SysCtlClockDividersSet)
                  00204600    0000010c     ModeBus_Interface.obj (.text:PollMdbResponse)
                  0020470c    000000d4     sysctl.obj (.text:SysCtlClockGet)
                  002047e0    000000b4     ModeBus_Interface.obj (.text:CheckCRC)
                  00204894    000000ac     interrupt.obj (.text:IntEnable)
                  00204940    000000a6     gpio.obj (.text:GPIOPadConfigSet)
                  002049e6    00000002     startup_ccs.obj (.text:FaultISR)
                  002049e8    000000a4     gpio.obj (.text:GPIOPinConfigure)
                  00204a8c    0000009c     ModeBus_Interface.obj (.text:FromWriteSingleCoil)
                  00204b28    0000009c     rtsv7M3_T_le_eabi.lib : memcpy_t2.obj (.text)
                  00204bc4    00000094     sysctl.obj (.text:SysCtlClockConfigGet)
                  00204c58    00000090     sysctl.obj (.text:SysCtlXPllClockDividerSet)
                  00204ce8    0000008c     ModeBus_Interface.obj (.text:AppendCrc)
                  00204d74    00000084     ModeBus_Interface.obj (.text:FromReadCoil)
                  00204df8    00000082     uart.obj (.text:UARTConfigSetExpClk)
                  00204e7a    0000007a     rtsv7M3_T_le_eabi.lib : memset_t2.obj (.text)
                  00204ef4    00000074     UART_Interface.obj (.text:InitUART0)
                  00204f68    00000074     UART_Interface.obj (.text:InitUART1)
                  00204fdc    00000070     rtsv7M3_T_le_eabi.lib : autoinit.obj (.text)
                  0020504c    0000006a                           : copy_decompress_rle.obj (.text)
                  002050b6    00000002     startup_ccs.obj (.text:IntDefaultHandler)
                  002050b8    00000060     ModeBus_Interface.obj (.text:FromWriteSingleReg)
                  00205118    00000060     UART_Interrupt.obj (.text:UART1IntHandler)
                  00205178    0000005c     gpio.obj (.text:GPIODirModeSet)
                  002051d4    00000058     interrupt.obj (.text:IntRegister)
                  0020522c    00000054     rtsv7M3_T_le_eabi.lib : exit.obj (.text)
                  00205280    0000004c     ModeBus_Interface.obj (.text:ComputeMdbResponse)
                  002052cc    0000004c     Main.obj (.text:ConvertFloatToHex)
                  00205318    0000004c     sysctl.obj (.text:SysCtlClockConfigSet)
                  00205364    0000004c     rtsv7M3_T_le_eabi.lib : cpy_tbl.obj (.text)
                  002053b0    00000048     sysctl.obj (.text:SysCtlPeripheralEnable)
                  002053f8    00000040     rtsv7M3_T_le_eabi.lib : boot.obj (.text)
                  00205438    0000003c     UART_Interface.obj (.text:WriteToUART1)
                  00205474    00000038     ModeBus_Interface.obj (.text:ClearUART1Buffer)
                  002054ac    00000038     Main.obj (.text:InitializeAllUart)
                  002054e4    00000038     sysctl.obj (.text:SysCtlPeripheralIsEnabled)
                  0020551c    00000034     UART_Interrupt.obj (.text:UART0IntHandler)
                  00205550    00000030     uart.obj (.text:UARTDisable)
                  00205580    00000026     uart.obj (.text:UARTCharPut)
                  002055a6    00000024     uart.obj (.text:UARTEnable)
                  002055ca    00000002     startup_ccs.obj (.text:NmiSR)
                  002055cc    00000024     Main.obj (.text:main)
                  002055f0    00000022     gpio.obj (.text:GPIOPinTypeUART)
                  00205612    0000001e     uart.obj (.text:UARTIntStatus)
                  00205630    0000001c     UART_Interface.obj (.text:InitSystem)
                  0020564c    00000018     uart.obj (.text:UARTIntEnable)
                  00205664    00000018     uart.obj (.text:UARTSpaceAvail)
                  0020567c    00000018     rtsv7M3_T_le_eabi.lib : args_main.obj (.text)
                  00205694    00000016     uart.obj (.text:UARTCharGet)
                  002056aa    00000002     rtsv7M3_T_le_eabi.lib : mpu_init.obj (.text)
                  002056ac    00000014                           : _lock.obj (.text)
                  002056c0    00000012     uart.obj (.text:UARTIntClear)
                  002056d2    00000012     watchdog.obj (.text:WatchdogReloadSet)
                  002056e4    00000012     watchdog.obj (.text:WatchdogRunning)
                  002056f6    0000000e     rtsv7M3_T_le_eabi.lib : copy_decompress_none.obj (.text:decompress:none)
                  00205704    0000000c     cpu.obj (.text:CPUcpsie)
                  00205710    0000000c     Main.obj (.text:CallSystem)
                  0020571c    0000000c     uart.obj (.text:change_fifo_len_by_1)
                  00205728    0000000c     uart.obj (.text:change_fifo_len_by_def)
                  00205734    0000000a     interrupt.obj (.text:IntMasterEnable)
                  0020573e    00000008     UART_Interface.obj (.text:InitMasterInterrupt)
                  00205746    00000002     rtsv7M3_T_le_eabi.lib : startup.obj (.text)
                  00205748    00000006     sysctl.obj (.text:SysCtlDelay)
                  0020574e    00000006     rtsv7M3_T_le_eabi.lib : copy_decompress_rle.obj (.text:decompress:rle24)
                  00205754    00000004                           : pre_init.obj (.text)

.const     0    00205758    0000089c     
                  00205758    00000400     ModeBus_Interface.obj (.const:CRCHigh)
                  00205b58    00000400     ModeBus_Interface.obj (.const:CRCLow)
                  00205f58    00000088     gpio.obj (.const:g_pulGPIOBaseAddrs)
                  00205fe0    00000014     sysctl.obj (.const:g_pulRCGCRegs)

.cinit     0    00205ff8    0000006c     
                  00205ff8    0000002c     (.cinit..data.load) [load image, compression = rle]
                  00206024    00000004     --HOLE-- [fill = 0]
                  00206028    0000000b     (.cinit..vtable.load) [load image, compression = rle]
                  00206033    00000005     --HOLE-- [fill = 0]
                  00206038    00000009     (.cinit..bss.load) [load image, compression = rle]
                  00206041    00000003     --HOLE-- [fill = 0]
                  00206044    00000008     (__TI_handler_table)
                  0020604c    00000018     (__TI_cinit_table)

.z2_csm_rsvd 
*          0    0027ff00    0000000c     
                  0027ff00    0000000c     dcsm_z2_secvalues.obj (.z2_csm_rsvd)

.z2secvalues 
*          0    0027ffdc    00000024     
                  0027ffdc    00000024     dcsm_z2_secvalues.obj (.z2secvalues)

.vtable    0    20000000    00000258     UNINITIALIZED
                  20000000    00000258     interrupt.obj (.vtable)

ramfuncs   0    20000000    00000000     UNINITIALIZED

.bss       0    20000358    0000007c     UNINITIALIZED
                  20000358    00000020     (.common:UART0Buffer)
                  20000378    00000020     (.common:UART1Buffer)
                  20000398    00000014     (.common:MdbReq)
                  200003ac    00000014     (.common:MdbResponse)
                  200003c0    0000000c     (.common:WriteHoldReg)
                  200003cc    00000004     (.common:Weight)
                  200003d0    00000004     (.common:WriteCoil)

.data      0    200003d4    00000044     UNINITIALIZED
                  200003d4    00000012     Main.obj (.data)
                  200003e6    00000002     --HOLE--
                  200003e8    0000000e     ModeBus_Interface.obj (.data)
                  200003f6    00000002     --HOLE--
                  200003f8    0000000c     rtsv7M3_T_le_eabi.lib : exit.obj (.data:$O1$$)
                  20000404    00000008                           : _lock.obj (.data:$O1$$)
                  2000040c    00000008     UART_Interrupt.obj (.data)
                  20000414    00000004     rtsv7M3_T_le_eabi.lib : stkdepth_vars.obj (.data)

.stack     0    20000258    00000100     UNINITIALIZED
                  20000258    00000100     --HOLE--

GETBUFFER 
*          0    2007f000    00000000     DSECT

GETWRITEIDX 
*          0    2007f000    00000000     DSECT

PUTREADIDX 
*          0    2007f000    00000000     DSECT

MODULE SUMMARY

       Module                     code   ro data   rw data
       ------                     ----   -------   -------
    ./F28M35H52C_System/driverlib/
       sysctl.obj                 1438   20        0      
       interrupt.obj              270    0         600    
       gpio.obj                   456    136       0      
       uart.obj                   394    0         0      
       dcsm_z1_secvalues.obj      0      48        0      
       dcsm_z2_secvalues.obj      0      48        0      
       watchdog.obj               36     0         0      
       cpu.obj                    12     0         0      
    +--+--------------------------+------+---------+---------+
       Total:                     2606   252       600    
                                                          
    ./F28M35H52C_System/utils/
       startup_ccs.obj            12     432       0      
    +--+--------------------------+------+---------+---------+
       Total:                     12     432       0      
                                                          
    ./src/
       ModeBus_Interface.obj      1916   2048      70     
       UART_Interface.obj         328    0         0      
       UART_Interrupt.obj         148    0         72     
       Main.obj                   180    0         22     
    +--+--------------------------+------+---------+---------+
       Total:                     2572   2048      164    
                                                          
    /home/preetham/ti/ccsv6/tools/compiler/ti-cgt-arm_15.12.1.LTS/lib/rtsv7M3_T_le_eabi.lib
       memcpy_t2.obj              156    0         0      
       memset_t2.obj              122    0         0      
       autoinit.obj               112    0         0      
       copy_decompress_rle.obj    112    0         0      
       exit.obj                   84     0         12     
       cpy_tbl.obj                76     0         0      
       boot.obj                   64     0         0      
       _lock.obj                  20     0         8      
       args_main.obj              24     0         0      
       copy_decompress_none.obj   14     0         0      
       pre_init.obj               4      0         0      
       stkdepth_vars.obj          0      0         4      
       mpu_init.obj               2      0         0      
       startup.obj                2      0         0      
    +--+--------------------------+------+---------+---------+
       Total:                     792    0         24     
                                                          
       Stack:                     0      0         256    
       Linker Generated:          0      96        0      
    +--+--------------------------+------+---------+---------+
       Grand Total:               5982   2828      1044   


LINKER GENERATED COPY TABLES

__TI_cinit_table @ 0020604c records: 3, size/record: 8, table size: 24
	.data: load addr=00205ff8, load size=0000002c bytes, run addr=200003d4, run size=00000044 bytes, compression=rle
	.vtable: load addr=00206028, load size=0000000b bytes, run addr=20000000, run size=00000258 bytes, compression=rle
	.bss: load addr=00206038, load size=00000009 bytes, run addr=20000358, run size=0000007c bytes, compression=rle


LINKER GENERATED HANDLER TABLE

__TI_handler_table @ 00206044 records: 2, size/record: 4, table size: 8
	index: 0, handler: __TI_decompress_rle24
	index: 1, handler: __TI_decompress_none


GLOBAL SYMBOLS: SORTED ALPHABETICALLY BY Name 

address   name                           
-------   ----                           
00204ce9  AppendCrc                      
0020522d  C$$EXIT                        
00205705  CPUcpsie                       
200003f3  CRCHi                          
00205758  CRCHigh                        
200003f4  CRCLo                          
00205b58  CRCLow                         
00205711  CallSystem                     
200003e5  Chars                          
200003da  CheckBli                       
200003db  CheckBp                        
002047e1  CheckCRC                       
200003dc  CheckWeight                    
00205475  ClearUART1Buffer               
00205281  ComputeMdbResponse             
002052cd  ConvertFloatToHex              
200003f2  CrcSize                        
00204d75  FromReadCoil                   
00204001  FromReadHoldingReg             
00204a8d  FromWriteSingleCoil            
002050b9  FromWriteSingleReg             
00205179  GPIODirModeSet                 
00204941  GPIOPadConfigSet               
002049e9  GPIOPinConfigure               
002055f1  GPIOPinTypeUART                
200003d7  HighBp                         
0020573f  InitMasterInterrupt            
00205631  InitSystem                     
00204ef5  InitUART0                      
00204f69  InitUART1                      
002054ad  InitializeAllUart              
00204895  IntEnable                      
00205735  IntMasterEnable                
002051d5  IntRegister                    
200003d6  LowBp                          
20000398  MdbReq                         
200003f0  MdbRes                         
200003ac  MdbResponse                    
2000040e  NeglectZeros                   
200003e0  NewIMP                         
200003ec  NoOfBytes                      
200003e4  PointEn                        
00204601  PollMdbResponse                
200003d8  PulseRate                      
20000000  RamfuncsLoadEnd                
00000000  RamfuncsLoadSize               
20000000  RamfuncsLoadStart              
20000000  RamfuncsRunEnd                 
00000000  RamfuncsRunSize                
20000000  RamfuncsRunStart               
200003d4  RegValue                       
00200031  ResetISR                       
UNDEFED   SHT$$INIT_ARRAY$$Base          
UNDEFED   SHT$$INIT_ARRAY$$Limit         
00204371  SendMDBResponse                
00204bc5  SysCtlClockConfigGet           
00205319  SysCtlClockConfigSet           
002044b9  SysCtlClockDividersSet         
0020470d  SysCtlClockGet                 
002041e5  SysCtlClockPllConfig           
00205749  SysCtlDelay                    
002053b1  SysCtlPeripheralEnable         
002054e5  SysCtlPeripheralIsEnabled      
00204c59  SysCtlXPllClockDividerSet      
20000410  TX_cnt                         
200003d9  Test6En                        
200003f1  TestState                      
200003e8  TxDelay                        
20000358  UART0Buffer                    
2000040c  UART0Count                     
0020551d  UART0IntHandler                
20000378  UART1Buffer                    
2000040d  UART1Count                     
00205119  UART1IntHandler                
00205695  UARTCharGet                    
00205581  UARTCharPut                    
00204df9  UARTConfigSetExpClk            
00205551  UARTDisable                    
002055a7  UARTEnable                     
002056c1  UARTIntClear                   
0020564d  UARTIntEnable                  
00205613  UARTIntStatus                  
00205665  UARTSpaceAvail                 
002056d3  WatchdogReloadSet              
002056e5  WatchdogRunning                
200003cc  Weight                         
200003f5  WeightData                     
200003d0  WriteCoil                      
200003c0  WriteHoldReg                   
00205439  WriteToUART1                   
20000358  __STACK_END                    
00000100  __STACK_SIZE                   
0020604c  __TI_CINIT_Base                
00206064  __TI_CINIT_Limit               
00206044  __TI_Handler_Table_Base        
0020604c  __TI_Handler_Table_Limit       
00204fdd  __TI_auto_init                 
200003f8  __TI_cleanup_ptr               
002056f7  __TI_decompress_none           
0020574f  __TI_decompress_rle24          
200003fc  __TI_dtors_ptr                 
20000400  __TI_enable_exit_profile_output
ffffffff  __TI_pprof_out_hndl            
ffffffff  __TI_prof_data_size            
ffffffff  __TI_prof_data_start           
00205ff8  __TI_static_base__             
00204e7b  __aeabi_memclr                 
00204e7b  __aeabi_memclr4                
00204e7b  __aeabi_memclr8                
00204b29  __aeabi_memcpy                 
00204b29  __aeabi_memcpy4                
00204b29  __aeabi_memcpy8                
00204e7d  __aeabi_memset                 
00204e7d  __aeabi_memset4                
00204e7d  __aeabi_memset8                
ffffffff  __binit__                      
ffffffff  __c_args__                     
002056ab  __mpu_init                     
20000258  __stack                        
0020567d  _args_main                     
002053f9  _c_int00                       
20000404  _lock                          
002056bb  _nop                           
002056b3  _register_lock                 
002056ad  _register_unlock               
00205747  _system_post_cinit             
00205755  _system_pre_init               
20000408  _unlock                        
00205231  abort                          
ffffffff  binit                          
0020571d  change_fifo_len_by_1           
00205729  change_fifo_len_by_def         
00205365  copy_in                        
00205239  exit                           
20000000  g_pfnRAMVectors                
00201000  g_pfnVectors                   
002055cd  main                           
20000414  main_func_sp                   
00204b29  memcpy                         
00204e83  memset                         
00200024  z1_csm_rsvd                    
00200000  z1secvalues                    
0027ff00  z2_csm_rsvd                    
0027ffdc  z2secvalues                    


GLOBAL SYMBOLS: SORTED BY Symbol Address 

address   name                           
-------   ----                           
00000000  RamfuncsLoadSize               
00000000  RamfuncsRunSize                
00000100  __STACK_SIZE                   
00200000  z1secvalues                    
00200024  z1_csm_rsvd                    
00200031  ResetISR                       
00201000  g_pfnVectors                   
00204001  FromReadHoldingReg             
002041e5  SysCtlClockPllConfig           
00204371  SendMDBResponse                
002044b9  SysCtlClockDividersSet         
00204601  PollMdbResponse                
0020470d  SysCtlClockGet                 
002047e1  CheckCRC                       
00204895  IntEnable                      
00204941  GPIOPadConfigSet               
002049e9  GPIOPinConfigure               
00204a8d  FromWriteSingleCoil            
00204b29  __aeabi_memcpy                 
00204b29  __aeabi_memcpy4                
00204b29  __aeabi_memcpy8                
00204b29  memcpy                         
00204bc5  SysCtlClockConfigGet           
00204c59  SysCtlXPllClockDividerSet      
00204ce9  AppendCrc                      
00204d75  FromReadCoil                   
00204df9  UARTConfigSetExpClk            
00204e7b  __aeabi_memclr                 
00204e7b  __aeabi_memclr4                
00204e7b  __aeabi_memclr8                
00204e7d  __aeabi_memset                 
00204e7d  __aeabi_memset4                
00204e7d  __aeabi_memset8                
00204e83  memset                         
00204ef5  InitUART0                      
00204f69  InitUART1                      
00204fdd  __TI_auto_init                 
002050b9  FromWriteSingleReg             
00205119  UART1IntHandler                
00205179  GPIODirModeSet                 
002051d5  IntRegister                    
0020522d  C$$EXIT                        
00205231  abort                          
00205239  exit                           
00205281  ComputeMdbResponse             
002052cd  ConvertFloatToHex              
00205319  SysCtlClockConfigSet           
00205365  copy_in                        
002053b1  SysCtlPeripheralEnable         
002053f9  _c_int00                       
00205439  WriteToUART1                   
00205475  ClearUART1Buffer               
002054ad  InitializeAllUart              
002054e5  SysCtlPeripheralIsEnabled      
0020551d  UART0IntHandler                
00205551  UARTDisable                    
00205581  UARTCharPut                    
002055a7  UARTEnable                     
002055cd  main                           
002055f1  GPIOPinTypeUART                
00205613  UARTIntStatus                  
00205631  InitSystem                     
0020564d  UARTIntEnable                  
00205665  UARTSpaceAvail                 
0020567d  _args_main                     
00205695  UARTCharGet                    
002056ab  __mpu_init                     
002056ad  _register_unlock               
002056b3  _register_lock                 
002056bb  _nop                           
002056c1  UARTIntClear                   
002056d3  WatchdogReloadSet              
002056e5  WatchdogRunning                
002056f7  __TI_decompress_none           
00205705  CPUcpsie                       
00205711  CallSystem                     
0020571d  change_fifo_len_by_1           
00205729  change_fifo_len_by_def         
00205735  IntMasterEnable                
0020573f  InitMasterInterrupt            
00205747  _system_post_cinit             
00205749  SysCtlDelay                    
0020574f  __TI_decompress_rle24          
00205755  _system_pre_init               
00205758  CRCHigh                        
00205b58  CRCLow                         
00205ff8  __TI_static_base__             
00206044  __TI_Handler_Table_Base        
0020604c  __TI_CINIT_Base                
0020604c  __TI_Handler_Table_Limit       
00206064  __TI_CINIT_Limit               
0027ff00  z2_csm_rsvd                    
0027ffdc  z2secvalues                    
20000000  RamfuncsLoadEnd                
20000000  RamfuncsLoadStart              
20000000  RamfuncsRunEnd                 
20000000  RamfuncsRunStart               
20000000  g_pfnRAMVectors                
20000258  __stack                        
20000358  UART0Buffer                    
20000358  __STACK_END                    
20000378  UART1Buffer                    
20000398  MdbReq                         
200003ac  MdbResponse                    
200003c0  WriteHoldReg                   
200003cc  Weight                         
200003d0  WriteCoil                      
200003d4  RegValue                       
200003d6  LowBp                          
200003d7  HighBp                         
200003d8  PulseRate                      
200003d9  Test6En                        
200003da  CheckBli                       
200003db  CheckBp                        
200003dc  CheckWeight                    
200003e0  NewIMP                         
200003e4  PointEn                        
200003e5  Chars                          
200003e8  TxDelay                        
200003ec  NoOfBytes                      
200003f0  MdbRes                         
200003f1  TestState                      
200003f2  CrcSize                        
200003f3  CRCHi                          
200003f4  CRCLo                          
200003f5  WeightData                     
200003f8  __TI_cleanup_ptr               
200003fc  __TI_dtors_ptr                 
20000400  __TI_enable_exit_profile_output
20000404  _lock                          
20000408  _unlock                        
2000040c  UART0Count                     
2000040d  UART1Count                     
2000040e  NeglectZeros                   
20000410  TX_cnt                         
20000414  main_func_sp                   
ffffffff  __TI_pprof_out_hndl            
ffffffff  __TI_prof_data_size            
ffffffff  __TI_prof_data_start           
ffffffff  __binit__                      
ffffffff  __c_args__                     
ffffffff  binit                          
UNDEFED   SHT$$INIT_ARRAY$$Base          
UNDEFED   SHT$$INIT_ARRAY$$Limit         

[144 symbols]
